
 Primary working directories    : /home/molpro/scratch
 Secondary working directories  : /home/molpro/scratch
 Wavefunction directory         : /home/molpro/wfu/
 Main file repository           : /home/molpro/scratch/

 SHA1      : 8d3a41adb92b80e39ab26644dc94a939cd644703
 NAME      : 2015.1.16
 ARCHNAME  : linux/x86_64
 FC        : /opt/intel/composer_xe_2015.1.133/bin/intel64/ifort
 BLASLIB   : -Wl,-_start-group /opt/intel/mkl/lib/intel64/libmkl_intel_ilp64.a /opt/intel/mkl/lib/intel64/libmkl_intel_thread.a /opt/intel/mkl/lib/intel64/libmkl_core.a -Wl,-_end-group
 id        : gskim

 Nodes     nprocs
 node0        1

 Using customized tuning parameters: mindgm=1; mindgv=20; mindgc=4; mindgr=1; noblas=0; minvec=7
 default implementation of scratch files=df  

 ***,EAM Lz Calculations for a1Deltag
 file,2,a1deltag-lz-new.wfu
 memory,2500,M
 gexpec,qm,Lx,Ly,Lz
 geometry={angstrom;
 O
 O,O,r(i)}
 basis=av5z
 r=[1.41]
 do i=1,#r
 int;
 
 Text, EAM Lz Calculations for a1Deltag  using av5z
 
 {multi;occ,3,2,2,0,3,2,2,0;closed,2,0,0,0,0,0,0,0;start,2140.2;orbital,2140.2;natorb,,ci;wf,16,1,0;state,2;wf,16,4,0;state,2;maxiter,40;}
 {ci;occ,3,2,2,0,3,2,2,0;core,2,0,0,0,0,0,0,0;wf,16,1,0;state,1;orbital,2140.2;maxiter,250;option,maxiti=250;option,nstati=2;save,8200.2;}
 {ci;occ,3,2,2,0,3,2,2,0;core,2,0,0,0,0,0,0,0;wf,16,4,0;state,1;orbital,2140.2;maxiter,250;option,maxiti=250;option,nstati=2;save,7200.2;}
 
 {ci;trans,7200.2,8200.2;}
 
 enddo
 

 Variables initialized (889), CPU time= 0.00 sec
 Commands  initialized (702), CPU time= 0.01 sec, 572 directives.
 Default parameters read. Elapsed time= 0.05 sec

 Checking input...
 Passed
1


                                         ***  PROGRAM SYSTEM MOLPRO  ***
                                       Copyright, TTI GmbH Stuttgart, 2015
                                    Version 2015.1 linked Feb  1 2017 15:13:54


 **********************************************************************************************************************************
 LABEL *   EAM Lz Calculations for a1Deltag                                              
  64 bit serial version                                                                  DATE: 21-Aug-21          TIME: 16:22:18  
 **********************************************************************************************************************************

 SHA1:             8d3a41adb92b80e39ab26644dc94a939cd644703
 **********************************************************************************************************************************

 Variable memory set to    8000000 words,  buffer space   230000 words



 Permanent file  2  a1deltag-lz-new.wfu              assigned.  Implementation=df    Size=  6.72 MB
 

 PROGRAM * RESTART 


 Reading variables from file 2

 _NUMVAR         =    908.00000000
 _DKROLL_DONE    =      0.00000000
 _FOCKDONE       =      0.00000000
 _INTDONE        =      1.00000000
 _SCFDONE        =      1.00000000
 _DIRECT         =      0.00000000
 _DKHO           =     -1.00000000
 _BASIS          =    AV5Z
 _NELEC          =     16.00000000
 _PROGRAM        =    CI
 _CPUSTEP        =   2437.71000000
 _SYSSTEP        =     25.33000000
 _WALLSTEP       =   2463.90000000
 _BASINP         =    610.00000000
 _CPUTOT         =   2493.92000000
 _DFTEXFAC       =      1.00000000
 _DMX(2)         =      0.00000000
 _DMY(2)         =      0.00000000
 _DMZ(2)         =      0.00000000
 _DMX_SCF        =      0.00000000
 _DMY_SCF        =      0.00000000
 _DMZ_SCF        =      0.00000000
 _EHOMO          =     -0.53610000
 _ELUMO          =     -0.05126813
 _EIGS(1:254)    =    -20.77019452    -1.51270977    -0.68304563     0.10336438     0.14815114     0.36611799
                        0.42408260     0.54857054     0.80435166     1.03434204     1.19524935     1.21243233
                        1.44586543     2.14978731     2.46567428     2.66441004     2.79709381     2.99511027
                        3.04993653     3.20929850     3.30085259     4.00272193     5.82095766     6.19230351
                        6.30748643     6.56917560     6.95762359     7.25019486     7.32570812     7.80038920
                        7.84579117     8.34051867     8.98401755    12.64723158    16.05183512    16.05507814
                       16.43867044    16.78075093    18.92490378    18.95497755    19.22950547    19.34995197
                       19.75507472    21.91552027    23.48039372    62.75991052    -0.57483260     0.10515896
                        0.46157988     0.50985596     0.90644615     1.15407333     1.34866491     1.61280690
                        2.51664289     2.76286698     2.81010941     2.90373268     4.05809240     5.02196706
                        5.99652556     6.04900905     6.46570994     7.01417090     7.04127107     7.30693895
                        8.43069815     9.70385382    15.60357287    16.10861875    16.18922710    16.25568640
                       18.89657860    19.05986707    19.13927360    20.17425416    22.11805439    -0.71676571
                        0.10655594     0.46363519     0.50883416     0.90644888     1.16293471     1.35678763
                        1.61002404     2.51664989     2.78651592     2.81019020     2.92392663     4.08051892
                        5.05374841     5.99653588     6.04900924     6.50170772     7.02147020     7.06950560
                        7.30696362     8.46999469     9.74659767    15.65199240    16.10862907    16.22984079
                       16.26481659    18.89693762    19.05996210    19.19682678    20.23422282    22.16822836
                        0.36652893     1.03371764     1.20062578     2.46567421     2.66422128     3.04871832
                        3.30014450     5.82095771     6.30857743     6.95762372     7.25124414     7.84458302
                        8.33991560    16.05320587    16.43571113    18.92676897    18.95586474    19.23252882
                       21.91559158   -20.76967600    -1.16777561     0.06656502     0.19279403     0.28444784
                        0.48883687     0.50985578     0.58734339     1.16358492     1.17827162     1.30255840
                        1.52308967     1.54935851     2.46314950     2.76937620     2.89497785     2.94298546
                        3.34121153     3.52481552     3.88543622     4.16578229     5.09712191     6.31152481
                        6.72700735     7.03048683     7.10469207     7.12776079     7.97183602     8.10604813
                        8.43072295     8.53810572     9.63028768    11.17889771    12.25269154    16.35669865
                       16.91674709    17.19369129    17.81766131    19.02929512    19.31943783    19.50025789
                       19.70530227    21.53485179    22.16810464    25.10054861    63.14054982    -0.05126813
                        0.14360368     0.49274307     0.60411173     1.11265181     1.22667920     1.52897512
                        2.27671632     2.91909792     2.96227567     3.27182786     3.36695747     4.95724967
                        5.07188676     6.25313315     7.11471507     7.21832977     7.41655906     7.54257940
                        7.84263341     8.71570627    11.09800374    16.00557253    16.19318986    16.65332837
                       17.26242580    19.13615138    19.19765744    19.26166989    20.65548114    23.88957694
                       -0.53610000     0.14171945     0.48705438     0.60294678     1.11265787     1.23605304
                        1.52560018     2.29084788     2.91929488     2.98115954     3.27185457     3.38434458
                        4.98519786     5.10194741     6.25313315     7.14988916     7.21853982     7.41659655
                        7.58270881     7.84266975     8.76034504    11.14125030    16.05364583    16.19318988
                       16.65339054    17.31520585    19.13632545    19.20200148    19.31787582    20.71200707
                       23.94044640     0.48951297     1.16810165     1.54560592     2.76937614     2.89683134
                        3.34209024     4.16433518     6.72700744     7.03466811     7.10479789     7.97317776
                        8.10647192     9.62982551    16.35669982    16.92060870    19.02929888    19.49700593
                       19.70236140    22.16759775
 _ENERGD(1:2)    =   -150.04744605  -150.02727038
 _ENERGD0(1:2)   =   -150.04744605  -150.02727038
 _ENERGD1(1:2)   =   -150.04760847  -150.02741597
 _ENERGD2(1:2)   =   -150.04760847  -150.02741597
 _ENERGD3(1:2)   =   -150.04744605  -150.02727038
 _ENERGD4(1:2)   =   -150.04760847  -150.02741597
 _ENERGP(1:2)    =   -150.04588823  -150.02573864
 _ENERGP0(1:2)   =   -150.04588823  -150.02573864
 _ENERGP1(1:2)   =   -150.04603168  -150.02586713
 _ENERGP2(1:2)   =   -150.04603168  -150.02586713
 _ENERGP3(1:2)   =   -150.04588823  -150.02573864
 _ENERGP4(1:2)   =   -150.04603168  -150.02586713
 _ENERGR(1:2)    =   -149.78310677  -149.76480262
 _ENERGRR(1:2)   =   -149.78310677  -149.76480262
 _ENERGY(1:2)    =   -150.03648813  -150.01651932
 _ENERGY_METHOD  =    CI
 _ENERGY_BASIS   =    aug-cc-pV5Z
 _GEOMETRY_METHOD=     
 _GEOMETRY_BASIS =     
 _ENUC           =     24.01939113
 _GRADEXFAC      =   9999.00000000
 _ITERATIONS     =      9.00000000
 _LASTNELEC      =     12.00000000
 _LASTSPIN       =      0.00000000
 _LASTSYM        =      1.00000000
 _ORBITAL        =   2140.20000000
 _ROOT(1:2)      =      1.00000000     2.00000000
 _SEIG_MIN       =      0.00003275
 _SEWPROP        =      1.00000000
 _STATUS         =      1.00000000
 _SYSTOT         =     28.87000000
 _TROV           =      0.00000000
 _WALLTOT        =   2530.50000000
 _DATE           =    27-Jul-21
 _LASTORB        =    MCSCF
 _OUTPUT         =    /home/molpro/dir-1/o2qm-1sigp141.xml
 _PGROUP         =    D2h 
 _TIME           =    15:48:58
 _C0(1:2)        =      0.95854601     0.95903855
 _C0R(1:2)       =      0.95795742     0.95850688
 _DMX_CC(1:3)    =      0.00000000     0.00000000     0.00000000
 _DMY_CC(1:3)    =      0.00000000     0.00000000     0.00000000
 _DMZ_CC(1:3)    =      0.00000000     0.00000000     0.00000000
 _DMX_NUC(1:3)   =      0.00000000     0.00000000     0.00000000
 _DMY_NUC(1:3)   =      0.00000000     0.00000000     0.00000000
 _DMZ_NUC(1:3)   =      0.00000000     0.00000000     0.00000000
 R               =      1.41000000
 _QMXX(1:2)      =     -0.12171498    -0.07416319
 _QMYY(1:2)      =     -0.12171001    -0.07416801
 _QMZZ(1:2)      =      0.24342499     0.14833120
 _QMXY(1:2)      =      0.00000000     0.00000000
 _QMXZ(1:2)      =      0.00000000     0.00000000
 _QMYZ(1:2)      =      0.00000000     0.00000000
 _QMRR(1:2)      =    -22.81691608   -22.87398311
 _TRDMX          =      0.00000000
 _TRDMY          =      0.00000000
 _TRDMZ          =      0.00000000
 _TRQMXX         =      1.09466112
 _TRQMYY         =     -1.09465945
 _TRQMZZ         =     -0.00000167
 _TRQMXY         =      0.00000000
 _TRQMXZ         =      0.00000000
 _TRQMYZ         =      0.00000000
 _TRQMRR         =     -0.00000442

 Geometry written to block  1 of record 700


 **********************************************************************************************************************************
 DATASETS  * FILE   NREC   LENGTH (MB)   RECORD NAMES
              2       7        7.04       500      610      700     1000      520     2100     2140   
                                          VAR    BASINP    GEOM     BASIS   MCVARS     RHF     MCSCF   

 PROGRAMS   *        TOTAL   RESTART
 CPU TIMES  *         0.09      0.01
 REAL TIME  *         0.17 SEC
 DISK USED  *         0.03 MB      
 **********************************************************************************************************************************

 Variable memory set to 2500000000 words,  buffer space   230000 words

 SETTING BASIS          =    AV5Z
 SETTING R              =         1.41000000                                  

 DO I                   =         1.00000000   


 Using spherical harmonics

 Library entry O      S aug-cc-pV5Z          selected for orbital group  1
 Library entry O      P aug-cc-pV5Z          selected for orbital group  1
 Library entry O      D aug-cc-pV5Z          selected for orbital group  1
 Library entry O      F aug-cc-pV5Z          selected for orbital group  1
 Library entry O      G aug-cc-pV5Z          selected for orbital group  1
 Library entry O      H aug-cc-pV5Z          selected for orbital group  1


 PROGRAM * SEWARD (Integral evaluation for generally contracted gaussian basis sets)     Author: Roland Lindh, 1990

 Geometry written to block  1 of record 701

 Orientation using atomic masses  
 Molecule type: Linear
 Symmetry elements: X,Y,Z
 Rotational constants:      31.7764417     31.7764417      0.0000000 GHz  (calculated with average atomic masses)

 Point group  D2h 



 ATOMIC COORDINATES

 NR  ATOM    CHARGE       X              Y              Z

   1  O       8.00    0.000000000    0.000000000   -1.332256918
   2  O       8.00    0.000000000    0.000000000    1.332256918

 Bond lengths in Bohr (Angstrom)

 1-2  2.664513836
     ( 1.410000000)

 NUCLEAR CHARGE:                   16
 NUMBER OF PRIMITIVE AOS:         398
 NUMBER OF SYMMETRY AOS:          288
 NUMBER OF CONTRACTIONS:          254   (  46Ag  +  31B3u +  31B2u +  19B1g +  46B1u +  31B2g +  31B3g +  19Au  )
 NUMBER OF CORE ORBITALS:           2   (   1Ag  +   0B3u +   0B2u +   0B1g +   1B1u +   0B2g +   0B3g +   0Au  )
 NUMBER OF VALENCE ORBITALS:        8   (   2Ag  +   1B3u +   1B2u +   0B1g +   2B1u +   1B2g +   1B3g +   0Au  )


 NUCLEAR REPULSION ENERGY   24.01939113

 EXTRA SYMMETRY OF AOS IN SYMMETRY 1:   1 1 1 1 1 1 1 1 1 1   1 1 1 1 2 1 2 1 2 1   2 1 2 1 2 1 2 1 2 1   2 1 3 2 1 3 2 1 3 2
                                        2 3 1 2 3 1
 EXTRA SYMMETRY OF AOS IN SYMMETRY 2:   1 1 1 1 1 1 1 1 1 1   1 1 2 1 2 1 2 1 2 1   2 1 2 1 2 1 2 3 1 2   3
 EXTRA SYMMETRY OF AOS IN SYMMETRY 3:   1 1 1 1 1 1 1 1 1 1   1 1 2 1 2 1 2 1 2 1   2 1 2 1 2 1 2 3 1 2   3
 EXTRA SYMMETRY OF AOS IN SYMMETRY 4:   1 1 1 1 1 1 1 1 1 1   2 1 2 1 2 2 1 2 1
 EXTRA SYMMETRY OF AOS IN SYMMETRY 5:   1 1 1 1 1 1 1 1 1 1   1 1 1 1 2 1 2 1 2 1   2 1 2 1 2 1 2 1 2 1   2 1 3 2 1 3 2 1 3 2
                                        2 3 1 2 3 1
 EXTRA SYMMETRY OF AOS IN SYMMETRY 6:   1 1 1 1 1 1 1 1 1 1   1 1 2 1 2 1 2 1 2 1   2 1 2 1 2 1 2 3 1 2   3
 EXTRA SYMMETRY OF AOS IN SYMMETRY 7:   1 1 1 1 1 1 1 1 1 1   1 1 2 1 2 1 2 1 2 1   2 1 2 1 2 1 2 3 1 2   3
 EXTRA SYMMETRY OF AOS IN SYMMETRY 8:   1 1 1 1 1 1 1 1 1 1   2 1 2 1 2 2 1 2 1

 Eigenvalues of metric

         1 0.177E-03 0.507E-03 0.238E-02 0.564E-02 0.913E-02 0.367E-01 0.685E-01 0.691E-01
         2 0.527E-02 0.145E-01 0.261E-01 0.537E-01 0.108E+00 0.153E+00 0.173E+00 0.248E+00
         3 0.527E-02 0.145E-01 0.261E-01 0.537E-01 0.108E+00 0.153E+00 0.173E+00 0.248E+00
         4 0.685E-01 0.128E+00 0.168E+00 0.268E+00 0.272E+00 0.375E+00 0.451E+00 0.489E+00
         5 0.327E-04 0.217E-03 0.428E-03 0.160E-02 0.481E-02 0.854E-02 0.111E-01 0.195E-01
         6 0.264E-03 0.184E-02 0.552E-02 0.260E-01 0.356E-01 0.799E-01 0.110E+00 0.125E+00
         7 0.264E-03 0.184E-02 0.552E-02 0.260E-01 0.356E-01 0.799E-01 0.110E+00 0.125E+00
         8 0.854E-02 0.348E-01 0.594E-01 0.174E+00 0.184E+00 0.230E+00 0.289E+00 0.350E+00


 Contracted 2-electron integrals neglected if value below      1.0D-12
 AO integral compression algorithm  1   Integral accuracy      1.0D-12

     443.286 MB (compressed) written to integral file ( 48.5%)


 NUMBER OF SORTED TWO-ELECTRON INTEGRALS:   66838400.     BUFFER LENGTH:  32768
 NUMBER OF SEGMENTS:   5  SEGMENT LENGTH:   15999177      RECORD LENGTH: 524288

 Memory used in sort:      16.56 MW

 SORT1 READ   114264352. AND WROTE    47776019. INTEGRALS IN    139 RECORDS. CPU TIME:     2.91 SEC, REAL TIME:     3.36 SEC
 SORT2 READ    47776019. AND WROTE    66838400. INTEGRALS IN   1691 RECORDS. CPU TIME:     1.16 SEC, REAL TIME:     1.40 SEC

 FILE SIZES:   FILE 1:   464.1 MBYTE,  FILE 4:   583.0 MBYTE,   TOTAL:   1047.1 MBYTE

 OPERATOR DM      FOR CENTER  0  COORDINATES:    0.000000    0.000000    0.000000
 OPERATOR QM      FOR CENTER  0  COORDINATES:    0.000000    0.000000    0.000000
 OPERATOR LOP     FOR CENTER  0  COORDINATES:    0.000000    0.000000    0.000000
 OPERATOR LOP     FOR CENTER  0  COORDINATES:    0.000000    0.000000    0.000000
 OPERATOR LOP     FOR CENTER  0  COORDINATES:    0.000000    0.000000    0.000000


 **********************************************************************************************************************************
 DATASETS  * FILE   NREC   LENGTH (MB)   RECORD NAMES
              1      20      293.12       500      700      610      701      900      950      970     1000      129      960   
                                          VAR     GEOM    BASINP    GEOM    SYMINP    ZMAT    AOBASIS   BASIS     P2S    ABASIS    
                                         1100     1400     1410     1200     1210     1080     1600     1650     1300     1700   
                                           S        T        V       H0       H01     AOSYM     SMH    MOLCAS    ERIS     OPER   

              2       8        7.21       500      610      700     1000      520     2100     2140      701   
                                          VAR    BASINP    GEOM     BASIS   MCVARS     RHF     MCSCF    GEOM   

 PROGRAMS   *        TOTAL       INT   RESTART
 CPU TIMES  *        25.39     25.30      0.01
 REAL TIME  *        35.13 SEC
 DISK USED  *         1.05 GB      
 **********************************************************************************************************************************


 PROGRAM * MULTI (Direct Multiconfiguration SCF)       Authors: P.J. Knowles, H.-J. Werner (1984)     S.T. Elbert (1988)


 Number of closed-shell orbitals:   2 (   2   0   0   0   0   0   0   0 )
 Number of active  orbitals:       12 (   1   2   2   0   3   2   2   0 )
 Number of external orbitals:     240 (  43  29  29  19  43  29  29  19 )

 State symmetry 1

 Number of electrons:    12    Spin symmetry=Singlet   Space symmetry=1
 Number of states:        2
 Number of CSFs:      28784   (107016 determinants, 853776 intermediate states)

 State symmetry 2

 Number of electrons:    12    Spin symmetry=Singlet   Space symmetry=4
 Number of states:        2
 Number of CSFs:      28224   (106624 determinants, 853776 intermediate states)

 Iteration controls:
             1  2  3  4  5  6  7  8  9 10 11 12 13 14 15 16 17 18 19 20 21 22 23 24 25 26 27 28 29 30 31 32 33 34 35 36 37 38 39
 DIAGCI      T  T  T  T  T  T  T  T  T  T  T  T  T  T  T  T  T  T  T  T  T  T  T  T  T  T  T  T  T  T  T  T  T  T  T  T  T  T  T
 WERNER      T  T  T  T  T  T  T  T  T  T  T  T  T  T  T  T  T  T  T  T  T  T  T  T  T  T  T  T  T  T  T  T  T  T  T  T  T  T  T
 INTERNAL    F  T  T  T  T  T  T  T  T  T  T  T  T  T  T  T  T  T  T  T  T  T  T  T  T  T  T  T  T  T  T  T  T  T  T  T  T  T  T

 Molecular orbitals read from record     2140.2  Type=MCSCF/NATURAL (state averaged)

 EXTRA SYMMETRY OF MOS IN SYMMETRY 1:   1 1 1 1 1 2 1 1 1 2   2 1 1 1 3 2 1 1 2 1   2 1 3 1 2 1 3 2 1 1   2 2 1 1 3 1 2 1 2 3
                                        2 1 1 2 1 1
 EXTRA SYMMETRY OF MOS IN SYMMETRY 2:   1 1 1 1 2 1 1 1 2 1   2 1 1 1 2 3 1 2 1 2   1 1 1 3 1 2 2 2 1 1   1
 EXTRA SYMMETRY OF MOS IN SYMMETRY 3:   1 1 1 1 2 1 1 1 2 1   2 1 1 1 2 3 1 2 1 2   1 1 1 3 1 2 2 2 1 1   1
 EXTRA SYMMETRY OF MOS IN SYMMETRY 4:   1 1 1 2 1 1 1 2 1 2   1 1 1 2 1 1 2 1 1
 EXTRA SYMMETRY OF MOS IN SYMMETRY 5:   1 1 1 1 1 1 2 1 2 1   1 1 2 1 3 2 1 2 1 1   2 1 1 3 2 3 1 2 2 1   1 2 1 1 3 2 1 1 3 1
                                        2 2 1 2 1 1
 EXTRA SYMMETRY OF MOS IN SYMMETRY 6:   1 1 1 1 1 2 1 1 2 1   2 1 1 1 3 1 2 2 1 2   1 1 1 3 2 1 2 2 1 1   1
 EXTRA SYMMETRY OF MOS IN SYMMETRY 7:   1 1 1 1 1 2 1 1 2 1   2 1 1 1 3 1 2 2 1 2   1 1 1 3 2 1 2 2 1 1   1
 EXTRA SYMMETRY OF MOS IN SYMMETRY 8:   1 1 1 2 1 1 1 2 1 2   1 1 1 2 1 2 1 1 1

 Wavefunction dump at record             2140.2

 Convergence thresholds  0.10E-01 (gradient)  0.10E-05 (energy)  0.10E-02 (step length)

 Weight factors for state symmetry  1:    0.25000   0.25000
 Weight factors for state symmetry  2:    0.25000   0.25000

 Number of orbital rotations:      492   (     2 Core/Active     86 Core/Virtual   0 Active/Active    404 Active/Virtual)
 Total number of variables:     427772


 ITER. MIC  NCI  NEG     ENERGY(VAR)     ENERGY(PROJ)   ENERGY CHANGE     GRAD(0)  GRAD(ORB)   GRAD(CI)     STEP       TIME

   1   21   53    0    -149.68332730    -149.68338889   -0.00006160    0.00743710 0.00000751 0.00006191  0.21D-01      9.13
   2   17   24    0    -149.68338888    -149.68338888   -0.00000000    0.00001028 0.00000034 0.00000598  0.25D-04     14.08

 ** WVFN ****  CONVERGENCE REACHED, FINAL GRADIENT:  0.55D-06



 Results for state 1.1
 =====================

 !MCSCF STATE 1.1 Energy             -149.783546021037
 Nuclear energy                        24.01939113
 Kinetic energy                       149.45044419
 One electron energy                 -253.87749155
 Two electron energy                   80.07455440
 Virial ratio                           2.00222884

 !MCSCF STATE 1.1 Dipole moment         0.00000000     0.00000000     0.00000000
 Dipole moment /Debye                   0.00000000     0.00000000     0.00000000

 Results for state 2.1
 =====================

 !MCSCF STATE 2.1 Energy             -149.765223197794
 Nuclear energy                        24.01939113
 Kinetic energy                       149.47613254
 One electron energy                 -253.87208583
 Two electron energy                   80.08747149
 Virial ratio                           2.00193403

 !MCSCF STATE 2.1 Dipole moment         0.00000000     0.00000000     0.00000000
 Dipole moment /Debye                   0.00000000     0.00000000     0.00000000



 Results for state 1.4
 =====================

 !MCSCF STATE 1.4 Energy             -149.783546021037
 Nuclear energy                        24.01939113
 Kinetic energy                       149.45044420
 One electron energy                 -253.87749155
 Two electron energy                   80.07455440
 Virial ratio                           2.00222884

 !MCSCF STATE 1.4 Dipole moment         0.00000000     0.00000000     0.00000000
 Dipole moment /Debye                   0.00000000     0.00000000     0.00000000

 Results for state 2.4
 =====================

 !MCSCF STATE 2.4 Energy             -149.401240281960
 Nuclear energy                        24.01939113
 Kinetic energy                       150.31734574
 One electron energy                 -253.71371252
 Two electron energy                   80.29308110
 Virial ratio                           1.99390552

 !MCSCF STATE 2.4 Dipole moment         0.00000000     0.00000000     0.00000000
 Dipole moment /Debye                   0.00000000     0.00000000     0.00000000

 State-averaged charge density matrix saved on record  2140.2 (density set 1)

 !MCSCF expec        <1.1|QMXX|1.1>    -0.145120547850
 !MCSCF trans        <2.1|QMXX|1.1>     1.138796606901
 !MCSCF expec        <2.1|QMXX|2.1>    -0.112831947893
 !MCSCF expec        <1.4|QMXX|1.4>    -0.145120539254
 !MCSCF trans        <2.4|QMXX|1.4>    -0.203994748246
 !MCSCF expec        <2.4|QMXX|2.4>     0.291471677715

 !MCSCF expec        <1.1|QMYY|1.1>    -0.145120547853
 !MCSCF trans        <2.1|QMYY|1.1>    -1.138796606895
 !MCSCF expec        <2.1|QMYY|2.1>    -0.112831947869
 !MCSCF expec        <1.4|QMYY|1.4>    -0.145120539242
 !MCSCF trans        <2.4|QMYY|1.4>    -0.203994748250
 !MCSCF expec        <2.4|QMYY|2.4>     0.291471677722

 !MCSCF expec        <1.1|QMZZ|1.1>     0.290241095703
 !MCSCF expec        <2.1|QMZZ|2.1>     0.225663895761
 !MCSCF expec        <1.4|QMZZ|1.4>     0.290241078496
 !MCSCF trans        <2.4|QMZZ|1.4>     0.407989496496
 !MCSCF expec        <2.4|QMZZ|2.4>    -0.582943355437

 !MCSCF trans        <1.4|QMXY|2.1>    -1.138796611118
 !MCSCF trans        <2.4|QMXY|2.1>     0.255774753539

 !MCSCF expec        <1.1|QMRR|1.1>   -22.895547865461
 !MCSCF expec        <2.1|QMRR|2.1>   -22.936337442232
 !MCSCF expec        <1.4|QMRR|1.4>   -22.895547875715
 !MCSCF trans        <2.4|QMRR|1.4>     0.054473968019
 !MCSCF expec        <2.4|QMRR|2.4>   -23.559329967834

 !MCSCF trans          <1.4|LZ|1.1>    -2.000000000000i
 !MCSCF trans          <2.4|LZ|1.1>    -0.000000022409i


 Natural orbital dump (state averaged) at molpro section  2140.2    (Orbital set 2)


 CI vector for state symmetry 1
 ==============================

 2 20 20 220 00 20        0.6528077   0.6407138
 2 20 20 220 20 00       -0.6528077   0.6407138
 2 20 00 220 20 20        0.1907212  -0.2275286
 2 00 20 220 20 20       -0.1907212  -0.2275286
 0 20 20 222 00 20       -0.0838212  -0.0835631
 0 20 20 222 20 00        0.0838212  -0.0835631
 b a0 20 22a b0 20       -0.0659076  -0.0615609
 a b0 20 22b a0 20       -0.0659076  -0.0615609
 a 20 b0 22b 20 a0        0.0659076  -0.0615609
 b 20 a0 22a 20 b0        0.0659076  -0.0615609
 2 20 20 200 20 20       -0.0000000  -0.0559358
 0 20 00 222 20 20       -0.0468197   0.0510893
 0 00 20 222 20 20        0.0468197   0.0510893

 TOTAL ENERGIES                      -149.78354602  -149.76522320

 CI vector for state symmetry 2
 ==============================

 2 20 20 220 b0 a0       -0.6528077  -0.1535791
 2 20 20 220 a0 b0        0.6528077   0.1535791
 2 b0 a0 220 20 20        0.1907212  -0.6114296
 2 a0 b0 220 20 20       -0.1907212   0.6114296
 b 20 b0 22a a0 20       -0.0372320  -0.1539284
 a 20 a0 22b b0 20       -0.0372320  -0.1539284
 a a0 20 22b 20 b0       -0.0372320  -0.1539284
 b b0 20 22a 20 a0       -0.0372320  -0.1539284
 a 20 b0 22b a0 20        0.0659076   0.0925574
 b 20 a0 22a b0 20        0.0659076   0.0925574
 b a0 20 22a 20 b0        0.0659076   0.0925574
 a b0 20 22b 20 a0        0.0659076   0.0925574
 0 20 20 222 b0 a0        0.0838215  -0.0493815
 0 20 20 222 a0 b0       -0.0838215   0.0493815
 b 20 a0 22b a0 20       -0.0286755   0.0613710
 a 20 b0 22a b0 20       -0.0286755   0.0613710
 a b0 20 22a 20 b0       -0.0286755   0.0613710
 b a0 20 22b 20 a0       -0.0286755   0.0613710
 2 a0 2b 220 20 00       -0.0081283  -0.0507251
 2 b0 2a 220 20 00        0.0081283   0.0507251
 2 2a b0 220 00 20       -0.0081283  -0.0507251
 2 2b a0 220 00 20        0.0081283   0.0507251

 TOTAL ENERGIES                      -149.78354602  -149.40124028



 **********************************************************************************************************************************
 DATASETS  * FILE   NREC   LENGTH (MB)   RECORD NAMES
              1      21      303.78       500      700      610      701      900      950      970     1000      129      960   
                                          VAR     GEOM    BASINP    GEOM    SYMINP    ZMAT    AOBASIS   BASIS     P2S    ABASIS    
                                         1100     1400     1410     1200     1210     1080     1600     1650     1300     1700   
                                           S        T        V       H0       H01     AOSYM     SMH    MOLCAS    ERIS     OPER   
                                         1380   
                                         JKOP   

              2       9        7.21       500      610      700     1000      520     2100     2140      701     2140(1)
                                          VAR    BASINP    GEOM     BASIS   MCVARS     RHF     MCSCF    GEOM     MCSCF   

 PROGRAMS   *        TOTAL     MULTI       INT   RESTART
 CPU TIMES  *        46.55     21.16     25.30      0.01
 REAL TIME  *        57.86 SEC
 DISK USED  *         1.05 GB      
 **********************************************************************************************************************************


 PROGRAM * CI (Multireference internally contracted CI)     Authors: H.-J. Werner, P.J. Knowles, 1987


 Convergence thresholds:  THRVAR = 1.00D-08  THRDEN = 1.00D-06

 Number of optimized states:  1  Roots:   1
 Number of reference states:  1  Roots:   1

 Program parameters:       NSTATE=  1    NSTATI=  2    NSTATR=  1    NCEPA = -1    NOKOP =  0    ITRDM =  0    ITRANS=  0
                           IDIP  =200    MAXIT =250    MAXITI=250    MAXDAV=  4    MAXVI =  6    NOSING=  0    NOPAIR=  0
                           MXSHRF=  9    IKCPS =  0    IOPTGM=  2    IOPTOR=  0    REFOPT=  1    IAVDEN=  0    IDELCG=  1
                           IREST =  0    NATORB=  0    IPUNRF=  0    ISEP  =  0    OLDDEN=  0    NSTPRI=  1    GPSFLI= -1
                           CLUSTE=  0    CLOSED=  1    ILSTYP=  0    ITRLS =  0    ICCSD =  0    LOCAL =  0    IBASO =  0
                           MP    =  0    ITEDIS=  2    INCDIS=  1    MAXDIS=  6    ITYDIS=  1    BRUECK=  0    IBRSTR=  3
                           INCBRK=  1    TRIPLE=  0    ICCTYP=  1    IHPPD =  0    ICCNEW=  0    I3EXT = -1    IDEB  =  0
                           IDLEIG=  1    IDFTYP=  1    IMP3  =  0    IPROCS=  0    NOINT =  0    NOREF =  1    IMP2G =  0
                           IHINT =  0    IFDIA =  0    ISPARO=  1    JKSYM =  0    CPHF  =  0    MP2D  = -1    DKINT =  0
                           NPKEX =  1    DRVK  =  1    HLSTRA=  1    WIGNER=  1    DIIS_C=  1    MAXIT_= 50    MATEL =  0
                           SPDEG =  1    MEMCPH=  0    DISM  =  1    KDCPMA=  5    IKDCP_=  0    IREDTH=  0    USECS =  0
                           IPROCC=  0    I3SAVE=  1    IKDCP =  1    USECI =  0    OLDPAI=  0    IPROCI=  0    KEEPCL=  1
                           DISCON=  0    SHIFTE=  0    DIISIN=  0    MOLCAS=  0    MEM_PT=  0    RECORD=  0    RS2C  =  0
                           KEXT  = -1    CIPT2 =  0    DECP0S=  0    I4EXT = -1    NATCOR=  0    RIMP2 =  0    DDCI  = -1

 Reference symmetry:                   1   Singlet 
 Number of electrons:                 16
 Maximum number of shells:             7
 Maximum number of spin couplings:   132

 Reference space:     9608 conf    28784 CSFs
 N elec internal:    73789 conf   226512 CSFs
 N-1 el internal:    69576 conf   339768 CSFs
 N-2 el internal:    58182 conf   452544 CSFs

 Number of electrons in valence space:                     12
 Maximum number of open shell orbitals in reference space: 10
 Maximum number of open shell orbitals in internal spaces: 12


 Number of core orbitals:           2 (   2   0   0   0   0   0   0   0 )
 Number of active  orbitals:       12 (   1   2   2   0   3   2   2   0 )
 Number of external orbitals:     240 (  43  29  29  19  43  29  29  19 )

 Molecular orbitals read from record     2140.2  Type=MCSCF/NATURAL (state averaged)

 Coulomb and exchange operators available. No transformation done.

 Number of p-space configurations:   5

 Reference wavefunction optimized for reference space (refopt=1)

 State     Reference Energy 
   1        -149.78354602
   2        -149.76522320

 Number of blocks in overlap matrix:    16   Smallest eigenvalue:  0.20D-02
 Number of N-2 electron functions:     144
 Number of N-1 electron functions:  339768

 Number of internal configurations:                28784
 Number of singly external configurations:      10197000
 Number of doubly external configurations:        524512
 Total number of contracted configurations:     10750296
 Total number of uncontracted configurations: 1637811384

 Diagonal Coupling coefficients finished.               Storage:15193102 words, CPU-Time:     14.20 seconds.
 Energy denominators for pairs finished in 1 passes.    Storage:  971281 words, CPU-time:      0.01 seconds.

  ITER. STATE  ROOT     SQ.NORM     CORR.ENERGY   TOTAL ENERGY   ENERGY CHANGE       DEN1      VAR(S)    VAR(P)      TIME
    1     1     1     1.00000000     0.00000000  -149.78354602     0.00000000    -0.25082839  0.23D-01  0.17D-01    25.06
    2     1     1     1.03869852    -0.24597585  -150.02952187    -0.24597585    -0.00619227  0.62D-03  0.50D-03   159.65
    3     1     1     1.04121401    -0.25213799  -150.03568401    -0.00616215    -0.00054867  0.91D-04  0.31D-04   293.61
    4     1     1     1.04249831    -0.25262831  -150.03617433    -0.00049032    -0.00008015  0.15D-04  0.42D-05   429.09
    5     1     1     1.04290077    -0.25269725  -150.03624327    -0.00006894    -0.00001064  0.17D-05  0.69D-06   561.08
    6     1     1     1.04294150    -0.25270722  -150.03625324    -0.00000997    -0.00000177  0.32D-06  0.10D-06   694.98
    7     1     1     1.04292979    -0.25270876  -150.03625478    -0.00000153    -0.00000036  0.72D-07  0.20D-07   828.52
    8     1     1     1.04292879    -0.25270907  -150.03625509    -0.00000031    -0.00000007  0.13D-07  0.35D-08   959.92
    9     1     1     1.04293357    -0.25270914  -150.03625516    -0.00000007    -0.00000002  0.32D-08  0.60D-09  1093.99


 =====================================
 Analysis of CPU times by interactions
 =====================================

       I      S      P

 I   1.5%
 S   1.6%  23.0%
 P   2.3%  61.9%   7.1%

 Initialization:   1.6%
 Other:            1.0%

 Total CPU:     1094.0 seconds
 =====================================



 Wavefunction saved on  8200.2

 Reference coefficients greater than 0.0500000
 =============================================
 220202200020          -0.6419601
 220202202000           0.6419592
 200202202020           0.1799301
 220002202020          -0.1799291
 /\02022/\020          -0.0905772
 /20\022/20\0           0.0905770
 020202222000          -0.0806033
 020202220020           0.0806033
 //02022\\020          -0.0661289
 /20/022\20\0           0.0661288



 RESULTS FOR STATE 1.1
 =====================

 Coefficient of reference function:   C(0) = 0.97891868 (fixed)   0.97920061 (relaxed)

 Energy contributions of configuration classes

 CLASS          SQ.NORM        ECORR1        ECORR2
 +++++++++++++++++++++++++++++++++++++++++++++++++++
 Internals    0.00057609    0.00000001   -0.00013958
 Singles      0.02294309   -0.09536658   -0.09694648
 Pairs        0.02001521   -0.15734248   -0.15562308
 Total        1.04353439   -0.25270906   -0.25270914
 +++++++++++++++++++++++++++++++++++++++++++++++++++


 Reference energy                    -149.78354602
 Nuclear energy                        24.01939113
 Kinetic energy                       149.74107190
 One electron energy                 -253.77524029
 Two electron energy                   79.71959400
 Virial quotient                       -1.00197129
 Correlation energy                    -0.25270914
 !MRCI STATE 1.1 Energy              -150.036255157266

 Properties without orbital relaxation:

 !MRCI STATE 1.1 Dipole moment          0.00000000     0.00000000     0.00000000
 Dipole moment /Debye                   0.00000000     0.00000000     0.00000000

 Cluster corrected energies          -150.04725670 (Davidson, fixed reference)
 Cluster corrected energies          -150.04710486 (Davidson, relaxed reference)

 Cluster corrected energies          -150.04569450 (Pople, fixed reference)
 Cluster corrected energies          -150.04556047 (Pople, relaxed reference)

 

 !MRCI expec         <1.1|QMXX|1.1>    -0.119164449567
 !MRCI expec         <1.1|QMYY|1.1>    -0.119154224859
 !MRCI expec         <1.1|QMZZ|1.1>     0.238318674426
 !MRCI expec         <1.1|QMRR|1.1>   -22.815519354391
 
 
 


 **********************************************************************************************************************************
 DATASETS  * FILE   NREC   LENGTH (MB)   RECORD NAMES
              1      21      303.78       500      700      610      701      900      950      970     1000      129      960   
                                          VAR     GEOM    BASINP    GEOM    SYMINP    ZMAT    AOBASIS   BASIS     P2S    ABASIS    
                                         1100     1400     1410     1200     1210     1080     1600     1650     1300     1700   
                                           S        T        V       H0       H01     AOSYM     SMH    MOLCAS    ERIS     OPER   
                                         1380   
                                         JKOP   

              2      10       94.53       500      610      700     1000      520     2100     2140      701     2140(1)  8200   
                                          VAR    BASINP    GEOM     BASIS   MCVARS     RHF     MCSCF    GEOM     MCSCF    MRCI   

 PROGRAMS   *        TOTAL        CI     MULTI       INT   RESTART
 CPU TIMES  *      1152.53   1105.97     21.16     25.30      0.01
 REAL TIME  *      1313.74 SEC
 DISK USED  *         2.13 GB      
 **********************************************************************************************************************************


 PROGRAM * CI (Multireference internally contracted CI)     Authors: H.-J. Werner, P.J. Knowles, 1987


 Convergence thresholds:  THRVAR = 1.00D-08  THRDEN = 1.00D-06

 Number of optimized states:  1  Roots:   1
 Number of reference states:  1  Roots:   1

 Program parameters:       NSTATE=  1    NSTATI=  2    NSTATR=  1    NCEPA = -1    NOKOP =  0    ITRDM =  0    ITRANS=  0
                           IDIP  =200    MAXIT =250    MAXITI=250    MAXDAV=  4    MAXVI =  6    NOSING=  0    NOPAIR=  0
                           MXSHRF=  9    IKCPS =  0    IOPTGM=  2    IOPTOR=  0    REFOPT=  1    IAVDEN=  0    IDELCG=  1
                           IREST =  0    NATORB=  0    IPUNRF=  0    ISEP  =  0    OLDDEN=  0    NSTPRI=  1    GPSFLI= -1
                           CLUSTE=  0    CLOSED=  1    ILSTYP=  0    ITRLS =  0    ICCSD =  0    LOCAL =  0    IBASO =  0
                           MP    =  0    ITEDIS=  2    INCDIS=  1    MAXDIS=  6    ITYDIS=  1    BRUECK=  0    IBRSTR=  3
                           INCBRK=  1    TRIPLE=  0    ICCTYP=  1    IHPPD =  0    ICCNEW=  0    I3EXT = -1    IDEB  =  0
                           IDLEIG=  1    IDFTYP=  1    IMP3  =  0    IPROCS=  0    NOINT =  0    NOREF =  1    IMP2G =  0
                           IHINT =  0    IFDIA =  0    ISPARO=  1    JKSYM =  0    CPHF  =  0    MP2D  = -1    DKINT =  0
                           NPKEX =  1    DRVK  =  1    HLSTRA=  1    WIGNER=  1    DIIS_C=  1    MAXIT_= 50    MATEL =  0
                           SPDEG =  1    MEMCPH=  0    DISM  =  1    KDCPMA=  5    IKDCP_=  0    IREDTH=  0    USECS =  0
                           IPROCC=  0    I3SAVE=  1    IKDCP =  1    USECI =  0    OLDPAI=  0    IPROCI=  0    KEEPCL=  1
                           DISCON=  0    SHIFTE=  0    DIISIN=  0    MOLCAS=  0    MEM_PT=  0    RECORD=  0    RS2C  =  0
                           KEXT  = -1    CIPT2 =  0    DECP0S=  0    I4EXT = -1    NATCOR=  0    RIMP2 =  0    DDCI  = -1

 Reference symmetry:                   4   Singlet 
 Number of electrons:                 16
 Maximum number of shells:             7
 Maximum number of spin couplings:   132

 Reference space:     9136 conf    28224 CSFs
 N elec internal:    73789 conf   226512 CSFs
 N-1 el internal:    69576 conf   339768 CSFs
 N-2 el internal:    57950 conf   452232 CSFs

 Number of electrons in valence space:                     12
 Maximum number of open shell orbitals in reference space: 10
 Maximum number of open shell orbitals in internal spaces: 12


 Number of core orbitals:           2 (   2   0   0   0   0   0   0   0 )
 Number of active  orbitals:       12 (   1   2   2   0   3   2   2   0 )
 Number of external orbitals:     240 (  43  29  29  19  43  29  29  19 )

 Molecular orbitals read from record     2140.2  Type=MCSCF/NATURAL (state averaged)

 Coulomb and exchange operators available. No transformation done.

 Number of p-space configurations:   2

 Reference wavefunction optimized for reference space (refopt=1)

 State     Reference Energy 
   1        -149.78354602
   2        -149.40124028

 Number of blocks in overlap matrix:    16   Smallest eigenvalue:  0.35D-02
 Number of N-2 electron functions:     144
 Number of N-1 electron functions:  339768

 Number of internal configurations:                28224
 Number of singly external configurations:      10188360
 Number of doubly external configurations:        524512
 Total number of contracted configurations:     10741096
 Total number of uncontracted configurations: 1636528232

 Diagonal Coupling coefficients finished.               Storage:15219669 words, CPU-Time:     14.26 seconds.
 Energy denominators for pairs finished in 1 passes.    Storage: 1043000 words, CPU-time:      0.01 seconds.

  ITER. STATE  ROOT     SQ.NORM     CORR.ENERGY   TOTAL ENERGY   ENERGY CHANGE       DEN1      VAR(S)    VAR(P)      TIME
    1     1     1     1.00000000     0.00000000  -149.78354602     0.00000000    -0.25078100  0.24D-01  0.17D-01    26.02
    2     1     1     1.03870614    -0.24579051  -150.02933653    -0.24579051    -0.00634334  0.64D-03  0.51D-03   159.44
    3     1     1     1.04117389    -0.25210169  -150.03564771    -0.00631118    -0.00058129  0.98D-04  0.33D-04   292.55
    4     1     1     1.04248195    -0.25262045  -150.03616647    -0.00051877    -0.00008737  0.16D-04  0.47D-05   425.73
    5     1     1     1.04290080    -0.25269589  -150.03624192    -0.00007544    -0.00001171  0.17D-05  0.78D-06   558.65
    6     1     1     1.04294242    -0.25270701  -150.03625303    -0.00001112    -0.00000195  0.32D-06  0.12D-06   693.13
    7     1     1     1.04292948    -0.25270872  -150.03625474    -0.00000171    -0.00000040  0.72D-07  0.23D-07   826.29
    8     1     1     1.04292933    -0.25270906  -150.03625508    -0.00000034    -0.00000007  0.13D-07  0.45D-08   959.53
    9     1     1     1.04293422    -0.25270913  -150.03625515    -0.00000007    -0.00000002  0.28D-08  0.83D-09  1093.11


 =====================================
 Analysis of CPU times by interactions
 =====================================

       I      S      P

 I   1.7%
 S   1.7%  22.8%
 P   2.3%  61.5%   7.3%

 Initialization:   1.6%
 Other:            1.0%

 Total CPU:     1093.1 seconds
 =====================================



 Wavefunction saved on  7200.2

 Reference coefficients greater than 0.0500000
 =============================================
 22020220/0\0           0.9078652
 2/0\02202020          -0.2544637
 02020222/0\0          -0.1139938
 /\02022/20\0          -0.0905787
 /20\022/\020          -0.0905787
 //02022\20\0          -0.0661223
 /20/022\\020          -0.0661222
 0/0\02222020           0.0604329



 RESULTS FOR STATE 1.4
 =====================

 Coefficient of reference function:   C(0) = 0.97891840 (fixed)   0.97920031 (relaxed)

 Energy contributions of configuration classes

 CLASS          SQ.NORM        ECORR1        ECORR2
 +++++++++++++++++++++++++++++++++++++++++++++++++++
 Internals    0.00057604   -0.00000000   -0.00013951
 Singles      0.02294397   -0.09536753   -0.09694706
 Pairs        0.02001499   -0.15734158   -0.15562256
 Total        1.04353499   -0.25270911   -0.25270913
 +++++++++++++++++++++++++++++++++++++++++++++++++++


 Reference energy                    -149.78354602
 Nuclear energy                        24.01939113
 Kinetic energy                       149.74107583
 One electron energy                 -253.77517174
 Two electron energy                   79.71952545
 Virial quotient                       -1.00197126
 Correlation energy                    -0.25270913
 !MRCI STATE 1.4 Energy              -150.036255149627

 Properties without orbital relaxation:

 !MRCI STATE 1.4 Dipole moment          0.00000000     0.00000000     0.00000000
 Dipole moment /Debye                   0.00000000     0.00000000     0.00000000

 Cluster corrected energies          -150.04725684 (Davidson, fixed reference)
 Cluster corrected energies          -150.04710502 (Davidson, relaxed reference)

 Cluster corrected energies          -150.04569463 (Pople, fixed reference)
 Cluster corrected energies          -150.04556060 (Pople, relaxed reference)

 

 !MRCI expec         <1.4|QMXX|1.4>    -0.119188523133
 !MRCI expec         <1.4|QMYY|1.4>    -0.119170373973
 !MRCI expec         <1.4|QMZZ|1.4>     0.238358897106
 !MRCI expec         <1.4|QMRR|1.4>   -22.815754021900
 
 
 


 **********************************************************************************************************************************
 DATASETS  * FILE   NREC   LENGTH (MB)   RECORD NAMES
              1      21      303.78       500      700      610      701      900      950      970     1000      129      960   
                                          VAR     GEOM    BASINP    GEOM    SYMINP    ZMAT    AOBASIS   BASIS     P2S    ABASIS    
                                         1100     1400     1410     1200     1210     1080     1600     1650     1300     1700   
                                           S        T        V       H0       H01     AOSYM     SMH    MOLCAS    ERIS     OPER   
                                         1380   
                                         JKOP   

              2      11      262.66       500      610      700     1000      520     2100     2140      701     2140(1)  8200   
                                          VAR    BASINP    GEOM     BASIS   MCVARS     RHF     MCSCF    GEOM     MCSCF    MRCI   
                                         7200   
                                         MRCI   

 PROGRAMS   *        TOTAL        CI        CI     MULTI       INT   RESTART
 CPU TIMES  *      2257.61   1105.08   1105.97     21.16     25.30      0.01
 REAL TIME  *      2456.38 SEC
 DISK USED  *         2.30 GB      
 **********************************************************************************************************************************


 PROGRAM * CI (Multireference internally contracted CI)     Authors: H.-J. Werner, P.J. Knowles, 1987


   Transition moment calculation
   =============================


 Ket wavefunction restored from record 8200.2 to file 8
 Bra wavefunction restored from record 7200.2 to file 7


 !MRCI trans         <1.4|QMXY|1.1>     0.000002759555
 !MRCI trans           <1.4|LZ|1.1>     1.999987769288i


 **********************************************************************************************************************************
 DATASETS  * FILE   NREC   LENGTH (MB)   RECORD NAMES
              1      21      303.78       500      700      610      701      900      950      970     1000      129      960   
                                          VAR     GEOM    BASINP    GEOM    SYMINP    ZMAT    AOBASIS   BASIS     P2S    ABASIS    
                                         1100     1400     1410     1200     1210     1080     1600     1650     1300     1700   
                                           S        T        V       H0       H01     AOSYM     SMH    MOLCAS    ERIS     OPER   
                                         1380   
                                         JKOP   

              2      11      262.66       500      610      700     1000      520     2100     2140      701     2140(1)  8200   
                                          VAR    BASINP    GEOM     BASIS   MCVARS     RHF     MCSCF    GEOM     MCSCF    MRCI   
                                         7200   
                                         MRCI   

 PROGRAMS   *        TOTAL        CI        CI        CI     MULTI       INT   RESTART
 CPU TIMES  *      2271.81     14.19   1105.08   1105.97     21.16     25.30      0.01
 REAL TIME  *      2471.55 SEC
 DISK USED  *         2.30 GB      
 **********************************************************************************************************************************

 CI/aug-cc-pV5Z energy=      0.000000000000

        CI              CI              MULTI   
   -150.03625515   -150.03625516   -149.40124028
 **********************************************************************************************************************************
 Molpro calculation terminated
 Variable memory released
