
 Primary working directories    : /home/molpro/scratch
 Secondary working directories  : /home/molpro/scratch
 Wavefunction directory         : /home/molpro/wfu/
 Main file repository           : /home/molpro/scratch/

 SHA1      : 8d3a41adb92b80e39ab26644dc94a939cd644703
 NAME      : 2015.1.16
 ARCHNAME  : linux/x86_64
 FC        : /opt/intel/composer_xe_2015.1.133/bin/intel64/ifort
 BLASLIB   : -Wl,-_start-group /opt/intel/mkl/lib/intel64/libmkl_intel_ilp64.a /opt/intel/mkl/lib/intel64/libmkl_intel_thread.a /opt/intel/mkl/lib/intel64/libmkl_core.a -Wl,-_end-group
 id        : gskim

 Nodes     nprocs
 node0        1

 Using customized tuning parameters: mindgm=1; mindgv=20; mindgc=4; mindgr=1; noblas=0; minvec=7
 default implementation of scratch files=df  

 ***,The Transition dipole moment Calculations   for SO from 1sigma- to 3sig-
 file,2,trans-so-1sigm.wfu
 memory,2500,M
 geometry={angstrom;
 S
 O,S,r}
 basis=av5z
 r=[1.2]
 do i=1,#r
 int;
 
 Text, Transition dipole moments calculation of SO from 1Pi to 3sigp- using  av5z
 
 {multi;occ,8,3,3;close,4,1,1;start,2140.2;orbital,2140.2;natorb,,ci;wf,24,4,2;state,5;wf,24,4,0;state,3;maxiter,40;}
 
 {ci;occ,8,3,3;core,4,1,1;wf,24,4,2;state,4;orbital,2140.2;maxiter,250;option,maxiti=250;option,nstati=6;save,6000.2;}
 {ci;occ,8,3,3;core,4,1,1;wf,24,4,0;state,2;orbital,2140.2;maxiter,250;option,maxiti=250;option,nstati=4;save,5000.2;}
 
 {ci;hlsmat,ls,5000.2,6000.2;options,matel=1;PRINT}
 
 enddo
 

 Variables initialized (889), CPU time= 0.00 sec
 Commands  initialized (702), CPU time= 0.01 sec, 572 directives.
 Default parameters read. Elapsed time= 0.04 sec

 Checking input...
 Passed
1


                                         ***  PROGRAM SYSTEM MOLPRO  ***
                                       Copyright, TTI GmbH Stuttgart, 2015
                                    Version 2015.1 linked Feb  1 2017 15:13:54


 **********************************************************************************************************************************
 LABEL *   The Transition dipole moment Calculations   for SO from 1sigma- to 3si        
  64 bit serial version                                                                  DATE: 20-Jan-21          TIME: 03:14:13  
 **********************************************************************************************************************************

 SHA1:             8d3a41adb92b80e39ab26644dc94a939cd644703
 **********************************************************************************************************************************

 Variable memory set to    8000000 words,  buffer space   230000 words



 Permanent file  2  trans-so-1sigm.wfu               assigned.  Implementation=df    Size=  0.12 GB
 

 PROGRAM * RESTART 


 Reading variables from file 2

 _NUMVAR         =    898.00000000
 _DKROLL_DONE    =      0.00000000
 _FOCKDONE       =      0.00000000
 _INTDONE        =      1.00000000
 _DIRECT         =      0.00000000
 _DKHO           =     -1.00000000
 _BASIS          =    AV5Z
 _NELEC          =     24.00000000
 _PROGRAM        =    CI
 _CPUSTEP        =    115.92000000
 _SYSSTEP        =      7.98000000
 _WALLSTEP       =    147.90000000
 _BASINP         =    610.00000000
 _CPUTOT         =  14647.60000000
 _DFTEXFAC       =      1.00000000
 _DMX_SCF        =      0.00000000
 _DMY_SCF        =      0.00000000
 _DMZ_SCF        =     -0.28446085
 _EHOMO          =     -0.35696439
 _ELUMO          =      0.05013848
 _EIGS(1:258)    =    -92.02020083   -20.58326102    -9.03085644    -6.71587080    -1.58720297    -0.82857327
                       -0.64808766     0.05013848     0.05949201     0.12084124     0.17519759     0.19308193
                        0.23676902     0.27543175     0.40352224     0.42468908     0.46385712     0.47503895
                        0.55283673     0.56512375     0.59970546     0.67570101     1.00093952     1.01938937
                        1.05432701     1.12760071     1.18552443     1.19732400     1.24560772     1.25391149
                        1.25954516     1.36453328     1.54680785     1.68325341     1.87321901     2.09684374
                        2.35455759     2.47429608     2.49119862     2.52697160     2.65141638     2.65698959
                        2.70516415     2.81233118     2.98920412     3.03898038     3.07147825     3.22310749
                        3.44766474     3.51437394     3.85816865     3.87654938     3.97700186     4.53056000
                        4.82416888     4.91787074     5.30734935     5.48854585     5.90407139     6.02306277
                        6.09597124     6.12214846     6.14829923     6.26376444     6.70902364     6.74208072
                        7.23191970     7.29347060     7.34307889     7.60454259     8.18456823     8.31768405
                        8.60826174     8.95607066     9.44340242     9.74374415    10.11840480    10.86347242
                       11.71456516    13.57589178    16.36200203    16.64223120    16.65225091    18.34508404
                       19.11275681    19.62733210    19.90141190    19.92669472    21.28356281    22.75201942
                       23.64013051    31.02318256    64.95168856    75.53982471    -6.70735117    -0.70248982
                       -0.35696439     0.06612993     0.12808241     0.27423991     0.29986016     0.44499630
                        0.47031468     0.54852957     0.62261402     0.74983014     1.01878876     1.14039569
                        1.16529556     1.21673329     1.24958350     1.28706999     1.41305046     1.44101872
                        1.90071579     2.44846770     2.51224356     2.57195110     2.65239231     2.66678168
                        2.75584002     2.89232647     3.03799484     3.05448655     3.45144983     3.65248404
                        3.86661947     3.92502726     4.51056240     5.05199798     5.32766509     5.74033202
                        5.90430885     5.93825859     6.16738174     6.21464470     6.29323523     6.33590560
                        7.28662476     7.38881423     7.45820303     7.89492374     8.03109647     8.18000705
                        9.82446932    10.15432860    11.79878127    16.20242559    16.66048173    16.66662814
                       16.90095802    19.30911020    19.42034986    19.62500225    20.92575899    23.80857064
                       25.88814463    -6.70735117    -0.70248982    -0.35696439     0.06612993     0.12808241
                        0.27423991     0.29986016     0.44499630     0.47031468     0.54852957     0.62261402
                        0.74983014     1.01878876     1.14039569     1.16529556     1.21673329     1.24958350
                        1.28706999     1.41305046     1.44101872     1.90071579     2.44846770     2.51224356
                        2.57195110     2.65239231     2.66678168     2.75584002     2.89232647     3.03799484
                        3.05448655     3.45144983     3.65248404     3.86661947     3.92502726     4.51056240
                        5.05199798     5.32766509     5.74033202     5.90430885     5.93825859     6.16738174
                        6.21464470     6.29323523     6.33590560     7.28662476     7.38881423     7.45820303
                        7.89492374     8.03109647     8.18000705     9.82446932    10.15432860    11.79878127
                       16.20242559    16.66048173    16.66662814    16.90095802    19.30911020    19.42034986
                       19.62500225    20.92575899    23.80857064    25.88814463     0.19308193     0.42468908
                        0.46385712     0.59970546     1.01938937     1.05432701     1.18552443     1.25391149
                        1.36453328     1.87321901     2.47429608     2.52697160     2.65141638     2.65698959
                        2.98920412     3.07147825     3.22310749     3.51437394     3.87654938     4.82416888
                        5.30734935     6.02306277     6.12214846     6.14829923     6.70902364     6.74208072
                        7.23191970     7.29347060     8.31768405     8.60826174     9.74374415    10.11840480
                       16.36200203    16.64223120    19.11275681    19.62733210    19.92669472    22.75201942
 _ENERGD0(1:2)   =   -472.52442545  -472.36797321
 _ENERGD1(1:2)   =   -472.52570647  -472.36909256
 _ENERGD2(1:2)   =   -472.52567966  -472.36906786
 _ENERGD3(1:2)   =   -472.52442645  -472.36797220
 _ENERGD4(1:2)   =   -472.52568070  -472.36906682
 _ENERGP0(1:2)   =   -472.52018187  -472.36369763
 _ENERGP1(1:2)   =   -472.52141189  -472.36477322
 _ENERGP2(1:2)   =   -472.52138609  -472.36474944
 _ENERGP3(1:2)   =   -472.52018277  -472.36369672
 _ENERGP4(1:2)   =   -472.52138702  -472.36474851
 _ENERGRR(1:2)   =   -472.10086919  -471.94218891
 _ENERGY(1:4)    =   -472.48427509  -472.32733634  -472.64282361  -472.34987832
 _ENERGY_METHOD  =    CI
 _ENERGY_BASIS   =    aug-cc-pV5Z
 _GEOMETRY_METHOD=     
 _GEOMETRY_BASIS =     
 _ENUC           =     56.44556916
 _GRADEXFAC      =   9999.00000000
 _LASTNELEC      =     12.00000000
 _LASTSPIN       =      0.00000000
 _LASTSYM        =      4.00000000
 _ORBITAL        =   2140.20000000
 _ROOT(1:2)      =      1.00000000     2.00000000
 _SEIG_MIN       =      0.00000554
 _SEWPROP        =      1.00000000
 _STATUS         =      1.00000000
 _SYSTOT         =   5801.97000000
 _WALLTOT        =  44799.07000000
 _DATE           =    17-Jan-21
 _LASTORB        =    MCSCF
 _OUTPUT         =    /home/molpro/SO-trans/3sigm-trans12.xml
 _PGROUP         =    C2v 
 _TIME           =    02:04:50
 _C0(1:4)        =      0.90520441     0.90456211     0.89532291     0.88939666
 _C0R(1:4)       =      0.90253182     0.90224259     0.89361905     0.88732138
 _DMX_CC(1:9)    =      0.00000000     0.00000000     0.00000000     0.00000000     0.00000000     0.00000000
                        0.00000000     0.00000000     0.00000000
 _DMY_CC(1:9)    =      0.00000000     0.00000000     0.00000000     0.00000000     0.00000000     0.00000000
                        0.00000000     0.00000000     0.00000000
 _DMZ_CC(1:9)    =      4.51786881     4.51786881     4.51786881     4.51786881     4.51786881     4.51786881
                        4.51786881     4.51786881     4.51786881
 _DMX_NUC(1:9)   =      0.00000000     0.00000000     0.00000000     0.00000000     0.00000000     0.00000000
                        0.00000000     0.00000000     0.00000000
 _DMY_NUC(1:9)   =      0.00000000     0.00000000     0.00000000     0.00000000     0.00000000     0.00000000
                        0.00000000     0.00000000     0.00000000
 _DMZ_NUC(1:9)   =      0.02310166     0.02310166     0.02310166     0.02310166     0.02310166     0.02310166
                        0.02310166     0.02310166     0.02310166
 R(1:48)         =      1.20000000     1.21000000     1.23000000     1.25000000     1.27000000     1.28000000
                        1.29000000     1.30000000     1.32000000     1.34000000     1.35000000     1.37500000
                        1.40000000     1.42000000     1.44000000     1.45000000     1.47000000     1.48000000
                        1.50000000     1.52000000     1.55000000     1.58000000     1.60000000     1.65000000
                        1.70000000     1.75000000     1.80000000     1.85000000     1.90000000     1.95000000
                        2.00000000     2.05000000     2.10000000     2.15000000     2.20000000     2.25000000
                        2.30000000     2.35000000     2.40000000     2.45000000     2.50000000     2.60000000
                        2.70000000     2.80000000     2.90000000     3.00000000     3.10000000     3.20000000
 I               =     48.00000000
 _TRLX           =      0.00000000
 _TRLY           =      0.00000000
 _TRLZ           =      0.00000000

 Geometry written to block  1 of record 700


 **********************************************************************************************************************************
 DATASETS  * FILE   NREC   LENGTH (MB)   RECORD NAMES
              2      12      130.63       500      610      700     1000      520     2100     2140     6000     5000     2140(1)
                                          VAR    BASINP    GEOM     BASIS   MCVARS     RHF     MCSCF    MRCI     MRCI     MCSCF   
                                         6100     5100   
                                         MRCI     MRCI   

 PROGRAMS   *        TOTAL   RESTART
 CPU TIMES  *         0.09      0.01
 REAL TIME  *         0.10 SEC
 DISK USED  *         0.03 MB      
 **********************************************************************************************************************************

 Variable memory set to 2500000000 words,  buffer space   230000 words

 SETTING BASIS          =    AV5Z
 SETTING R              =         1.20000000                                  

 DO I                   =         1.00000000   


 Using spherical harmonics

 Library entry S      S aug-cc-pV5Z          selected for orbital group  1
 Library entry S      P aug-cc-pV5Z          selected for orbital group  1
 Library entry S      D aug-cc-pV5Z          selected for orbital group  1
 Library entry S      F aug-cc-pV5Z          selected for orbital group  1
 Library entry S      G aug-cc-pV5Z          selected for orbital group  1
 Library entry S      H aug-cc-pV5Z          selected for orbital group  1
 Library entry O      S aug-cc-pV5Z          selected for orbital group  2
 Library entry O      P aug-cc-pV5Z          selected for orbital group  2
 Library entry O      D aug-cc-pV5Z          selected for orbital group  2
 Library entry O      F aug-cc-pV5Z          selected for orbital group  2
 Library entry O      G aug-cc-pV5Z          selected for orbital group  2
 Library entry O      H aug-cc-pV5Z          selected for orbital group  2


 PROGRAM * SEWARD (Integral evaluation for generally contracted gaussian basis sets)     Author: Roland Lindh, 1990

 Geometry written to block  1 of record 700

 Orientation using atomic masses  
 Molecule type: Linear
 Symmetry elements: X,Y
 Rotational constants:      32.8825756     32.8825756      0.0000000 GHz  (calculated with average atomic masses)

 Point group  C2v 



 ATOMIC COORDINATES

 NR  ATOM    CHARGE       X              Y              Z

   1  S      16.00    0.000000000    0.000000000   -0.754927881
   2  O       8.00    0.000000000    0.000000000    1.512743469

 Bond lengths in Bohr (Angstrom)

 1-2  2.267671349
     ( 1.200000000)

 NUCLEAR CHARGE:                   24
 NUMBER OF PRIMITIVE AOS:         416
 NUMBER OF SYMMETRY AOS:          306
 NUMBER OF CONTRACTIONS:          258   (  94A1  +  63B1  +  63B2  +  38A2  )
 NUMBER OF CORE ORBITALS:           6   (   4A1  +   1B1  +   1B2  +   0A2  )
 NUMBER OF VALENCE ORBITALS:        8   (   4A1  +   2B1  +   2B2  +   0A2  )


 NUCLEAR REPULSION ENERGY   56.44556916

 EXTRA SYMMETRY OF AOS IN SYMMETRY 1:   1 1 1 1 1 1 1 1 1 1   1 1 1 1 1 1 2 1 2 1   2 1 2 1 2 1 2 1 2 1   2 1 2 1 3 2 1 3 2 1
                                        3 2 2 3 1 2 3 1 1 1   1 1 1 1 1 1 1 1 1 1   1 1 2 1 2 1 2 1 2 1   2 1 2 1 2 1 2 1 2 1
                                        3 2 1 3 2 1 3 2 2 3   1 2 3 1
 EXTRA SYMMETRY OF AOS IN SYMMETRY 2:   1 1 1 1 1 1 1 1 1 1   1 1 1 2 1 2 1 2 1 2   1 2 1 2 1 2 1 2 3 1   2 3 1 1 1 1 1 1 1 1
                                        1 1 1 1 2 1 2 1 2 1   2 1 2 1 2 1 2 1 2 3   1 2 3
 EXTRA SYMMETRY OF AOS IN SYMMETRY 3:   1 1 1 1 1 1 1 1 1 1   1 1 1 2 1 2 1 2 1 2   1 2 1 2 1 2 1 2 3 1   2 3 1 1 1 1 1 1 1 1
                                        1 1 1 1 2 1 2 1 2 1   2 1 2 1 2 1 2 1 2 3   1 2 3
 EXTRA SYMMETRY OF AOS IN SYMMETRY 4:   1 1 1 1 1 1 1 1 1 1   2 1 2 1 2 2 1 2 1 1   1 1 1 1 1 1 1 1 1 2   1 2 1 2 2 1 2 1

 Eigenvalues of metric

         1 0.554E-05 0.118E-04 0.249E-04 0.865E-04 0.126E-03 0.255E-03 0.524E-03 0.894E-03
         2 0.826E-05 0.117E-03 0.867E-03 0.134E-02 0.394E-02 0.666E-02 0.843E-02 0.240E-01
         3 0.826E-05 0.117E-03 0.867E-03 0.134E-02 0.394E-02 0.666E-02 0.843E-02 0.240E-01
         4 0.102E-02 0.615E-02 0.196E-01 0.476E-01 0.600E-01 0.680E-01 0.755E-01 0.118E+00


 Contracted 2-electron integrals neglected if value below      1.0D-12
 AO integral compression algorithm  1   Integral accuracy      1.0D-12

     635.437 MB (compressed) written to integral file ( 46.5%)


 NUMBER OF SORTED TWO-ELECTRON INTEGRALS:  141933571.     BUFFER LENGTH:  32768
 NUMBER OF SEGMENTS:   9  SEGMENT LENGTH:   15999298      RECORD LENGTH: 524288

 Memory used in sort:      16.56 MW

 SORT1 READ   170851810. AND WROTE    94704307. INTEGRALS IN    276 RECORDS. CPU TIME:     2.71 SEC, REAL TIME:     3.37 SEC
 SORT2 READ    94704307. AND WROTE   141933571. INTEGRALS IN   2424 RECORDS. CPU TIME:     1.55 SEC, REAL TIME:     1.98 SEC

 FILE SIZES:   FILE 1:   656.0 MBYTE,  FILE 4:  1157.7 MBYTE,   TOTAL:   1813.7 MBYTE

 OPERATOR DM      FOR CENTER  0  COORDINATES:    0.000000    0.000000    0.000000


 **********************************************************************************************************************************
 DATASETS  * FILE   NREC   LENGTH (MB)   RECORD NAMES
              1      19      537.73       500      700      610      900      950      970     1000      129      960     1100   
                                          VAR     GEOM    BASINP   SYMINP    ZMAT    AOBASIS   BASIS     P2S    ABASIS      S 
                                         1400     1410     1200     1210     1080     1600     1650     1300     1700   
                                           T        V       H0       H01     AOSYM     SMH    MOLCAS    ERIS     OPER   

              2      12      130.63       500      610      700     1000      520     2100     2140     6000     5000     2140(1)
                                          VAR    BASINP    GEOM     BASIS   MCVARS     RHF     MCSCF    MRCI     MRCI     MCSCF   
                                         6100     5100   
                                         MRCI     MRCI   

 PROGRAMS   *        TOTAL       INT   RESTART
 CPU TIMES  *        35.56     35.47      0.01
 REAL TIME  *        46.43 SEC
 DISK USED  *         1.94 GB      
 **********************************************************************************************************************************


 PROGRAM * MULTI (Direct Multiconfiguration SCF)       Authors: P.J. Knowles, H.-J. Werner (1984)     S.T. Elbert (1988)


 Number of closed-shell orbitals:   6 (   4   1   1   0 )
 Number of active  orbitals:        8 (   4   2   2   0 )
 Number of external orbitals:     244 (  86  60  60  38 )

 State symmetry 1

 Number of electrons:    12    Spin symmetry=Triplet   Space symmetry=4
 Number of states:        5
 Number of CSFs:         96   (120 determinants, 448 intermediate states)

 State symmetry 2

 Number of electrons:    12    Spin symmetry=Singlet   Space symmetry=4
 Number of states:        3
 Number of CSFs:         72   (192 determinants, 784 intermediate states)

 Iteration controls:
             1  2  3  4  5  6  7  8  9 10 11 12 13 14 15 16 17 18 19 20 21 22 23 24 25 26 27 28 29 30 31 32 33 34 35 36 37 38 39
 DIAGCI      T  T  T  T  T  T  T  T  T  T  T  T  T  T  T  T  T  T  T  T  T  T  T  T  T  T  T  T  T  T  T  T  T  T  T  T  T  T  T
 WERNER      T  T  T  T  T  T  T  T  T  T  T  T  T  T  T  T  T  T  T  T  T  T  T  T  T  T  T  T  T  T  T  T  T  T  T  T  T  T  T
 INTERNAL    F  T  T  T  T  T  T  T  T  T  T  T  T  T  T  T  T  T  T  T  T  T  T  T  T  T  T  T  T  T  T  T  T  T  T  T  T  T  T

 Molecular orbitals read from record     2140.2  Type=MCSCF/NATURAL (state averaged)

 EXTRA SYMMETRY OF MOS IN SYMMETRY 1:   1 1 1 1 1 1 1 1 1 1   1 2 1 1 1 2 1 2 1 1   2 1 1 2 3 1 1 2 1 2   1 2 1 1 2 1 1 1 2 3
                                        2 3 1 1 2 1 3 2 1 2   1 2 1 1 2 1 2 1 1 3   1 3 2 1 2 3 3 2 1 1   1 2 2 1 1 2 2 1 1 1
                                        3 2 1 1 3 2 1 2 1 2   1 1 1 1
 EXTRA SYMMETRY OF MOS IN SYMMETRY 2:   1 1 1 1 1 1 1 2 1 1   1 1 2 2 1 1 1 2 1 1   1 1 2 2 1 3 1 2 2 1   1 1 2 1 1 1 2 1 2 1
                                        3 3 2 1 2 1 1 2 1 2   1 1 1 3 1 2 1 2 2 1   1 1 1
 EXTRA SYMMETRY OF MOS IN SYMMETRY 3:   1 1 1 1 1 1 1 2 1 1   1 1 2 2 1 1 1 2 1 1   1 1 2 2 1 3 1 2 2 1   1 1 2 1 1 1 2 1 2 1
                                        3 3 2 1 2 1 1 2 1 2   1 1 1 3 1 2 1 2 2 1   1 1 1
 EXTRA SYMMETRY OF MOS IN SYMMETRY 4:   1 1 1 1 1 2 1 1 1 1   1 2 1 2 1 2 1 1 1 1   1 2 2 1 1 2 2 1 1 1   1 1 2 1 2 1 1 1

 Wavefunction dump at record             2140.2

 Convergence thresholds  0.10E-01 (gradient)  0.10E-05 (energy)  0.10E-02 (step length)

 Weight factors for state symmetry  1:    0.12500   0.12500   0.12500   0.12500   0.12500
 Weight factors for state symmetry  2:    0.12500   0.12500   0.12500

 Number of orbital rotations:     1068   (    20 Core/Active    464 Core/Virtual   0 Active/Active    584 Active/Virtual)
 Total number of variables:       2244


 ITER. MIC  NCI  NEG     ENERGY(VAR)     ENERGY(PROJ)   ENERGY CHANGE     GRAD(0)  GRAD(ORB)   GRAD(CI)     STEP       TIME

   1   25   14    0    -471.98012553    -471.98500406   -0.00487853    0.05446870 0.00008779 0.00000000  0.34D+00      1.61
   2   24   16    0    -471.98511252    -471.98512497   -0.00001244    0.00439460 0.00000148 0.00000000  0.99D-02      3.23
   3   25   10    0    -471.98512498    -471.98512498   -0.00000000    0.00000658 0.00000016 0.00000000  0.30D-04      4.74
   4   24   10    0    -471.98512498    -471.98512498   -0.00000000    0.00000016 0.00000001 0.00000000  0.58D-06      6.26

 ** WVFN ****  CONVERGENCE REACHED, FINAL GRADIENT:  0.53D-08



 Results for state 1.4
 =====================

 !MCSCF STATE 1.4 Energy             -472.297218169390
 Nuclear energy                        56.44556916
 Kinetic energy                       474.39584068
 One electron energy                 -764.73452488
 Two electron energy                  235.99173754
 Virial ratio                           1.99557622

 !MCSCF STATE 1.4 Dipole moment         0.00000000     0.00000000    -0.20165985
 Dipole moment /Debye                   0.00000000     0.00000000    -0.51253465

 Results for state 2.4
 =====================

 !MCSCF STATE 2.4 Energy             -471.979237909422
 Nuclear energy                        56.44556916
 Kinetic energy                       474.39342351
 One electron energy                 -763.13443702
 Two electron energy                  234.70962994
 Virial ratio                           1.99491101

 !MCSCF STATE 2.4 Dipole moment         0.00000000     0.00000000     0.78415492
 Dipole moment /Debye                   0.00000000     0.00000000     1.99299247

 Results for state 3.4
 =====================

 !MCSCF STATE 3.4 Energy             -471.889103643177
 Nuclear energy                        56.44556916
 Kinetic energy                       474.30294833
 One electron energy                 -762.93653068
 Two electron energy                  234.60185787
 Virial ratio                           1.99491075

 !MCSCF STATE 3.4 Dipole moment         0.00000000     0.00000000     0.43971399
 Dipole moment /Debye                   0.00000000     0.00000000     1.11756828

 Results for state 4.4
 =====================

 !MCSCF STATE 4.4 Energy             -471.816199335765
 Nuclear energy                        56.44556916
 Kinetic energy                       473.29667220
 One electron energy                 -761.62406470
 Two electron energy                  233.36229620
 Virial ratio                           1.99687200

 !MCSCF STATE 4.4 Dipole moment         0.00000000     0.00000000     0.42825546
 Dipole moment /Debye                   0.00000000     0.00000000     1.08844550

 Results for state 5.4
 =====================

 !MCSCF STATE 5.4 Energy             -471.811316583351
 Nuclear energy                        56.44556916
 Kinetic energy                       473.30521504
 One electron energy                 -761.64659168
 Two electron energy                  233.38970594
 Virial ratio                           1.99684369

 !MCSCF STATE 5.4 Dipole moment         0.00000000     0.00000000     0.65045412
 Dipole moment /Debye                   0.00000000     0.00000000     1.65318119



 Results for state 1.4
 =====================

 !MCSCF STATE 1.4 Energy             -472.260723373980
 Nuclear energy                        56.44556916
 Kinetic energy                       474.38357602
 One electron energy                 -764.69970845
 Two electron energy                  235.99341591
 Virial ratio                           1.99552503

 !MCSCF STATE 1.4 Dipole moment         0.00000000     0.00000000    -0.13514077
 Dipole moment /Debye                   0.00000000     0.00000000    -0.34347107

 Results for state 2.4
 =====================

 !MCSCF STATE 2.4 Energy             -471.987463340045
 Nuclear energy                        56.44556916
 Kinetic energy                       474.39315348
 One electron energy                 -763.13340552
 Two electron energy                  234.70037302
 Virial ratio                           1.99492891

 !MCSCF STATE 2.4 Dipole moment         0.00000000     0.00000000     0.78495983
 Dipole moment /Debye                   0.00000000     0.00000000     1.99503819

 Results for state 3.4
 =====================

 !MCSCF STATE 3.4 Energy             -471.839737495936
 Nuclear energy                        56.44556916
 Kinetic energy                       474.35761869
 One electron energy                 -763.01202505
 Two electron energy                  234.72671839
 Virial ratio                           1.99469202

 !MCSCF STATE 3.4 Dipole moment         0.00000000     0.00000000     0.35500707
 Dipole moment /Debye                   0.00000000     0.00000000     0.90227886

 State-averaged charge density matrix saved on record  2140.2 (density set 1)

 !MCSCF expec         <1.4|DMZ|1.4>    -0.201659852799 au =    -0.512534648677 Debye
 !MCSCF expec         <2.4|DMZ|2.4>     0.784154924167 au =     1.992992472164 Debye
 !MCSCF trans         <3.4|DMZ|1.4>    -0.620910105535 au =    -1.578092706027 Debye
 !MCSCF expec         <3.4|DMZ|3.4>     0.439713988401 au =     1.117568278639 Debye
 !MCSCF trans         <4.4|DMZ|2.4>    -0.004204469850 au =    -0.010685996482 Debye
 !MCSCF expec         <4.4|DMZ|4.4>     0.428255456132 au =     1.088445502197 Debye
 !MCSCF trans         <5.4|DMZ|1.4>    -0.172567973743 au =    -0.438595310705 Debye
 !MCSCF trans         <5.4|DMZ|3.4>     0.202273955533 au =     0.514095439905 Debye
 !MCSCF expec         <5.4|DMZ|5.4>     0.650454124084 au =     1.653181192688 Debye
 !MCSCF expec         <1.4|DMZ|1.4>    -0.135140765799 au =    -0.343471067540 Debye
 !MCSCF expec         <2.4|DMZ|2.4>     0.784959825453 au =     1.995038193174 Debye
 !MCSCF trans         <3.4|DMZ|1.4>    -0.634147093952 au =    -1.611735571047 Debye
 !MCSCF expec         <3.4|DMZ|3.4>     0.355007065007 au =     0.902278856281 Debye


 EXTRA SYMMETRY OF MOS IN SYMMETRY 2:   1 1 1 1 1 1 1 2 1 1   1 1 2 1 2 1 1 2 1 1   1 1 2 2 1 3 1 2 2 1   1 1 2 1 1 1 2 1 2 1
                                        3 3 2 1 2 1 1 2 1 2   1 1 1 3 1 2 1 2 2 1   1 1 1
 EXTRA SYMMETRY OF MOS IN SYMMETRY 3:   1 1 1 1 1 1 1 2 1 1   1 1 2 1 2 1 1 2 1 1   1 1 2 2 1 3 1 2 2 1   1 1 2 1 1 1 2 1 2 1
                                        3 3 2 1 2 1 1 2 1 2   1 1 1 3 1 2 1 2 2 1   1 1 1

 Natural orbital dump (state averaged) at molpro section  2140.2    (Orbital set 2)


 CI vector for state symmetry 1
 ==============================

 2220 2a 2a       0.9722960  -0.0000000   0.1312783   0.0000000   0.0495417
 2220 a2 2a      -0.1232675  -0.7021821   0.6154829   0.0145982   0.0551565
 2220 2a a2      -0.1232675   0.7021821   0.6154829  -0.0145982   0.0551565
 22aa 2a 2b       0.0168028   0.0144278   0.0386297   0.6860431  -0.4721457
 22aa 2b 2a       0.0168028  -0.0144278   0.0386297  -0.6860431  -0.4721457
 22ab 2a 2a      -0.0605640   0.0000000  -0.3507839  -0.0000000   0.5010147
 22ba 2a 2a       0.0269585  -0.0000000   0.2735245  -0.0000000   0.4432767
 2b2a 2a 2a       0.0106938  -0.0000000  -0.0632651   0.0000000  -0.1844751
 2a2a b2 2a       0.0113373  -0.0091967   0.0084136   0.1096751   0.0922718
 2a2a 2a b2       0.0113373   0.0091967   0.0084136  -0.1096751   0.0922718
 2a2b 2a 2a      -0.0612578   0.0000000  -0.0247462  -0.0000000   0.0943602
 2220 a2 a2      -0.0728471  -0.0000000   0.0796782  -0.0000000   0.0120428
 2b2a a2 2a      -0.0036149   0.0037105  -0.0309019  -0.0343470  -0.0679001
 2b2a 2a a2      -0.0036149  -0.0037105  -0.0309019   0.0343470  -0.0679001
 2a2a a2 2b      -0.0036031  -0.0164544   0.0107914  -0.0664039   0.0357245
 2a2a 2b a2      -0.0036031   0.0164544   0.0107914   0.0664039   0.0357245
 22aa b2 2a       0.0083910  -0.0089943  -0.0048670   0.0659560   0.0376720
 22aa 2a b2       0.0083910   0.0089943  -0.0048670  -0.0659560   0.0376720
 2a2b a2 2a      -0.0041193   0.0219406   0.0116968  -0.0089242  -0.0600962
 2a2b 2a a2      -0.0041193  -0.0219406   0.0116968   0.0089242  -0.0600962
 22aa a2 b2      -0.0023818  -0.0075899   0.0035049  -0.0501745   0.0204058
 22aa b2 a2      -0.0023818   0.0075899   0.0035049   0.0501745   0.0204058

 TOTAL ENERGIES                      -472.29721817  -471.97923791  -471.88910364
                                     -471.81619934  -471.81131658

 CI vector for state symmetry 2
 ==============================

 2220 2b 2a      -0.6829898  -0.0000000  -0.1277684
 2220 2a 2b       0.6829898   0.0000000   0.1277684
 2220 b2 2a       0.1047419  -0.4965382  -0.4341569
 2220 2b a2       0.1047419   0.4965382  -0.4341569
 2220 2a b2      -0.1047419  -0.4965382   0.4341569
 2220 a2 2b      -0.1047419   0.4965382   0.4341569
 22ab 2b 2a       0.0254024  -0.0067486   0.2192785
 22ba 2b 2a      -0.0254024  -0.0067486  -0.2192785
 22ba 2a 2b       0.0254024  -0.0067486   0.2192785
 22ab 2a 2b      -0.0254024  -0.0067486  -0.2192785
 2220 b2 a2       0.0683610  -0.0000000  -0.0735657
 2220 a2 b2      -0.0683610   0.0000000   0.0735657

 TOTAL ENERGIES                      -472.26072337  -471.98746334  -471.83973750



 **********************************************************************************************************************************
 DATASETS  * FILE   NREC   LENGTH (MB)   RECORD NAMES
              1      20      559.79       500      700      610      900      950      970     1000      129      960     1100   
                                          VAR     GEOM    BASINP   SYMINP    ZMAT    AOBASIS   BASIS     P2S    ABASIS      S 
                                         1400     1410     1200     1210     1080     1600     1650     1300     1700     1380   
                                           T        V       H0       H01     AOSYM     SMH    MOLCAS    ERIS     OPER     JKOP   

              2      12      130.63       500      610      700     1000      520     2100     2140     6000     5000     2140(1)
                                          VAR    BASINP    GEOM     BASIS   MCVARS     RHF     MCSCF    MRCI     MRCI     MCSCF   
                                         6100     5100   
                                         MRCI     MRCI   

 PROGRAMS   *        TOTAL     MULTI       INT   RESTART
 CPU TIMES  *        43.42      7.86     35.47      0.01
 REAL TIME  *        55.88 SEC
 DISK USED  *         1.94 GB      
 **********************************************************************************************************************************


 PROGRAM * CI (Multireference internally contracted CI)     Authors: H.-J. Werner, P.J. Knowles, 1987


 Convergence thresholds:  THRVAR = 1.00D-08  THRDEN = 1.00D-06

 Number of optimized states:  4  Roots:   1   2   3   4
 Number of reference states:  4  Roots:   1   2   3   4

 Program parameters:       NSTATE=  4    NSTATI=  6    NSTATR=  4    NCEPA = -1    NOKOP =  0    ITRDM =  0    ITRANS=  0
                           IDIP  =200    MAXIT =250    MAXITI=250    MAXDAV= 12    MAXVI = 18    NOSING=  0    NOPAIR=  0
                           MXSHRF=  4    IKCPS =  0    IOPTGM=  2    IOPTOR=  0    REFOPT=  1    IAVDEN=  0    IDELCG=  1
                           IREST =  0    NATORB=  0    IPUNRF=  0    ISEP  =  0    OLDDEN=  0    NSTPRI=  1    GPSFLI= -1
                           CLUSTE=  0    CLOSED=  1    ILSTYP=  0    ITRLS =  0    ICCSD =  0    LOCAL =  0    IBASO =  0
                           MP    =  0    ITEDIS=  2    INCDIS=  1    MAXDIS=  6    ITYDIS=  1    BRUECK=  0    IBRSTR=  3
                           INCBRK=  1    TRIPLE=  0    ICCTYP=  1    IHPPD =  0    ICCNEW=  0    I3EXT = -1    IDEB  =  0
                           IDLEIG=  1    IDFTYP=  1    IMP3  =  0    IPROCS=  0    NOINT =  0    NOREF =  1    IMP2G =  0
                           IHINT =  0    IFDIA =  0    ISPARO=  1    JKSYM =  0    CPHF  =  0    MP2D  = -1    DKINT =  0
                           NPKEX =  1    DRVK  =  1    HLSTRA=  1    WIGNER=  1    DIIS_C=  1    MAXIT_= 50    MATEL =  0
                           SPDEG =  1    MEMCPH=  0    DISM  =  1    KDCPMA=  5    IKDCP_=  0    IREDTH=  0    USECS =  0
                           IPROCC=  0    I3SAVE=  1    IKDCP =  1    USECI =  0    OLDPAI=  0    IPROCI=  0    KEEPCL=  1
                           DISCON=  0    SHIFTE=  0    DIISIN=  0    MOLCAS=  0    MEM_PT=  0    RECORD=  0    RS2C  =  0
                           KEXT  = -1    CIPT2 =  0    DECP0S=  0    I4EXT = -1    NATCOR=  0    RIMP2 =  0    DDCI  = -1

 Reference symmetry:                   4   Triplet 
 Number of electrons:                 24
 Maximum number of shells:             4
 Maximum number of spin couplings:    28

 Reference space:       48 conf       96 CSFs
 N elec internal:      238 conf      378 CSFs
 N-1 el internal:      488 conf     1488 CSFs
 N-2 el internal:      512 conf     3466 CSFs

 Number of electrons in valence space:                     12
 Maximum number of open shell orbitals in reference space:  4
 Maximum number of open shell orbitals in internal spaces:  8


 Number of core orbitals:           6 (   4   1   1   0 )
 Number of active  orbitals:        8 (   4   2   2   0 )
 Number of external orbitals:     244 (  86  60  60  38 )

 Molecular orbitals read from record     2140.2  Type=MCSCF/NATURAL (state averaged)

 Coulomb and exchange operators available. No transformation done.

 Number of p-space configurations:   6

 Reference wavefunction optimized for reference space (refopt=1)

 State     Reference Energy 
   1        -472.29721817
   2        -471.97923791
   3        -471.88910364
   4        -471.81619934
   5        -471.81131658
   6        -471.76196423

 Number of blocks in overlap matrix:     8   Smallest eigenvalue:  0.90D-03
 Number of N-2 electron functions:     256
 Number of N-1 electron functions:    1488

 Number of internal configurations:                   96
 Number of singly external configurations:         91608
 Number of doubly external configurations:       1945920
 Total number of contracted configurations:      2037624
 Total number of uncontracted configurations:   26178136

 Diagonal Coupling coefficients finished.               Storage:  113323 words, CPU-Time:      0.07 seconds.
 Energy denominators for pairs finished in 1 passes.    Storage:  376277 words, CPU-time:      0.02 seconds.

  ITER. STATE  ROOT     SQ.NORM     CORR.ENERGY   TOTAL ENERGY   ENERGY CHANGE       DEN1      VAR(S)    VAR(P)      TIME
    1     1     1     1.00000000     0.00000000  -472.29721817     0.00000000    -0.42085002  0.63D-01  0.61D-01     0.80
    1     2     2     1.00000000     0.00000000  -471.97923791    -0.00000000    -0.38359193  0.41D-01  0.64D-01     0.80
    1     3     3     1.00000000     0.00000000  -471.88910364     0.00000000    -0.44904762  0.10D+00  0.67D-01     0.80
    1     4     4     1.00000000     0.00000000  -471.81619934     0.00000000    -0.44267968  0.10D+00  0.68D-01     0.80
    2     1     1     1.09359285    -0.36708740  -472.66430557    -0.36708740    -0.01414276  0.27D-02  0.17D-02    48.43
    2     2     2     1.08917438    -0.35326626  -472.33250417    -0.35326626    -0.00824500  0.16D-02  0.12D-02    48.43
    2     3     3     1.11700333    -0.37743747  -472.26654112    -0.37743747    -0.01947711  0.57D-02  0.26D-02    48.43
    2     4     4     1.12400374    -0.37839710  -472.19459644    -0.37839710    -0.01402154  0.48D-02  0.16D-02    48.43
    3     1     1     1.09413888    -0.38043247  -472.67765064    -0.01334507    -0.00069233  0.75D-04  0.11D-03    96.22
    3     2     2     1.09036841    -0.36172357  -472.34096148    -0.00845732    -0.00057867  0.85D-04  0.11D-03    96.22
    3     3     3     1.11378931    -0.39522651  -472.28433016    -0.01778904    -0.00109164  0.26D-03  0.18D-03    96.22
    3     4     4     1.11851032    -0.39149254  -472.20769188    -0.01309544    -0.00073861  0.20D-03  0.10D-03    96.22
    4     1     1     1.09606882    -0.38121473  -472.67843290    -0.00078226    -0.00005593  0.83D-05  0.79D-05   144.34
    4     2     2     1.09361677    -0.36242333  -472.34166124    -0.00069976    -0.00006372  0.10D-04  0.11D-04   144.34
    4     3     3     1.11894910    -0.39655508  -472.28565873    -0.00132857    -0.00014589  0.37D-04  0.20D-04   144.34
    4     4     4     1.12183668    -0.39229041  -472.20848975    -0.00079787    -0.00008725  0.32D-04  0.10D-04   144.34
    5     1     1     1.09671767    -0.38127669  -472.67849486    -0.00006196    -0.00000531  0.74D-06  0.73D-06   192.70
    5     2     2     1.09427621    -0.36250486  -472.34174277    -0.00008153    -0.00000838  0.13D-05  0.14D-05   192.70
    5     3     3     1.12139570    -0.39673600  -472.28583965    -0.00018092    -0.00002748  0.97D-05  0.31D-05   192.70
    5     4     4     1.12357913    -0.39238754  -472.20858687    -0.00009713    -0.00001416  0.49D-05  0.17D-05   192.70
    6     1     1     1.09675877    -0.38128238  -472.67850055    -0.00000569    -0.00000057  0.81D-07  0.85D-07   240.97
    6     2     2     1.09423424    -0.36251493  -472.34175284    -0.00001007    -0.00000126  0.25D-06  0.20D-06   240.97
    6     3     3     1.12191818    -0.39676716  -472.28587080    -0.00003116    -0.00000543  0.23D-05  0.58D-06   240.97
    6     4     4     1.12398808    -0.39240341  -472.20860275    -0.00001587    -0.00000255  0.11D-05  0.29D-06   240.97
    7     1     1     1.09675871    -0.38128298  -472.67850115    -0.00000060    -0.00000007  0.11D-07  0.98D-08   289.09
    7     2     2     1.09428702    -0.36251636  -472.34175427    -0.00000143    -0.00000022  0.54D-07  0.34D-07   289.09
    7     3     3     1.12225149    -0.39677363  -472.28587727    -0.00000647    -0.00000132  0.48D-06  0.16D-06   289.09
    7     4     4     1.12415906    -0.39240615  -472.20860549    -0.00000274    -0.00000053  0.24D-06  0.64D-07   289.09
    8     1     1     1.09676725    -0.38128305  -472.67850122    -0.00000007    -0.00000001  0.13D-08  0.13D-08   337.18
    8     2     2     1.09430854    -0.36251662  -472.34175453    -0.00000026    -0.00000004  0.12D-07  0.62D-08   337.18
    8     3     3     1.12245507    -0.39677522  -472.28587886    -0.00000159    -0.00000042  0.27D-06  0.31D-07   337.18
    8     4     4     1.12424452    -0.39240673  -472.20860606    -0.00000058    -0.00000014  0.83D-07  0.13D-07   337.18
    9     1     1     1.09676660    -0.38128305  -472.67850122    -0.00000000    -0.00000001  0.14D-08  0.12D-08   375.01
    9     2     2     1.09431386    -0.36251667  -472.34175458    -0.00000005    -0.00000001  0.27D-08  0.12D-08   375.01
    9     3     3     1.12256786    -0.39677569  -472.28587934    -0.00000047    -0.00000013  0.69D-07  0.12D-07   375.01
    9     4     4     1.12432969    -0.39240692  -472.20860626    -0.00000020    -0.00000003  0.19D-07  0.33D-08   375.01
   10     1     1     1.09676652    -0.38128305  -472.67850122    -0.00000000    -0.00000001  0.14D-08  0.12D-08   402.43
   10     2     2     1.09431530    -0.36251668  -472.34175458    -0.00000000    -0.00000001  0.22D-08  0.11D-08   402.43
   10     3     3     1.12269360    -0.39677590  -472.28587954    -0.00000021    -0.00000002  0.93D-08  0.21D-08   402.43
   10     4     4     1.12434095    -0.39240697  -472.20860631    -0.00000005    -0.00000002  0.14D-07  0.17D-08   402.43
   11     1     1     1.09676649    -0.38128305  -472.67850122    -0.00000000    -0.00000001  0.14D-08  0.12D-08   429.85
   11     2     2     1.09431671    -0.36251668  -472.34175459    -0.00000000    -0.00000001  0.17D-08  0.11D-08   429.85
   11     3     3     1.12270029    -0.39677592  -472.28587957    -0.00000002    -0.00000001  0.31D-08  0.55D-09   429.85
   11     4     4     1.12435772    -0.39240701  -472.20860634    -0.00000004    -0.00000001  0.52D-08  0.13D-08   429.85


 =====================================
 Analysis of CPU times by interactions
 =====================================

       I      S      P

 I   0.0%
 S   0.0%   0.5%
 P   0.3%   2.8%  64.9%

 Initialization:   0.2%
 Other:           31.3%

 Total CPU:      429.8 seconds
 =====================================



 Wavefunction saved on  6000.2

 Reference coefficients greater than 0.0500000
 =============================================
 22202/2/           0.9388481  -0.0000001   0.0955346  -0.0000002
 22//2/2\           0.0135037  -0.0162810   0.0396632   0.7535557
 22202//2          -0.0894710  -0.6722084   0.6136737  -0.0144553
 2220/22/          -0.0894709   0.6722078   0.6136736   0.0144541
 22//2\2/           0.0190970   0.0115122   0.0560922  -0.5328454
 22/\2/2/          -0.0462697  -0.0000009  -0.3311689  -0.0000024
 2/2/2/\2           0.0114461  -0.0103977   0.0128182  -0.0974553
 2/2/\22/           0.0111614   0.0166946   0.0172375   0.0832951
 22//2/\2           0.0084810  -0.0092348   0.0007221  -0.0613956
 22//\22/           0.0079892   0.0138940   0.0024907   0.0581397
 2/2//22\          -0.0027692   0.0160264   0.0103004  -0.0567724
 2/2/2\2/           0.0312784   0.0090770   0.0507873  -0.0330705
 2220/2/2          -0.0473060  -0.0000001   0.0500874  -0.0000001

 Coefficients of singly external configurations greater than 0.0500000
 =====================================================================

 222/2020   3.4     0.0000000   0.0018369  -0.0000000  -0.0548624
 222/2020   1.4    -0.0000002  -0.0013505   0.0000000   0.0536539

 Coefficients of fixed reference functions:
 ==========================================

 State      Coefficients
   1         0.953367    0.000000    0.031317    0.000000
   2         0.000000    0.955806   -0.000000   -0.000120
   3        -0.040145   -0.000000    0.937216   -0.000000
   4         0.000000    0.000112    0.000000    0.941977

 Coefficients of rotated reference functions:
 ============================================

 State      Coefficients
   1         0.953869    0.000000   -0.004716    0.000000
   2         0.000000    0.955806   -0.000000   -0.000003
   3        -0.004716   -0.000000    0.938064    0.000000
   4         0.000000   -0.000003    0.000000    0.941977



 RESULTS FOR STATE 1.4
 =====================

 Coefficient of reference function:   C(0) = 0.95336694 (fixed)   0.95486706 (relaxed)   0.95386949 (rotated)

 Energy contributions of configuration classes

 CLASS          SQ.NORM        ECORR1        ECORR2
 +++++++++++++++++++++++++++++++++++++++++++++++++++
 Internals    0.00314948    0.00000000   -0.00109146
 Singles      0.03931129   -0.08914054   -0.09464383
 Pairs        0.05775996   -0.29214251   -0.28554776
 Total        1.10022073   -0.38128305   -0.38128305
 +++++++++++++++++++++++++++++++++++++++++++++++++++


 Reference energy                    -472.29721817
 Nuclear energy                        56.44556916
 Kinetic energy                       474.44579637
 One electron energy                 -764.31321372
 Two electron energy                  235.18914333
 Virial quotient                       -0.99627503
 Correlation energy                    -0.38128305
 !MRCI STATE 1.4 Energy              -472.678501223809

 Properties without orbital relaxation:

 !MRCI STATE 1.4 Dipole moment          0.00000000     0.00000000    -0.21123257
 Dipole moment /Debye                   0.00000000     0.00000000    -0.53686449

 Cluster corrected energies          -472.71671369 (Davidson, fixed reference)
 Cluster corrected energies          -472.71539665 (Davidson, relaxed reference)
 Cluster corrected energies          -472.71627178 (Davidson, rotated reference)

 Cluster corrected energies          -472.71096810 (Pople, fixed reference)
 Cluster corrected energies          -472.70978417 (Pople, relaxed reference)
 Cluster corrected energies          -472.71057032 (Pople, rotated reference)


 Cluster corrections using rotated reference energy:

 Reference energy (rotated)          -472.29663591
 MRCI Correlation energy               -0.38186531

 Cluster corrected energies          -472.71545299 (Davidson, relaxed reference)
 Cluster corrected energies          -472.71632946 (Davidson, rotated reference)

 Cluster corrected energies          -472.70983195 (Pople, relaxed reference)
 Cluster corrected energies          -472.71061929 (Pople, rotated reference)




 RESULTS FOR STATE 2.4
 =====================

 Coefficient of reference function:   C(0) = 0.95580554 (fixed)   0.95593527 (relaxed)   0.95580554 (rotated)

 Energy contributions of configuration classes

 CLASS          SQ.NORM        ECORR1        ECORR2
 +++++++++++++++++++++++++++++++++++++++++++++++++++
 Internals    0.00027148   -0.00000000   -0.00008991
 Singles      0.03231032   -0.07183913   -0.07633037
 Pairs        0.06203200   -0.29067755   -0.28609640
 Total        1.09461379   -0.36251668   -0.36251668
 +++++++++++++++++++++++++++++++++++++++++++++++++++


 Reference energy                    -471.97923791
 Nuclear energy                        56.44556916
 Kinetic energy                       474.86181126
 One electron energy                 -763.14029752
 Two electron energy                  234.35297377
 Virial quotient                       -0.99469307
 Correlation energy                    -0.36251668
 !MRCI STATE 2.4 Energy              -472.341754586454

 Properties without orbital relaxation:

 !MRCI STATE 2.4 Dipole moment          0.00000000     0.00000000     0.68437583
 Dipole moment /Debye                   0.00000000     0.00000000     1.73939593

 Cluster corrected energies          -472.37605366 (Davidson, fixed reference)
 Cluster corrected energies          -472.37594597 (Davidson, relaxed reference)
 Cluster corrected energies          -472.37605366 (Davidson, rotated reference)

 Cluster corrected energies          -472.37079859 (Pople, fixed reference)
 Cluster corrected energies          -472.37070224 (Pople, relaxed reference)
 Cluster corrected energies          -472.37079859 (Pople, rotated reference)


 Cluster corrections using rotated reference energy:

 Reference energy (rotated)          -471.97923791
 MRCI Correlation energy               -0.36251668

 Cluster corrected energies          -472.37594597 (Davidson, relaxed reference)
 Cluster corrected energies          -472.37605366 (Davidson, rotated reference)

 Cluster corrected energies          -472.37070224 (Pople, relaxed reference)
 Cluster corrected energies          -472.37079859 (Pople, rotated reference)




 RESULTS FOR STATE 3.4
 =====================

 Coefficient of reference function:   C(0) = 0.93721627 (fixed)   0.94377416 (relaxed)   0.93806381 (rotated)

 Energy contributions of configuration classes

 CLASS          SQ.NORM        ECORR1        ECORR2
 +++++++++++++++++++++++++++++++++++++++++++++++++++
 Internals    0.01404335   -0.00000000   -0.00489436
 Singles      0.06261566   -0.10680986   -0.11564122
 Pairs        0.06180776   -0.28996607   -0.27624035
 Total        1.13846677   -0.39677592   -0.39677592
 +++++++++++++++++++++++++++++++++++++++++++++++++++


 Reference energy                    -471.88910364
 Nuclear energy                        56.44556916
 Kinetic energy                       474.68070347
 One electron energy                 -762.88666103
 Two electron energy                  234.15521229
 Virial quotient                       -0.99495487
 Correlation energy                    -0.39677592
 !MRCI STATE 3.4 Energy              -472.285879568131

 Properties without orbital relaxation:

 !MRCI STATE 3.4 Dipole moment          0.00000000     0.00000000     0.55045363
 Dipole moment /Debye                   0.00000000     0.00000000     1.39902193

 Cluster corrected energies          -472.34081985 (Davidson, fixed reference)
 Cluster corrected energies          -472.33456409 (Davidson, relaxed reference)
 Cluster corrected energies          -472.34000397 (Davidson, rotated reference)

 Cluster corrected energies          -472.33364057 (Pople, fixed reference)
 Cluster corrected energies          -472.32780503 (Pople, relaxed reference)
 Cluster corrected energies          -472.33287352 (Pople, rotated reference)


 Cluster corrections using rotated reference energy:

 Reference energy (rotated)          -471.88968590
 MRCI Correlation energy               -0.39619367

 Cluster corrected energies          -472.33449265 (Davidson, relaxed reference)
 Cluster corrected energies          -472.33992454 (Davidson, rotated reference)

 Cluster corrected energies          -472.32774351 (Pople, relaxed reference)
 Cluster corrected energies          -472.33280456 (Pople, rotated reference)




 RESULTS FOR STATE 4.4
 =====================

 Coefficient of reference function:   C(0) = 0.94197737 (fixed)   0.94307829 (relaxed)   0.94197738 (rotated)

 Energy contributions of configuration classes

 CLASS          SQ.NORM        ECORR1        ECORR2
 +++++++++++++++++++++++++++++++++++++++++++++++++++
 Internals    0.00233883   -0.00000000   -0.00081436
 Singles      0.06646552   -0.11156069   -0.12212935
 Pairs        0.05818305   -0.28084632   -0.26946330
 Total        1.12698740   -0.39240701   -0.39240701
 +++++++++++++++++++++++++++++++++++++++++++++++++++


 Reference energy                    -471.81619934
 Nuclear energy                        56.44556916
 Kinetic energy                       473.92129514
 One electron energy                 -761.77914835
 Two electron energy                  233.12497284
 Virial quotient                       -0.99638613
 Correlation energy                    -0.39240701
 !MRCI STATE 4.4 Energy              -472.208606344325

 Properties without orbital relaxation:

 !MRCI STATE 4.4 Dipole moment          0.00000000     0.00000000     0.33640742
 Dipole moment /Debye                   0.00000000     0.00000000     0.85500637

 Cluster corrected energies          -472.25843709 (Davidson, fixed reference)
 Cluster corrected energies          -472.25740518 (Davidson, relaxed reference)
 Cluster corrected energies          -472.25843708 (Davidson, rotated reference)

 Cluster corrected energies          -472.25162915 (Pople, fixed reference)
 Cluster corrected energies          -472.25067197 (Pople, relaxed reference)
 Cluster corrected energies          -472.25162915 (Pople, rotated reference)


 Cluster corrections using rotated reference energy:

 Reference energy (rotated)          -471.81619934
 MRCI Correlation energy               -0.39240701

 Cluster corrected energies          -472.25740518 (Davidson, relaxed reference)
 Cluster corrected energies          -472.25843708 (Davidson, rotated reference)

 Cluster corrected energies          -472.25067197 (Pople, relaxed reference)
 Cluster corrected energies          -472.25162915 (Pople, rotated reference)


 !MRCI trans          <2.4|DMZ|1.4>     0.000002576598 au =     0.000006548631 Debye

 !MRCI trans          <3.4|DMZ|1.4>    -0.503352078164 au =    -1.279309574820 Debye

 !MRCI trans          <3.4|DMZ|2.4>    -0.000000971958 au =    -0.000002470310 Debye

 !MRCI trans          <4.4|DMZ|1.4>     0.000006895376 au =     0.000017525149 Debye

 !MRCI trans          <4.4|DMZ|2.4>     0.016218849420 au =     0.041221503309 Debye

 !MRCI trans          <4.4|DMZ|3.4>    -0.000000056356 au =    -0.000000143232 Debye


 **********************************************************************************************************************************
 DATASETS  * FILE   NREC   LENGTH (MB)   RECORD NAMES
              1      20      559.79       500      700      610      900      950      970     1000      129      960     1100   
                                          VAR     GEOM    BASINP   SYMINP    ZMAT    AOBASIS   BASIS     P2S    ABASIS      S 
                                         1400     1410     1200     1210     1080     1600     1650     1300     1700     1380   
                                           T        V       H0       H01     AOSYM     SMH    MOLCAS    ERIS     OPER     JKOP   

              2      12      130.63       500      610      700     1000      520     2100     2140     6000     5000     2140(1)
                                          VAR    BASINP    GEOM     BASIS   MCVARS     RHF     MCSCF    MRCI     MRCI     MCSCF   
                                         6100     5100   
                                         MRCI     MRCI   

 PROGRAMS   *        TOTAL        CI     MULTI       INT   RESTART
 CPU TIMES  *       474.66    431.24      7.86     35.47      0.01
 REAL TIME  *       495.29 SEC
 DISK USED  *         1.94 GB      
 **********************************************************************************************************************************


 PROGRAM * CI (Multireference internally contracted CI)     Authors: H.-J. Werner, P.J. Knowles, 1987


 Convergence thresholds:  THRVAR = 1.00D-08  THRDEN = 1.00D-06

 Number of optimized states:  2  Roots:   1   2
 Number of reference states:  2  Roots:   1   2

 Program parameters:       NSTATE=  2    NSTATI=  4    NSTATR=  2    NCEPA = -1    NOKOP =  0    ITRDM =  0    ITRANS=  0
                           IDIP  =200    MAXIT =250    MAXITI=250    MAXDAV=  6    MAXVI = 12    NOSING=  0    NOPAIR=  0
                           MXSHRF=  5    IKCPS =  0    IOPTGM=  2    IOPTOR=  0    REFOPT=  1    IAVDEN=  0    IDELCG=  1
                           IREST =  0    NATORB=  0    IPUNRF=  0    ISEP  =  0    OLDDEN=  0    NSTPRI=  1    GPSFLI= -1
                           CLUSTE=  0    CLOSED=  1    ILSTYP=  0    ITRLS =  0    ICCSD =  0    LOCAL =  0    IBASO =  0
                           MP    =  0    ITEDIS=  2    INCDIS=  1    MAXDIS=  6    ITYDIS=  1    BRUECK=  0    IBRSTR=  3
                           INCBRK=  1    TRIPLE=  0    ICCTYP=  1    IHPPD =  0    ICCNEW=  0    I3EXT = -1    IDEB  =  0
                           IDLEIG=  1    IDFTYP=  1    IMP3  =  0    IPROCS=  0    NOINT =  0    NOREF =  1    IMP2G =  0
                           IHINT =  0    IFDIA =  0    ISPARO=  1    JKSYM =  0    CPHF  =  0    MP2D  = -1    DKINT =  0
                           NPKEX =  1    DRVK  =  1    HLSTRA=  1    WIGNER=  1    DIIS_C=  1    MAXIT_= 50    MATEL =  0
                           SPDEG =  1    MEMCPH=  0    DISM  =  1    KDCPMA=  5    IKDCP_=  0    IREDTH=  0    USECS =  0
                           IPROCC=  0    I3SAVE=  1    IKDCP =  1    USECI =  0    OLDPAI=  0    IPROCI=  0    KEEPCL=  1
                           DISCON=  0    SHIFTE=  0    DIISIN=  0    MOLCAS=  0    MEM_PT=  0    RECORD=  0    RS2C  =  0
                           KEXT  = -1    CIPT2 =  0    DECP0S=  0    I4EXT = -1    NATCOR=  0    RIMP2 =  0    DDCI  = -1

 Reference symmetry:                   4   Singlet 
 Number of electrons:                 24
 Maximum number of shells:             5
 Maximum number of spin couplings:    14

 Reference space:       48 conf       72 CSFs
 N elec internal:      266 conf      336 CSFs
 N-1 el internal:      488 conf      988 CSFs
 N-2 el internal:      512 conf     1976 CSFs

 Number of electrons in valence space:                     12
 Maximum number of open shell orbitals in reference space:  4
 Maximum number of open shell orbitals in internal spaces:  8


 Number of core orbitals:           6 (   4   1   1   0 )
 Number of active  orbitals:        8 (   4   2   2   0 )
 Number of external orbitals:     244 (  86  60  60  38 )

 Molecular orbitals read from record     2140.2  Type=MCSCF/NATURAL (state averaged)

 Coulomb and exchange operators available. No transformation done.

 Number of p-space configurations:   4

 Reference wavefunction optimized for reference space (refopt=1)

 State     Reference Energy 
   1        -472.26072337
   2        -471.98746334
   3        -471.83973750
   4        -471.75605022

 Number of blocks in overlap matrix:     8   Smallest eigenvalue:  0.17D-02
 Number of N-2 electron functions:     128
 Number of N-1 electron functions:     988

 Number of internal configurations:                   72
 Number of singly external configurations:         60152
 Number of doubly external configurations:        972960
 Total number of contracted configurations:      1033184
 Total number of uncontracted configurations:   14940864

 Diagonal Coupling coefficients finished.               Storage:   70552 words, CPU-Time:      0.01 seconds.
 Energy denominators for pairs finished in 1 passes.    Storage:  334280 words, CPU-time:      0.02 seconds.

  ITER. STATE  ROOT     SQ.NORM     CORR.ENERGY   TOTAL ENERGY   ENERGY CHANGE       DEN1      VAR(S)    VAR(P)      TIME
    1     1     1     1.00000000     0.00000000  -472.26072337     0.00000000    -0.43433490  0.67D-01  0.65D-01     0.10
    1     2     2     1.00000000     0.00000000  -471.98746334    -0.00000000    -0.38119619  0.39D-01  0.63D-01     0.10
    2     1     1     1.09669575    -0.37228699  -472.63301037    -0.37228699    -0.01328670  0.30D-02  0.15D-02     9.60
    2     2     2     1.08819549    -0.35429159  -472.34175493    -0.35429159    -0.00754761  0.13D-02  0.12D-02     9.60
    3     1     1     1.09575217    -0.38453602  -472.64525939    -0.01224903    -0.00057304  0.76D-04  0.90D-04    19.12
    3     2     2     1.09104081    -0.36216076  -472.34962410    -0.00786917    -0.00051922  0.97D-04  0.88D-04    19.12
    4     1     1     1.09760899    -0.38515060  -472.64587397    -0.00061458    -0.00004195  0.72D-05  0.57D-05    28.53
    4     2     2     1.09462839    -0.36277687  -472.35024021    -0.00061611    -0.00005220  0.12D-04  0.76D-05    28.53
    5     1     1     1.09824708    -0.38519523  -472.64591860    -0.00004463    -0.00000343  0.54D-06  0.48D-06    37.95
    5     2     2     1.09538345    -0.36284350  -472.35030684    -0.00006663    -0.00000763  0.25D-05  0.94D-06    37.95
    6     1     1     1.09829288    -0.38519892  -472.64592230    -0.00000370    -0.00000032  0.52D-07  0.48D-07    47.39
    6     2     2     1.09545756    -0.36285267  -472.35031601    -0.00000917    -0.00000150  0.59D-06  0.15D-06    47.39
    7     1     1     1.09829659    -0.38519926  -472.64592263    -0.00000033    -0.00000004  0.73D-08  0.57D-08    56.92
    7     2     2     1.09555147    -0.36285440  -472.35031774    -0.00000172    -0.00000033  0.15D-06  0.31D-07    56.92
    8     1     1     1.09830013    -0.38519930  -472.64592267    -0.00000004    -0.00000000  0.76D-09  0.75D-09    66.45
    8     2     2     1.09560015    -0.36285480  -472.35031814    -0.00000040    -0.00000008  0.42D-07  0.72D-08    66.45
    9     1     1     1.09830013    -0.38519930  -472.64592267    -0.00000000    -0.00000000  0.76D-09  0.75D-09    72.46
    9     2     2     1.09563356    -0.36285492  -472.35031826    -0.00000012    -0.00000001  0.36D-08  0.12D-08    72.46


 =====================================
 Analysis of CPU times by interactions
 =====================================

       I      S      P

 I   0.1%
 S   0.0%   0.9%
 P   0.3%   2.8%  47.9%

 Initialization:   0.1%
 Other:           47.8%

 Total CPU:       72.5 seconds
 =====================================



 Wavefunction saved on  5000.2

 Reference coefficients greater than 0.0500000
 =============================================
 22202/2\           0.9330066   0.0000001
 2220/22\          -0.1123690   0.6719102
 22202/\2          -0.1123690  -0.6719094
 2220/2\2          -0.0723349   0.0000001

 Coefficients of fixed reference functions:
 ==========================================

 State      Coefficients
   1         0.952854   -0.000000
   2        -0.000000    0.955198

 Coefficients of rotated reference functions:
 ============================================

 State      Coefficients
   1         0.952854   -0.000000
   2        -0.000000    0.955198



 RESULTS FOR STATE 1.4
 =====================

 Coefficient of reference function:   C(0) = 0.95285419 (fixed)   0.95420015 (relaxed)   0.95285419 (rotated)

 Energy contributions of configuration classes

 CLASS          SQ.NORM        ECORR1        ECORR2
 +++++++++++++++++++++++++++++++++++++++++++++++++++
 Internals    0.00282711   -0.00000000   -0.00098874
 Singles      0.04040474   -0.09159268   -0.09729020
 Pairs        0.05817329   -0.29360661   -0.28692036
 Total        1.10140515   -0.38519930   -0.38519930
 +++++++++++++++++++++++++++++++++++++++++++++++++++


 Reference energy                    -472.26072337
 Nuclear energy                        56.44556916
 Kinetic energy                       474.44277162
 One electron energy                 -764.22457192
 Two electron energy                  235.13308009
 Virial quotient                       -0.99621272
 Correlation energy                    -0.38519930
 !MRCI STATE 1.4 Energy              -472.645922670885

 Properties without orbital relaxation:

 !MRCI STATE 1.4 Dipole moment          0.00000000     0.00000000    -0.14937509
 Dipole moment /Debye                   0.00000000     0.00000000    -0.37964875

 Cluster corrected energies          -472.68498386 (Davidson, fixed reference)
 Cluster corrected energies          -472.68378781 (Davidson, relaxed reference)
 Cluster corrected energies          -472.68498386 (Davidson, rotated reference)

 Cluster corrected energies          -472.68077661 (Pople, fixed reference)
 Cluster corrected energies          -472.67963809 (Pople, relaxed reference)
 Cluster corrected energies          -472.68077661 (Pople, rotated reference)


 Cluster corrections using rotated reference energy:

 Reference energy (rotated)          -472.26072337
 MRCI Correlation energy               -0.38519930

 Cluster corrected energies          -472.68378781 (Davidson, relaxed reference)
 Cluster corrected energies          -472.68498386 (Davidson, rotated reference)

 Cluster corrected energies          -472.67963809 (Pople, relaxed reference)
 Cluster corrected energies          -472.68077661 (Pople, rotated reference)




 RESULTS FOR STATE 2.4
 =====================

 Coefficient of reference function:   C(0) = 0.95519766 (fixed)   0.95536062 (relaxed)   0.95519766 (rotated)

 Energy contributions of configuration classes

 CLASS          SQ.NORM        ECORR1        ECORR2
 +++++++++++++++++++++++++++++++++++++++++++++++++++
 Internals    0.00034124   -0.00000000   -0.00011297
 Singles      0.03367912   -0.07225414   -0.07707413
 Pairs        0.06198708   -0.29060078   -0.28566781
 Total        1.09600744   -0.36285492   -0.36285492
 +++++++++++++++++++++++++++++++++++++++++++++++++++


 Reference energy                    -471.98746334
 Nuclear energy                        56.44556916
 Kinetic energy                       474.86190930
 One electron energy                 -763.15723486
 Two electron energy                  234.36134744
 Virial quotient                       -0.99471090
 Correlation energy                    -0.36285492
 !MRCI STATE 2.4 Energy              -472.350318261515

 Properties without orbital relaxation:

 !MRCI STATE 2.4 Dipole moment          0.00000000     0.00000000     0.67791531
 Dipole moment /Debye                   0.00000000     0.00000000     1.72297598

 Cluster corrected energies          -472.38515503 (Davidson, fixed reference)
 Cluster corrected energies          -472.38501937 (Davidson, relaxed reference)
 Cluster corrected energies          -472.38515503 (Davidson, rotated reference)

 Cluster corrected energies          -472.38128888 (Pople, fixed reference)
 Cluster corrected energies          -472.38116043 (Pople, relaxed reference)
 Cluster corrected energies          -472.38128888 (Pople, rotated reference)


 Cluster corrections using rotated reference energy:

 Reference energy (rotated)          -471.98746334
 MRCI Correlation energy               -0.36285492

 Cluster corrected energies          -472.38501937 (Davidson, relaxed reference)
 Cluster corrected energies          -472.38515503 (Davidson, rotated reference)

 Cluster corrected energies          -472.38116043 (Pople, relaxed reference)
 Cluster corrected energies          -472.38128888 (Pople, rotated reference)


 !MRCI trans          <2.4|DMZ|1.4>    -0.000000994035 au =    -0.000002526418 Debye


 **********************************************************************************************************************************
 DATASETS  * FILE   NREC   LENGTH (MB)   RECORD NAMES
              1      20      559.79       500      700      610      900      950      970     1000      129      960     1100   
                                          VAR     GEOM    BASINP   SYMINP    ZMAT    AOBASIS   BASIS     P2S    ABASIS      S 
                                         1400     1410     1200     1210     1080     1600     1650     1300     1700     1380   
                                           T        V       H0       H01     AOSYM     SMH    MOLCAS    ERIS     OPER     JKOP   

              2      12      130.63       500      610      700     1000      520     2100     2140     6000     5000     2140(1)
                                          VAR    BASINP    GEOM     BASIS   MCVARS     RHF     MCSCF    MRCI     MRCI     MCSCF   
                                         6100     5100   
                                         MRCI     MRCI   

 PROGRAMS   *        TOTAL        CI        CI     MULTI       INT   RESTART
 CPU TIMES  *       547.32     72.65    431.24      7.86     35.47      0.01
 REAL TIME  *       569.79 SEC
 DISK USED  *         1.94 GB      
 **********************************************************************************************************************************


 PROGRAM * CI (Multireference internally contracted CI)     Authors: H.-J. Werner, P.J. Knowles, 1987


   ******************************
   *** Spin-orbit calculation ***
   ******************************


   Spin-orbit matrix elements
   ==========================

  
 Preparing effective Fock matrices
  
 Total X Y Z Fock matrices evaluated:     0    0    0
  
 ? Error
 ? Unknown operator:LS
 ? The problem occurs in Prpdrv
