
 Working directory              : /tmp/molpro/molpro.Xuehnplvb3/
 Global scratch directory       : /tmp/molpro/molpro.Xuehnplvb3/
 Wavefunction directory         : /home/molpro/wfu/
 Main file repository           : /tmp/molpro/molpro.Xuehnplvb3/

 id        : gskim

 Nodes                nprocs
 localhost.localdomain    1
 GA implementation: MPI file
 GA implementation (serial work in mppx): MPI file

 Using customized tuning parameters: mindgm=1; mindgv=20; mindgc=4; mindgr=1; noblas=0; minvec=7
 default implementation of scratch files=df  


 Variables initialized (1009), CPU time= 0.00 sec
 ***,EAM  Calculations   for NH from 1Pix to 1Piy
 file,2,nh-sp-1pix-1piy-lz.wfu
 memory,1500,M
 gexpec,Lx,Ly,Lz
 geometry={angstrom;
 N
 H,N,r(i)}
 basis=av5z
 r=[1.0]
 
 do i=1,#r
 int;
 
 Text,EAM  calculation of NH 1pix-1piy using  av5z
 
 {multi;occ,4,1,1;close,1,0,0;start,2140.2;orbital,2140.2;natorb,,ci;wf,8,2,0;state,2;wf,8,3,0;state,2;maxiter,40;}
 
 {ci;occ,4,1,1;core,1,0,0;wf,8,3,0;state,2;orbital,2140.2;maxiter,250;option,maxiti=250;option,nstati=2;save,8110.2;}
 
 {ci;occ,4,1,1;core,1,0,0;wf,8,2,0;state,2;orbital,2140.2;maxiter,250;option,maxiti=250;option,nstati=2;save,7110.2;}
 
 {ci;trans,7110.2,8110.2;}
 
 
 enddo
 
 Commands initialized (810), CPU time= 0.01 sec, 661 directives.
 Default parameters read. Elapsed time= 0.05 sec

 Checking input...
 Passed
1


                                         ***  PROGRAM SYSTEM MOLPRO  ***
                                       Copyright, TTI GmbH Stuttgart, 2015
                                    Version 2021.2 linked Jul 16 2021 07:37:36


 **********************************************************************************************************************************
 LABEL *   EAM  Calculations   for NH from 1Pix to 1Piy                                  
  64 bit serial version                                                                  DATE: 09-Nov-22          TIME: 20:20:07  
 **********************************************************************************************************************************

 SHA1:             dade016a989826d9d859d6207854b99675d53db3
 **********************************************************************************************************************************

 Memory per process:      1500 MW
 Total memory per node:   1500 MW

 GA preallocation disabled
 GA check disabled

 Variable memory set to 1500.0 MW



 Permanent file  2  nh-sp-1pix-1piy-lz.wfu           assigned.  Implementation=df    Size= 17.30 MB


 PROGRAM * RESTART 


 Reading variables from file 2

 _FNUC           =      0.00000000
 _BASIS          =    AV5Z
 _NELEC          =      8.00000000
 _PROGRAM        =    CI
 _DMX(2)         =      0.00000000
 _DMY(2)         =      0.00000000
 _DMZ(1:2)       =      0.57284885    -1.66256361
 _DMX_SCF        =      0.00000000
 _DMY_SCF        =      0.00000000
 _DMZ_SCF        =      0.47758394
 _HOMO           =      1.30000000
 _EHOMO          =     -0.41752253
 _LUMO           =      4.10000000
 _ELUMO          =      0.02370898
 _ENERGD(1:2)    =    -54.95661867   -54.82597990
 _ENERGD0(1:2)   =    -54.95661867   -54.82597990
 _ENERGD1(1:2)   =    -54.95675689   -54.82609336
 _ENERGD2(1:2)   =    -54.95675689   -54.82609336
 _ENERGD3(1:2)   =    -54.95661867   -54.82597990
 _ENERGD4(1:2)   =    -54.95675689   -54.82609336
 _ENERGP(1:2)    =    -54.95204888   -54.82287142
 _ENERGP0(1:2)   =    -54.95204888   -54.82287142
 _ENERGP1(1:2)   =    -54.95214526   -54.82295002
 _ENERGP2(1:2)   =    -54.95214526   -54.82295002
 _ENERGP3(1:2)   =    -54.95204888   -54.82287142
 _ENERGP4(1:2)   =    -54.95214526   -54.82295002
 _ENERGR(1:2)    =    -54.74141218   -54.65554581
 _ENERGRR(1:2)   =    -54.74139976   -54.65555823
 _ENERGY(1:2)    =    -54.94224152   -54.81627221
 _ENERGY_METHOD  =    CI
 _ENERGY_BASIS   =    aug-cc-pV5Z
 _ENERGY_AVRG    =    -54.69847900
 _ENUC           =      3.70424048
 _IPROC_MPP      =      0.00000000
 _IPROC_MPPX     =      0.00000000
 _ORBITAL        =   2140.20000000
 _ROOT(1:2)      =      1.00000000     2.00000000
 _STATUS         =      1.00000000
 _TROV           =     -0.00000000
 _LASTORB        =    MCSCF
 _OUTPUT         =    /home/molpro/NH-2oct2022/dir-1/nh1pi10mc.out
 _PGROUP         =    C2v 
 _TIME           =    20:13:18
 _C0(1:2)        =      0.93319756     0.94303720
 _C0R(1:2)       =      0.93259863     0.94240980
 _DMX_CC(1:4)    =     -0.00000000    -0.00000000    -0.00000000    -0.00000000
 _DMY_CC(1:4)    =     -0.00000000    -0.00000000    -0.00000000    -0.00000000
 _DMZ_CC(1:4)    =      0.25412689     0.25412689     0.25412689     0.25412689
 _DMX_NUC(1:4)   =      0.00000000     0.00000000     0.00000000     0.00000000
 _DMY_NUC(1:4)   =      0.00000000     0.00000000     0.00000000     0.00000000
 _DMZ_NUC(1:4)   =      0.87486034     0.87486034     0.87486034     0.87486034
 _SYM_CATION     =      4.00000000
 R               =      1.00000000
 _TRDMX          =     -0.00000000
 _TRDMY          =     -0.00000000
 _TRDMZ          =      0.04392663

 Geometry written to block  1 of record 700


 **********************************************************************************************************************************
 DATASETS  * FILE   NREC   LENGTH (MB)   RECORD NAMES
              2       7       17.30       500      610      700     1000      520     2100     2140   
                                          VAR    BASINP    GEOM     BASIS   MCVARS     RHF     MCSCF   

 PROGRAMS   *        TOTAL   RESTART
 CPU TIMES  *         0.10      0.01
 REAL TIME  *         0.11 SEC
 DISK USED  *        28.77 MB
 **********************************************************************************************************************************
 namx(1:10)LX        
 namx(1:10)LY        
 namx(1:10)LZ        
 SETTING BASIS          =    AV5Z
 SETTING R              =         1.00000000                                  

 DO I                   =         1.00000000   


 Using spherical harmonics

 Library entry N      S aug-cc-pV5Z          selected for orbital group  1
 Library entry N      P aug-cc-pV5Z          selected for orbital group  1
 Library entry N      D aug-cc-pV5Z          selected for orbital group  1
 Library entry N      F aug-cc-pV5Z          selected for orbital group  1
 Library entry N      G aug-cc-pV5Z          selected for orbital group  1
 Library entry N      H aug-cc-pV5Z          selected for orbital group  1
 Library entry H      S aug-cc-pV5Z          selected for orbital group  2
 Library entry H      P aug-cc-pV5Z          selected for orbital group  2
 Library entry H      D aug-cc-pV5Z          selected for orbital group  2
 Library entry H      F aug-cc-pV5Z          selected for orbital group  2
 Library entry H      G aug-cc-pV5Z          selected for orbital group  2


 PROGRAM * SEWARD (Integral evaluation for generally contracted gaussian basis sets)     Author: Roland Lindh, 1990

 Geometry written to block  1 of record 701

 Orientation using atomic masses  
 Molecule type: Linear
 Symmetry elements: X,Y
 Rotational constants:     537.4791300    537.4791300      0.0000000 GHz  (calculated with average atomic masses)

 Point group  C2v 



 ATOMIC COORDINATES

 NR  ATOM    CHARGE       X              Y              Z

   1  N       7.00    0.000000000    0.000000000   -0.126858223
   2  H       1.00    0.000000000    0.000000000    1.762867902

 Bond lengths in Bohr (Angstrom)

 1-2  1.889726125
     ( 1.000000000)

 NUCLEAR CHARGE:                    8
 NUMBER OF PRIMITIVE AOS:         307
 NUMBER OF SYMMETRY AOS:          227
 NUMBER OF CONTRACTIONS:          207   (   77A1  +   50B1  +   50B2  +   30A2  )
 NUMBER OF INNER CORE ORBITALS:     0   (    0A1  +    0B1  +    0B2  +    0A2  )
 NUMBER OF OUTER CORE ORBITALS:     1   (    1A1  +    0B1  +    0B2  +    0A2  )
 NUMBER OF VALENCE ORBITALS:        5   (    3A1  +    1B1  +    1B2  +    0A2  )


 NUCLEAR REPULSION ENERGY    3.70424048

 EXTRA SYMMETRY OF AOS IN SYMMETRY 1:   1 1 1 1 1 1 1 1 1 1   1 1 1 1 2 1 2 1 2 1   2 1 2 1 2 1 2 1 2 1   2 1 3 2 1 3 2 1 3 2
                                        2 3 1 2 3 1 1 1 1 1   1 1 1 1 1 1 1 1 2 1   2 1 2 1 2 1 2 1 2 1   2 1 3 2 1 3 2
 EXTRA SYMMETRY OF AOS IN SYMMETRY 2:   1 1 1 1 1 1 1 1 1 1   1 1 2 1 2 1 2 1 2 1   2 1 2 1 2 1 2 3 1 2   3 1 1 1 1 1 1 1 1 1
                                        1 2 1 2 1 2 1 2 1 2
 EXTRA SYMMETRY OF AOS IN SYMMETRY 3:   1 1 1 1 1 1 1 1 1 1   1 1 2 1 2 1 2 1 2 1   2 1 2 1 2 1 2 3 1 2   3 1 1 1 1 1 1 1 1 1
                                        1 2 1 2 1 2 1 2 1 2
 EXTRA SYMMETRY OF AOS IN SYMMETRY 4:   1 1 1 1 1 1 1 1 1 1   2 1 2 1 2 2 1 2 1 1   1 1 1 1 1 1 1 2 1 2

 Eigenvalues of metric

         1 0.146E-04 0.815E-04 0.227E-03 0.308E-03 0.556E-03 0.729E-03 0.146E-02 0.289E-02
         2 0.292E-03 0.140E-02 0.331E-02 0.481E-02 0.813E-02 0.194E-01 0.283E-01 0.392E-01
         3 0.292E-03 0.140E-02 0.331E-02 0.481E-02 0.813E-02 0.194E-01 0.283E-01 0.392E-01
         4 0.289E-02 0.163E-01 0.425E-01 0.645E-01 0.899E-01 0.115E+00 0.199E+00 0.210E+00


 Contracted 2-electron integrals neglected if value below      1.0D-12
 AO integral compression algorithm  1   Integral accuracy      1.0D-12

     285.475 MB (compressed) written to integral file ( 50.6%)


 NUMBER OF SORTED TWO-ELECTRON INTEGRALS:   59167011.     BUFFER LENGTH:  32768
 NUMBER OF SEGMENTS:   4  SEGMENT LENGTH:   15999984      RECORD LENGTH: 524288

 Memory used in sort:      16.56 MW

 SORT1 READ    70490039. AND WROTE    39593956. INTEGRALS IN    116 RECORDS. CPU TIME:     0.75 SEC, REAL TIME:     0.89 SEC
 SORT2 READ    39593956. AND WROTE    59167011. INTEGRALS IN   1089 RECORDS. CPU TIME:     0.63 SEC, REAL TIME:     0.73 SEC

 FILE SIZES:   FILE 1:   316.6 MBYTE,  FILE 4:   486.6 MBYTE,   TOTAL:    803.2 MBYTE

 OPERATOR DM      FOR CENTER  0  COORDINATES:    0.000000    0.000000    0.000000
 OPERATOR LOP     FOR CENTER  0  COORDINATES:    0.000000    0.000000    0.000000
 OPERATOR LOP     FOR CENTER  0  COORDINATES:    0.000000    0.000000    0.000000
 OPERATOR LOP     FOR CENTER  0  COORDINATES:    0.000000    0.000000    0.000000


 **********************************************************************************************************************************
 DATASETS  * FILE   NREC   LENGTH (MB)   RECORD NAMES
              1      20      249.31       500      700      610      701      900      950      970     1000      129      960   
                                          VAR     GEOM    BASINP    GEOM    SYMINP    ZMAT    AOBASIS   BASIS     P2S    ABASIS    
                                         1100     1400     1410     1200     1210     1080     1600     1650     1300     1700   
                                           S        T        V       H0       H01     AOSYM     SMH    MOLCAS    ERIS     OPER   

              2       8       17.69       500      610      700     1000      520     2100     2140      701   
                                          VAR    BASINP    GEOM     BASIS   MCVARS     RHF     MCSCF    GEOM   

 PROGRAMS   *        TOTAL       INT   RESTART
 CPU TIMES  *         8.51      8.41      0.01
 REAL TIME  *         9.10 SEC
 DISK USED  *       783.71 MB
 **********************************************************************************************************************************

 PROGRAM * MULTI (Direct Multiconfiguration SCF)       Authors: P.J. Knowles, H.-J. Werner (1984)
                                                                D.A. Kreplin, P.J. Knowles, H.-J. Werner (2019)

 Number of closed-shell orbitals:   1 (   1   0   0   0 )
 Number of active  orbitals:        5 (   3   1   1   0 )
 Number of external orbitals:     201 (  73  49  49  30 )

 State symmetry 1

 Number of active electrons:   6    Spin symmetry=Singlet   Space symmetry=2
 Number of states:             2
 Number of CSFs:              11   (24 determinants, 100 intermediate states)

 State symmetry 2

 Number of active electrons:   6    Spin symmetry=Singlet   Space symmetry=3
 Number of states:             2
 Number of CSFs:              11   (24 determinants, 100 intermediate states)

 Molecular orbitals read from record     2140.2  Type=MCSCF/NATURAL (state averaged)

 EXTRA SYMMETRY OF MOS IN SYMMETRY 1:   1 1 1 1 1 1 1 2 1 1   1 1 2 1 1 2 1 1 2 1   2 1 1 1 2 3 1 2 1 1   2 1 2 3 1 1 2 1 1 1
                                        2 3 2 1 3 2 1 1 2 2   1 1 1 2 1 1 2 3 1 3   1 1 2 2 1 2 3 2 1 1   2 1 2 1 1 1 1
 EXTRA SYMMETRY OF MOS IN SYMMETRY 2:   1 1 1 1 1 1 2 1 1 1   2 1 1 1 2 1 1 2 1 2   1 1 1 2 3 1 1 2 1 2   1 2 1 1 1 2 1 3 1 2
                                        1 2 1 2 2 1 1 1 1 1
 EXTRA SYMMETRY OF MOS IN SYMMETRY 3:   1 1 1 1 1 1 2 1 1 1   2 1 1 1 2 1 1 2 1 2   1 1 1 2 3 1 1 2 1 2   1 2 1 1 1 2 1 3 1 2
                                        1 2 1 2 2 1 1 1 1 1
 EXTRA SYMMETRY OF MOS IN SYMMETRY 4:   1 1 1 1 1 1 2 1 1 1   2 1 1 2 1 2 1 1 1 1   1 2 2 1 1 1 2 1 1 1

 Wavefunction dump at record             2140.2

 Convergence thresholds  0.10E-04 (gradient)  0.10E-05 (energy)

 Weight factors for state symmetry  1:    0.25000   0.25000
 Weight factors for state symmetry  2:    0.25000   0.25000
 
 Number of orbital rotations:  393  ( 3 closed/active, 73 closed/virtual, 0 active/active, 317 active/virtual )
 Total number of variables:    489
 
  Second-order MCSCF: L-BFGS accelerated
 
 ITER  MIC  NCI  NEG     ENERGY(VAR)    ENERGY(PROJ) ENERGY CHANGE       GRAD(0)  GRAD(ORB)   GRAD(CI)      STEP      TIME
   1    2    4    0    -54.69847900     -54.69847900    0.00000000    0.00000000 0.00000000 0.00000000  0.17E-10      0.33

 CONVERGENCE REACHED!  Final gradient:    0.00000000 ( 0.12E-11)
                       Final energy:    -54.69847900
 
 Results for state 1.2
 =====================
 !MCSCF STATE 1.2 Energy                       -54.741412184145
 Nuclear energy                                  3.70424048
 Kinetic energy                                 55.33829688
 One electron energy                           -82.11275163
 Two electron energy                            23.66709897
 Virial ratio                                    1.98921389
 
 !MCSCF STATE 1.2 Dipole moment                  0.00000000     0.00000000     0.64152434
 Dipole moment /Debye                            0.00000000     0.00000000     1.63059224
 
 Results for state 2.2
 =====================
 !MCSCF STATE 2.2 Energy                       -54.655545808629
 Nuclear energy                                  3.70424048
 Kinetic energy                                 54.32330726
 One electron energy                           -79.39615500
 Two electron energy                            21.03636872
 Virial ratio                                    2.00611595
 
 !MCSCF STATE 2.2 Dipole moment                  0.00000000     0.00000000    -1.76565330
 Dipole moment /Debye                            0.00000000     0.00000000    -4.48784305
 
 Results for state 1.3
 =====================
 !MCSCF STATE 1.3 Energy                       -54.741412184145
 Nuclear energy                                  3.70424048
 Kinetic energy                                 55.33829688
 One electron energy                           -82.11275163
 Two electron energy                            23.66709897
 Virial ratio                                    1.98921389
 
 !MCSCF STATE 1.3 Dipole moment                  0.00000000     0.00000000     0.64152434
 Dipole moment /Debye                            0.00000000     0.00000000     1.63059224
 
 Results for state 2.3
 =====================
 !MCSCF STATE 2.3 Energy                       -54.655545808629
 Nuclear energy                                  3.70424048
 Kinetic energy                                 54.32330726
 One electron energy                           -79.39615500
 Two electron energy                            21.03636872
 Virial ratio                                    2.00611595
 
 !MCSCF STATE 2.3 Dipole moment                  0.00000000     0.00000000    -1.76565330
 Dipole moment /Debye                            0.00000000     0.00000000    -4.48784305
 
 State-averaged charge density matrix saved on record 2140.2 (density set 1)
 
 Expectation values: (only non-zero values are shown)
 
 !MCSCF expec                       <1.2|DMZ|1.2>     0.641524344954 au =     1.630592241255 Debye
 !MCSCF expec                       <2.2|DMZ|2.2>    -1.765653299632 au =    -4.487843047222 Debye
 !MCSCF expec                       <1.3|DMZ|1.3>     0.641524344954 au =     1.630592241255 Debye
 !MCSCF expec                       <2.3|DMZ|2.3>    -1.765653299632 au =    -4.487843047222 Debye
 
 Transition values: (only non-zero values with the ground state are shown)
 
 !MCSCF trans                       <1.2|DMZ|2.2>    -0.027365971566 au =    -0.069557361714 Debye
 
 !MCSCF trans                        <1.2|LZ|1.3>    -1.000000000000i
 
 
 Natural orbital dump (state averaged) at molpro section 2140.2 (Orbital set 2)
 
 Reoptimze the CI vectors with natural orbitals 
 
 CI Coefficients of symmetry 2
 =============================
 
 2b0 a 2        0.70477080     -0.00879746
 2a0 b 2       -0.70477080      0.00879746
 22b a 0        0.00937754      0.69857640
 22a b 0       -0.00937754     -0.69857640
 20a b 2       -0.03638840      0.06082544
 20b a 2        0.03638840     -0.06082544
 02b a 2       -0.01251947     -0.05905670
 02a b 2        0.01251947      0.05905670
 
 Energy:      -54.74141218    -54.65554581
 
 
 CI Coefficients of symmetry 3
 =============================
 
 2a0 2 b       -0.70477080      0.00879746
 2b0 2 a        0.70477080     -0.00879746
 22b 0 a        0.00937754      0.69857640
 22a 0 b       -0.00937754     -0.69857640
 20b 2 a        0.03638840     -0.06082544
 20a 2 b       -0.03638840      0.06082544
 02a 2 b        0.01251947      0.05905670
 02b 2 a       -0.01251947     -0.05905670
 
 Energy:      -54.74141218    -54.65554581
 


 **********************************************************************************************************************************
 DATASETS  * FILE   NREC   LENGTH (MB)   RECORD NAMES
              1      21      252.36       500      700      610      701      900      950      970     1000      129      960   
                                          VAR     GEOM    BASINP    GEOM    SYMINP    ZMAT    AOBASIS   BASIS     P2S    ABASIS    
                                         1100     1400     1410     1200     1210     1080     1600     1650     1300     1700   
                                           S        T        V       H0       H01     AOSYM     SMH    MOLCAS    ERIS     OPER   
                                         1380   
                                         JKOP   

              2       8       17.69       500      610      700     1000      520     2100     2140      701   
                                          VAR    BASINP    GEOM     BASIS   MCVARS     RHF     MCSCF    GEOM   

 PROGRAMS   *        TOTAL     MULTI       INT   RESTART
 CPU TIMES  *         9.10      0.58      8.41      0.01
 REAL TIME  *         9.78 SEC
 DISK USED  *       783.71 MB
 **********************************************************************************************************************************


 PROGRAM * CI (Multireference internally contracted CI)     Authors: H.-J. Werner, P.J. Knowles, 1987


 Convergence thresholds:  THRVAR = 1.00D-08  THRDEN = 1.00D-06

 Number of optimized states: 2  Roots:    1   2
 Number of reference states: 2  Roots:    1   2

 Program parameters:       NSTATE=  2    NSTATI=  2    NSTATR=  2    NCEPA = -1    NOKOP =  0    ITRDM =  0    ITRANS=  0
                           IDIP  =200    MAXIT =250    MAXITI=250    MAXDAV=  6    MAXVI =  6    NOSING=  0    NOPAIR=  0
                           MXSHRF=  5    IKCPS =  0    IOPTGM=  2    IOPTOR=  0    REFOPT=  1    IAVDEN=  0    IDELCG=  1
                           IREST =  0    NATORB=  0    IPUNRF=  0    ISEP  =  0    OLDDEN=  0    NSTPRI=  1    GPSFLI= -1
                           CLUSTE=  0    CLOSED=  1    ILSTYP=  0    ITRLS =  0    ICCSD =  0    LOCAL =  0    IBASO =  0
                           MP    =  0    ITEDIS=  2    INCDIS=  1    MAXDIS=  6    ITYDIS=  1    BRUECK=  0    IBRSTR=  3
                           INCBRK=  1    TRIPLE=  0    ICCTYP=  1    IHPPD =  0    ICCNEW=  0    I3EXT = -1    IDEB  =  0
                           IDLEIG=  1    IDFTYP=  1    IMP3  =  0    IPROCS=  0    NOINT =  0    NOREF =  1    IMP2G =  0
                           IHINT =  0    IFDIA =  0    ISPARO=  1    JKSYM =  0    CPHF  =  0    MP2D  = -1    DKINT =  0
                           NPKEX =  1    DRVK  =  1    HLSTRA=  1    WIGNER=  1    DIIS_C=  1    MAXIT_= 50    MATEL =  0
                           SPDEG =  1    MEMCPH=  0    DISM  =  1    KDCPMA=  5    IKDCP_=  0    IREDTH=  0    USECS =  0
                           IPROCC=  0    I3SAVE=  1    IKDCP =  1    USECI =  0    OLDPAI=  0    IPROCI=  0    KEEPCL=  1
                           DISCON=  0    SHIFTE=  0    DIISIN=  0    MOLCAS=  0    MEM_PT=  0    RECORD=  0    RS2C  =  0
                           KEXT  = -1    CIPT2 =  0    DECP0S=  0    I4EXT = -1    NATCOR=  0    RIMP2 =  0    DDCI  = -1
                           IPOLAR=  0

 Reference symmetry:                   3   Singlet 
 Number of electrons:                  8
 Maximum number of shells:             4
 Maximum number of spin couplings:     5

 Reference space:       10 conf       11 CSFs
 N elec internal:       45 conf       50 CSFs
 N-1 el internal:       51 conf       75 CSFs
 N-2 el internal:       35 conf       79 CSFs

 Number of electrons in valence space:                      6
 Maximum number of open shell orbitals in reference space:  4
 Maximum number of open shell orbitals in internal spaces:  6


 Number of core orbitals:           1 (   1   0   0   0 )
 Number of active  orbitals:        5 (   3   1   1   0 )
 Number of external orbitals:     201 (  73  49  49  30 )

 Molecular orbitals read from record     2140.2  Type=MCSCF/NATURAL (state averaged)

 Valence orbitals related to previous ones by unitary transformation. Operators transformed.


 Number of p-space configurations:   3

 Reference wavefunction optimized for reference space (refopt=1)

 State     Reference Energy 
     1       -54.74141218
     2       -54.65554581

 Number of blocks in overlap matrix:     8   Smallest eigenvalue:  0.21D-04
 Number of N-2 electron functions:      44
 Number of N-1 electron functions:      75

 Number of internal configurations:                   11
 Number of singly external configurations:          3765
 Number of doubly external configurations:        228711
 Total number of contracted configurations:       232487
 Total number of uncontracted configurations:     405412

 Diagonal Coupling coefficients finished.               Storage:    6895 words, CPU-Time:      0.00 seconds.
 Energy denominators for pairs finished in 1 passes.    Storage:  123297 words, CPU-time:      0.00 seconds.

  ITER. STATE  ROOT     SQ.NORM     CORR.ENERGY   TOTAL ENERGY   ENERGY CHANGE       DEN1      VAR(S)    VAR(P)      TIME
    1     1     1     1.00000000     0.00000000   -54.74141218    -0.00000000    -0.20758187  0.47D-01  0.27D-01     0.15
    1     2     2     1.00000000     0.00000000   -54.65554581     0.00000000    -0.15161579  0.29D-01  0.19D-01     0.15
    2     1     1     1.06296797    -0.19136178   -54.93277396    -0.19136178    -0.00805300  0.18D-02  0.11D-02     0.85
    2     2     2     1.05108469    -0.15528121   -54.81082702    -0.15528121    -0.00413799  0.54D-03  0.67D-03     0.85
    3     1     1     1.06752271    -0.19999981   -54.94141199    -0.00863803    -0.00055023  0.11D-03  0.95D-04     1.53
    3     2     2     1.05544050    -0.16016091   -54.81570672    -0.00487971    -0.00034886  0.11D-03  0.48D-04     1.53
    4     1     1     1.07086679    -0.20073855   -54.94215073    -0.00073874    -0.00005748  0.66D-05  0.11D-04     2.23
    4     2     2     1.05904798    -0.16064193   -54.81618774    -0.00048102    -0.00004855  0.17D-04  0.72D-05     2.23
    5     1     1     1.07156549    -0.20081822   -54.94223040    -0.00007967    -0.00000716  0.97D-06  0.13D-05     2.93
    5     2     2     1.05983883    -0.16071039   -54.81625620    -0.00006846    -0.00000872  0.38D-05  0.13D-05     2.93
    6     1     1     1.07152159    -0.20082774   -54.94223992    -0.00000952    -0.00000109  0.17D-06  0.18D-06     3.64
    6     2     2     1.06006368    -0.16072271   -54.81626852    -0.00001232    -0.00000217  0.11D-05  0.31D-06     3.64
    7     1     1     1.07156092    -0.20082912   -54.94224130    -0.00000138    -0.00000017  0.23D-07  0.29D-07     4.34
    7     2     2     1.06027530    -0.16072554   -54.81627135    -0.00000283    -0.00000054  0.23D-06  0.82D-07     4.34
    8     1     1     1.07158454    -0.20082934   -54.94224152    -0.00000022    -0.00000003  0.51D-08  0.54D-08     5.05
    8     2     2     1.06034022    -0.16072620   -54.81627201    -0.00000066    -0.00000013  0.58D-07  0.21D-07     5.05
    9     1     1     1.07158885    -0.20082937   -54.94224156    -0.00000004    -0.00000001  0.73D-09  0.96D-09     5.74
    9     2     2     1.06037156    -0.16072636   -54.81627217    -0.00000016    -0.00000004  0.18D-07  0.54D-08     5.74
   10     1     1     1.07158878    -0.20082937   -54.94224156    -0.00000000    -0.00000001  0.74D-09  0.96D-09     6.29
   10     2     2     1.06041371    -0.16072642   -54.81627223    -0.00000006    -0.00000001  0.52D-09  0.12D-08     6.29


 =====================================
 Analysis of CPU times by interactions
 =====================================

       I      S      P

 I   0.0%
 S   0.2%   0.3%
 P   0.2%   0.6%  21.3%

 Initialization:   2.2%
 Other:           75.2%

 Total CPU:        6.3 seconds
 =====================================



 gnormi=  0.93319379  gnorms=  0.03648466  gnormp=  0.03032155  gnorm=  1.00000000
 ecorri= -0.18741273  ecorrs= -0.00732868  ecorrp= -0.00608797  ecorr= -0.20082937

 gnormi=  0.94302817  gnorms=  0.03394690  gnormp=  0.02302494  gnorm=  1.00000000
 ecorri= -0.15156954  ecorrs= -0.00545680  ecorrp= -0.00370008  ecorr= -0.16072642

 Wavefunction saved on  8110.2

 Reference coefficients greater than 0.0500000
 =============================================
 2/02\           0.9643170   0.0001743
 22/0\           0.0003813   0.9580840
 20/2\           0.0307287  -0.1034947
 02/2\          -0.0117607  -0.0786488
 /220\          -0.0008073   0.0543065
 /\/2\          -0.0416968  -0.0512479

 Coefficients of singly external configurations greater than 0.0500000
 =====================================================================

 22\00   5.3    -0.0001882  -0.0675213

 Coefficients of fixed reference functions:
 ==========================================

 State      Coefficients
 1           0.965635   -0.012009
 2           0.011282    0.970708

 Coefficients of rotated reference functions:
 ============================================

 State      Coefficients
 1           0.965709   -0.000394
 2          -0.000394    0.970773


 RESULTS FOR STATE 1.3
 =====================

 Coefficient of reference function:   C(0) = 0.96563484 (fixed)   0.96601956 (relaxed)   0.96570944 (rotated)

 Energy contributions of configuration classes

 CLASS          SQ.NORM        ECORR1        ECORR2
 +++++++++++++++++++++++++++++++++++++++++++++++++++
 Internals    0.00064237    0.00000042   -0.12203627
 Singles      0.03912167   -0.07070432   -0.07326716
 Pairs        0.03251310    0.00060264   -0.00552595
 Total        1.07227714   -0.07010126   -0.20082937
 +++++++++++++++++++++++++++++++++++++++++++++++++++


 Reference energy                     -54.74139976
 Nuclear energy                         3.70424048
 Kinetic energy                        55.12880457
 One electron energy                  -81.57564565
 Two electron energy                   22.92916362
 Virial quotient                       -0.99661587
 Correlation energy                    -0.20084180
 !MRCI STATE 1.3 Energy               -54.942241558367

 Properties without orbital relaxation:

 !MRCI STATE 1.3 Dipole moment          0.00000000     0.00000000     0.57278453
 Dipole moment /Debye                   0.00000000     0.00000000     1.45587305

 Cluster corrected energies           -54.95675783 (Davidson, fixed reference)
 Cluster corrected energies           -54.95661958 (Davidson, relaxed reference)
 Cluster corrected energies           -54.95675783 (Davidson, rotated reference)

 Cluster corrected energies           -54.95214592 (Pople, fixed reference)
 Cluster corrected energies           -54.95204952 (Pople, relaxed reference)
 Cluster corrected energies           -54.95214592 (Pople, rotated reference)







 RESULTS FOR STATE 2.3
 =====================

 Coefficient of reference function:   C(0) = 0.97070776 (fixed)   0.97109637 (relaxed)   0.97077324 (rotated)

 Energy contributions of configuration classes

 CLASS          SQ.NORM        ECORR1        ECORR2
 +++++++++++++++++++++++++++++++++++++++++++++++++++
 Internals    0.00066584    0.00000042   -0.00013431
 Singles      0.03602172   -0.06076980   -0.06272630
 Pairs        0.02443222   -0.09992112   -0.09786582
 Total        1.06111978   -0.16069050   -0.16072642
 +++++++++++++++++++++++++++++++++++++++++++++++++++


 Reference energy                     -54.65555823
 Nuclear energy                         3.70424048
 Kinetic energy                        54.93448441
 One electron energy                  -79.68370096
 Two electron energy                   21.16318825
 Virial quotient                       -0.99784812
 Correlation energy                    -0.16071400
 !MRCI STATE 2.3 Energy               -54.816272230471

 Properties without orbital relaxation:

 !MRCI STATE 2.3 Dipole moment          0.00000000     0.00000000    -1.66221670
 Dipole moment /Debye                   0.00000000     0.00000000    -4.22493342

 Cluster corrected energies           -54.82609503 (Davidson, fixed reference)
 Cluster corrected energies           -54.82598156 (Davidson, relaxed reference)
 Cluster corrected energies           -54.82609503 (Davidson, rotated reference)

 Cluster corrected energies           -54.82295118 (Pople, fixed reference)
 Cluster corrected energies           -54.82287258 (Pople, relaxed reference)
 Cluster corrected energies           -54.82295118 (Pople, rotated reference)






 !MRCI trans          <2.3|DMZ|1.3>     0.043958490035 au =     0.111731337015 Debye


 **********************************************************************************************************************************
 DATASETS  * FILE   NREC   LENGTH (MB)   RECORD NAMES
              1      21      252.36       500      700      610      701      900      950      970     1000      129      960   
                                          VAR     GEOM    BASINP    GEOM    SYMINP    ZMAT    AOBASIS   BASIS     P2S    ABASIS    
                                         1100     1400     1410     1200     1210     1080     1600     1650     1300     1700   
                                           S        T        V       H0       H01     AOSYM     SMH    MOLCAS    ERIS     OPER   
                                         1380   
                                         JKOP   

              2       9       21.55       500      610      700     1000      520     2100     2140      701     8110   
                                          VAR    BASINP    GEOM     BASIS   MCVARS     RHF     MCSCF    GEOM     MRCI   

 PROGRAMS   *        TOTAL        CI     MULTI       INT   RESTART
 CPU TIMES  *        15.42      6.33      0.58      8.41      0.01
 REAL TIME  *        16.71 SEC
 DISK USED  *       783.71 MB
 **********************************************************************************************************************************


 PROGRAM * CI (Multireference internally contracted CI)     Authors: H.-J. Werner, P.J. Knowles, 1987


 Convergence thresholds:  THRVAR = 1.00D-08  THRDEN = 1.00D-06

 Number of optimized states: 2  Roots:    1   2
 Number of reference states: 2  Roots:    1   2

 Program parameters:       NSTATE=  2    NSTATI=  2    NSTATR=  2    NCEPA = -1    NOKOP =  0    ITRDM =  0    ITRANS=  0
                           IDIP  =200    MAXIT =250    MAXITI=250    MAXDAV=  6    MAXVI =  6    NOSING=  0    NOPAIR=  0
                           MXSHRF=  5    IKCPS =  0    IOPTGM=  2    IOPTOR=  0    REFOPT=  1    IAVDEN=  0    IDELCG=  1
                           IREST =  0    NATORB=  0    IPUNRF=  0    ISEP  =  0    OLDDEN=  0    NSTPRI=  1    GPSFLI= -1
                           CLUSTE=  0    CLOSED=  1    ILSTYP=  0    ITRLS =  0    ICCSD =  0    LOCAL =  0    IBASO =  0
                           MP    =  0    ITEDIS=  2    INCDIS=  1    MAXDIS=  6    ITYDIS=  1    BRUECK=  0    IBRSTR=  3
                           INCBRK=  1    TRIPLE=  0    ICCTYP=  1    IHPPD =  0    ICCNEW=  0    I3EXT = -1    IDEB  =  0
                           IDLEIG=  1    IDFTYP=  1    IMP3  =  0    IPROCS=  0    NOINT =  0    NOREF =  1    IMP2G =  0
                           IHINT =  0    IFDIA =  0    ISPARO=  1    JKSYM =  0    CPHF  =  0    MP2D  = -1    DKINT =  0
                           NPKEX =  1    DRVK  =  1    HLSTRA=  1    WIGNER=  1    DIIS_C=  1    MAXIT_= 50    MATEL =  0
                           SPDEG =  1    MEMCPH=  0    DISM  =  1    KDCPMA=  5    IKDCP_=  0    IREDTH=  0    USECS =  0
                           IPROCC=  0    I3SAVE=  1    IKDCP =  1    USECI =  0    OLDPAI=  0    IPROCI=  0    KEEPCL=  1
                           DISCON=  0    SHIFTE=  0    DIISIN=  0    MOLCAS=  0    MEM_PT=  0    RECORD=  0    RS2C  =  0
                           KEXT  = -1    CIPT2 =  0    DECP0S=  0    I4EXT = -1    NATCOR=  0    RIMP2 =  0    DDCI  = -1
                           IPOLAR=  0

 Reference symmetry:                   2   Singlet 
 Number of electrons:                  8
 Maximum number of shells:             4
 Maximum number of spin couplings:     5

 Reference space:       10 conf       11 CSFs
 N elec internal:       45 conf       50 CSFs
 N-1 el internal:       51 conf       75 CSFs
 N-2 el internal:       35 conf       79 CSFs

 Number of electrons in valence space:                      6
 Maximum number of open shell orbitals in reference space:  4
 Maximum number of open shell orbitals in internal spaces:  6


 Number of core orbitals:           1 (   1   0   0   0 )
 Number of active  orbitals:        5 (   3   1   1   0 )
 Number of external orbitals:     201 (  73  49  49  30 )

 Molecular orbitals read from record     2140.2  Type=MCSCF/NATURAL (state averaged)

 Coulomb and exchange operators available. No transformation done.


 Number of p-space configurations:   3

 Reference wavefunction optimized for reference space (refopt=1)

 State     Reference Energy 
     1       -54.74141218
     2       -54.65554581

 Number of blocks in overlap matrix:     8   Smallest eigenvalue:  0.21D-04
 Number of N-2 electron functions:      44
 Number of N-1 electron functions:      75

 Number of internal configurations:                   11
 Number of singly external configurations:          3765
 Number of doubly external configurations:        228711
 Total number of contracted configurations:       232487
 Total number of uncontracted configurations:     405412

 Diagonal Coupling coefficients finished.               Storage:    6895 words, CPU-Time:      0.00 seconds.
 Energy denominators for pairs finished in 1 passes.    Storage:  123297 words, CPU-time:      0.00 seconds.

  ITER. STATE  ROOT     SQ.NORM     CORR.ENERGY   TOTAL ENERGY   ENERGY CHANGE       DEN1      VAR(S)    VAR(P)      TIME
    1     1     1     1.00000000     0.00000000   -54.74141218    -0.00000000    -0.20732208  0.47D-01  0.27D-01     0.02
    1     2     2     1.00000000     0.00000000   -54.65554581     0.00000000    -0.15168269  0.29D-01  0.19D-01     0.02
    2     1     1     1.06280965    -0.19149061   -54.93290279    -0.19149061    -0.00790842  0.17D-02  0.11D-02     0.73
    2     2     2     1.05112928    -0.15527123   -54.81081704    -0.15527123    -0.00414886  0.54D-03  0.67D-03     0.73
    3     1     1     1.06755469    -0.20001331   -54.94142549    -0.00852270    -0.00053979  0.10D-03  0.93D-04     1.44
    3     2     2     1.05543845    -0.16016031   -54.81570612    -0.00488908    -0.00034902  0.11D-03  0.48D-04     1.44
    4     1     1     1.07088185    -0.20073989   -54.94215208    -0.00072659    -0.00005643  0.64D-05  0.11D-04     2.14
    4     2     2     1.05904974    -0.16064194   -54.81618775    -0.00048163    -0.00004852  0.17D-04  0.72D-05     2.14
    5     1     1     1.07156408    -0.20081843   -54.94223062    -0.00007854    -0.00000700  0.93D-06  0.13D-05     2.84
    5     2     2     1.05984005    -0.16071040   -54.81625621    -0.00006846    -0.00000872  0.38D-05  0.13D-05     2.84
    6     1     1     1.07152223    -0.20082778   -54.94223996    -0.00000934    -0.00000106  0.16D-06  0.18D-06     3.54
    6     2     2     1.06006390    -0.16072271   -54.81626851    -0.00001230    -0.00000217  0.11D-05  0.31D-06     3.54
    7     1     1     1.07156125    -0.20082913   -54.94224131    -0.00000135    -0.00000017  0.22D-07  0.28D-07     4.26
    7     2     2     1.06027529    -0.16072554   -54.81627135    -0.00000283    -0.00000054  0.23D-06  0.82D-07     4.26
    8     1     1     1.07158463    -0.20082934   -54.94224152    -0.00000021    -0.00000003  0.48D-08  0.52D-08     4.96
    8     2     2     1.06034026    -0.16072620   -54.81627201    -0.00000066    -0.00000013  0.58D-07  0.21D-07     4.96
    9     1     1     1.07158446    -0.20082934   -54.94224152    -0.00000000    -0.00000003  0.48D-08  0.52D-08     5.50
    9     2     2     1.06040355    -0.16072640   -54.81627221    -0.00000020    -0.00000003  0.30D-08  0.54D-08     5.50


 =====================================
 Analysis of CPU times by interactions
 =====================================

       I      S      P

 I   0.0%
 S   0.0%   0.4%
 P   0.0%   0.7%  21.1%

 Initialization:   0.2%
 Other:           77.6%

 Total CPU:        5.5 seconds
 =====================================



 gnormi=  0.93319756  gnorms=  0.03648524  gnormp=  0.03031720  gnorm=  1.00000000
 ecorri= -0.18741345  ecorrs= -0.00732281  ecorrp= -0.00609308  ecorr= -0.20082934

 gnormi=  0.94303720  gnorms=  0.03393833  gnormp=  0.02302447  gnorm=  1.00000000
 ecorri= -0.15157097  ecorrs= -0.00545528  ecorrp= -0.00370015  ecorr= -0.16072640

 Wavefunction saved on  7110.2

 Reference coefficients greater than 0.0500000
 =============================================
 2/0\2           0.9643189   0.0001760
 22/\0           0.0003830   0.9580890
 20/\2           0.0307329  -0.1034938
 02/\2          -0.0117598  -0.0786483
 /22\0          -0.0008076   0.0543056
 /\/\2          -0.0416956  -0.0512452

 Coefficients of singly external configurations greater than 0.0500000
 =====================================================================

 22\00   5.2    -0.0001893  -0.0675157

 Coefficients of fixed reference functions:
 ==========================================

 State      Coefficients
 1           0.965637   -0.012008
 2           0.011283    0.970712

 Coefficients of rotated reference functions:
 ============================================

 State      Coefficients
 1           0.965711   -0.000393
 2          -0.000393    0.970778


 RESULTS FOR STATE 1.2
 =====================

 Coefficient of reference function:   C(0) = 0.96563688 (fixed)   0.96602151 (relaxed)   0.96571146 (rotated)

 Energy contributions of configuration classes

 CLASS          SQ.NORM        ECORR1        ECORR2
 +++++++++++++++++++++++++++++++++++++++++++++++++++
 Internals    0.00064222    0.00000042   -0.12203116
 Singles      0.03912213   -0.07070954   -0.07326643
 Pairs        0.03250830    0.00060190   -0.00553174
 Total        1.07227265   -0.07010721   -0.20082934
 +++++++++++++++++++++++++++++++++++++++++++++++++++


 Reference energy                     -54.74139976
 Nuclear energy                         3.70424048
 Kinetic energy                        55.12886486
 One electron energy                  -81.57578244
 Two electron energy                   22.92930044
 Virial quotient                       -0.99661478
 Correlation energy                    -0.20084176
 !MRCI STATE 1.2 Energy               -54.942241522035

 Properties without orbital relaxation:

 !MRCI STATE 1.2 Dipole moment          0.00000000     0.00000000     0.57284885
 Dipole moment /Debye                   0.00000000     0.00000000     1.45603654

 Cluster corrected energies           -54.95675689 (Davidson, fixed reference)
 Cluster corrected energies           -54.95661867 (Davidson, relaxed reference)
 Cluster corrected energies           -54.95675689 (Davidson, rotated reference)

 Cluster corrected energies           -54.95214526 (Pople, fixed reference)
 Cluster corrected energies           -54.95204888 (Pople, relaxed reference)
 Cluster corrected energies           -54.95214526 (Pople, rotated reference)







 RESULTS FOR STATE 2.2
 =====================

 Coefficient of reference function:   C(0) = 0.97071244 (fixed)   0.97110103 (relaxed)   0.97077794 (rotated)

 Energy contributions of configuration classes

 CLASS          SQ.NORM        ECORR1        ECORR2
 +++++++++++++++++++++++++++++++++++++++++++++++++++
 Internals    0.00066574    0.00000042   -0.00013430
 Singles      0.03601229   -0.06076964   -0.06272518
 Pairs        0.02443148   -0.09992126   -0.09786692
 Total        1.06110951   -0.16069048   -0.16072640
 +++++++++++++++++++++++++++++++++++++++++++++++++++


 Reference energy                     -54.65555823
 Nuclear energy                         3.70424048
 Kinetic energy                        54.93438963
 One electron energy                  -79.68367594
 Two electron energy                   21.16316326
 Virial quotient                       -0.99784985
 Correlation energy                    -0.16071398
 !MRCI STATE 2.2 Energy               -54.816272207856

 Properties without orbital relaxation:

 !MRCI STATE 2.2 Dipole moment          0.00000000     0.00000000    -1.66256361
 Dipole moment /Debye                   0.00000000     0.00000000    -4.22581519

 Cluster corrected energies           -54.82609336 (Davidson, fixed reference)
 Cluster corrected energies           -54.82597990 (Davidson, relaxed reference)
 Cluster corrected energies           -54.82609336 (Davidson, rotated reference)

 Cluster corrected energies           -54.82295002 (Pople, fixed reference)
 Cluster corrected energies           -54.82287142 (Pople, relaxed reference)
 Cluster corrected energies           -54.82295002 (Pople, rotated reference)






 !MRCI trans          <2.2|DMZ|1.2>     0.043926633701 au =     0.111650366289 Debye


 **********************************************************************************************************************************
 DATASETS  * FILE   NREC   LENGTH (MB)   RECORD NAMES
              1      21      252.36       500      700      610      701      900      950      970     1000      129      960   
                                          VAR     GEOM    BASINP    GEOM    SYMINP    ZMAT    AOBASIS   BASIS     P2S    ABASIS    
                                         1100     1400     1410     1200     1210     1080     1600     1650     1300     1700   
                                           S        T        V       H0       H01     AOSYM     SMH    MOLCAS    ERIS     OPER   
                                         1380   
                                         JKOP   

              2      10       25.29       500      610      700     1000      520     2100     2140      701     8110     7110   
                                          VAR    BASINP    GEOM     BASIS   MCVARS     RHF     MCSCF    GEOM     MRCI     MRCI   

 PROGRAMS   *        TOTAL        CI        CI     MULTI       INT   RESTART
 CPU TIMES  *        20.95      5.53      6.33      0.58      8.41      0.01
 REAL TIME  *        22.71 SEC
 DISK USED  *       783.71 MB
 **********************************************************************************************************************************


 PROGRAM * CI (Multireference internally contracted CI)     Authors: H.-J. Werner, P.J. Knowles, 1987


 Ket wavefunction restored from record 8110.2 to file 8
 Bra wavefunction restored from record 7110.2 to file 7
 !MRCI trans           <1.2|LZ|1.3>    -0.999761558389i
 !MRCI trans           <1.2|LZ|2.3>     0.000010800082i
 !MRCI trans           <2.2|LZ|1.3>     0.000010835610i
 !MRCI trans           <2.2|LZ|2.3>    -0.999846616810i


 **********************************************************************************************************************************
 DATASETS  * FILE   NREC   LENGTH (MB)   RECORD NAMES
              1      21      252.36       500      700      610      701      900      950      970     1000      129      960   
                                          VAR     GEOM    BASINP    GEOM    SYMINP    ZMAT    AOBASIS   BASIS     P2S    ABASIS    
                                         1100     1400     1410     1200     1210     1080     1600     1650     1300     1700   
                                           S        T        V       H0       H01     AOSYM     SMH    MOLCAS    ERIS     OPER   
                                         1380   
                                         JKOP   

              2      10       25.29       500      610      700     1000      520     2100     2140      701     8110     7110   
                                          VAR    BASINP    GEOM     BASIS   MCVARS     RHF     MCSCF    GEOM     MRCI     MRCI   

 PROGRAMS   *        TOTAL        CI        CI        CI     MULTI       INT   RESTART
 CPU TIMES  *        21.00      0.05      5.53      6.33      0.58      8.41      0.01
 REAL TIME  *        22.77 SEC
 DISK USED  *       783.71 MB
 **********************************************************************************************************************************

              CI              CI           MULTI
    -54.81627221    -54.81627223    -54.65554581
 **********************************************************************************************************************************
 Molpro calculation terminated
