
 Working directory              : /tmp/molpro/molpro.UshtJzt6ZP/
 Global scratch directory       : /tmp/molpro/molpro.UshtJzt6ZP/
 Wavefunction directory         : /home/molpro/wfu/
 Main file repository           : /tmp/molpro/molpro.UshtJzt6ZP/

 id        : gskim

 Nodes                nprocs
 localhost.localdomain    1
 GA implementation: MPI file
 GA implementation (serial work in mppx): MPI file

 Using customized tuning parameters: mindgm=1; mindgv=20; mindgc=4; mindgr=1; noblas=0; minvec=7
 default implementation of scratch files=df  


 Variables initialized (1009), CPU time= 0.00 sec
 ***,EAM Calculations   for NH from 1sig+ to 1sig-
 file,2,nh-sp-1sigm-1sigp-lz.wfu
 memory,1500,M
 gexpec,Lx,Ly,Lz
 geometry={angstrom;
 N
 H,N,r(i)}
 basis=av5z
 r=[1.0]
 
 do i=1,#r
 int;
 
 Text,s-o calculation of NH 1sigp to 1sig-  using  av5z
 
 {multi;occ,4,1,1;close,1,0,0;start,2140.2;orbital,2140.2;natorb,,ci;wf,8,4,0;state,3;wf,8,1,0;state,2;maxiter,40;}
 
 {ci;occ,4,1,1;core,1,0,0;wf,8,4,0;state,2;orbital,2140.2;maxiter,250;option,maxiti=250;option,nstati=3;save,8080.2;}
 
 {ci;occ,4,1,1;core,1,0,0;wf,8,1,0;state,2;orbital,2140.2;maxiter,250;option,maxiti=250;option,nstati=2;save,7080.2;}
 
 {ci;trans,7080.2,8080.2;}
 
 
 enddo
 
 Commands initialized (810), CPU time= 0.00 sec, 661 directives.
 Default parameters read. Elapsed time= 0.05 sec

 Checking input...
 Passed
1


                                         ***  PROGRAM SYSTEM MOLPRO  ***
                                       Copyright, TTI GmbH Stuttgart, 2015
                                    Version 2021.2 linked Jul 16 2021 07:37:36


 **********************************************************************************************************************************
 LABEL *   EAM Calculations   for NH from 1sig+ to 1sig-                                 
  64 bit serial version                                                                  DATE: 09-Nov-22          TIME: 20:21:28  
 **********************************************************************************************************************************

 SHA1:             dade016a989826d9d859d6207854b99675d53db3
 **********************************************************************************************************************************

 Memory per process:      1500 MW
 Total memory per node:   1500 MW

 GA preallocation disabled
 GA check disabled

 Variable memory set to 1500.0 MW



 Permanent file  2  nh-sp-1sigm-1sigp-lz.wfu         assigned.  Implementation=df    Size= 17.30 MB


 PROGRAM * RESTART 


 Reading variables from file 2

 _FNUC           =      0.00000000
 _BASIS          =    AV5Z
 _NELEC          =      8.00000000
 _PROGRAM        =    CI
 _DMX(2)         =      0.00000000
 _DMY(2)         =      0.00000000
 _DMZ(1:2)       =      0.61977497    -1.56455298
 _DMX_SCF        =      0.00000000
 _DMY_SCF        =      0.00000000
 _DMZ_SCF        =      0.64099798
 _HOMO           =      1.30000000
 _EHOMO          =     -0.53806747
 _LUMO           =      4.10000000
 _ELUMO          =      0.02319510
 _ENERGD(1:2)    =    -55.10314023   -54.71125541
 _ENERGD0(1:2)   =    -55.10314023   -54.71125541
 _ENERGD1(1:2)   =    -55.10332578   -54.71128042
 _ENERGD2(1:2)   =    -55.10332578   -54.71128042
 _ENERGD3(1:2)   =    -55.10314023   -54.71125541
 _ENERGD4(1:2)   =    -55.10332578   -54.71128042
 _ENERGP(1:2)    =    -55.09865618   -54.70817197
 _ENERGP0(1:2)   =    -55.09865618   -54.70817197
 _ENERGP1(1:2)   =    -55.09878553   -54.70818930
 _ENERGP2(1:2)   =    -55.09878553   -54.70818930
 _ENERGP3(1:2)   =    -55.09865618   -54.70817197
 _ENERGP4(1:2)   =    -55.09878553   -54.70818930
 _ENERGR(1:2)    =    -54.89034080   -54.54336396
 _ENERGRR(1:2)   =    -54.89034080   -54.54336396
 _ENERGY(1:2)    =    -55.08903856   -54.70162300
 _ENERGY_METHOD  =    CI
 _ENERGY_BASIS   =    aug-cc-pV5Z
 _ENERGY_AVRG    =    -54.65705062
 _ENUC           =      3.70424048
 _IPROC_MPP      =      0.00000000
 _IPROC_MPPX     =      0.00000000
 _ORBITAL        =   2140.20000000
 _ROOT(1:2)      =      1.00000000     2.00000000
 _STATUS         =      1.00000000
 _TROV           =     -0.00000000
 _DATE           =    09-Oct-22
 _LASTORB        =    MCSCF
 _OUTPUT         =    /home/molpro/NH-2oct2022/dir-1/nh1sigmc10.out
 _PGROUP         =    C2v 
 _TIME           =    21:48:49
 _C0(1:2)        =      0.93373258     0.94262712
 _C0R(1:2)       =      0.93291914     0.94248674
 _DMX_CC(1:3)    =     -0.00000000    -0.00000000    -0.00000000
 _DMY_CC(1:3)    =     -0.00000000    -0.00000000    -0.00000000
 _DMZ_CC(1:3)    =      0.25381661     0.25381661     0.25381661
 _DMX_NUC(1:3)   =      0.00000000     0.00000000     0.00000000
 _DMY_NUC(1:3)   =      0.00000000     0.00000000     0.00000000
 _DMZ_NUC(1:3)   =      0.87486034     0.87486034     0.87486034
 _SYM_CATION     =      2.00000000
 R               =      1.00000000
 _TRDMX          =     -0.00000000
 _TRDMY          =     -0.00000000
 _TRDMZ          =      0.00021999

 Geometry written to block  1 of record 700


 **********************************************************************************************************************************
 DATASETS  * FILE   NREC   LENGTH (MB)   RECORD NAMES
              2       7       17.30       500      610      700     1000      520     2100     2140   
                                          VAR    BASINP    GEOM     BASIS   MCVARS     RHF     MCSCF   

 PROGRAMS   *        TOTAL   RESTART
 CPU TIMES  *         0.10      0.01
 REAL TIME  *         0.11 SEC
 DISK USED  *        28.77 MB
 **********************************************************************************************************************************
 namx(1:10)LX        
 namx(1:10)LY        
 namx(1:10)LZ        
 SETTING BASIS          =    AV5Z
 SETTING R              =         1.00000000                                  

 DO I                   =         1.00000000   


 Using spherical harmonics

 Library entry N      S aug-cc-pV5Z          selected for orbital group  1
 Library entry N      P aug-cc-pV5Z          selected for orbital group  1
 Library entry N      D aug-cc-pV5Z          selected for orbital group  1
 Library entry N      F aug-cc-pV5Z          selected for orbital group  1
 Library entry N      G aug-cc-pV5Z          selected for orbital group  1
 Library entry N      H aug-cc-pV5Z          selected for orbital group  1
 Library entry H      S aug-cc-pV5Z          selected for orbital group  2
 Library entry H      P aug-cc-pV5Z          selected for orbital group  2
 Library entry H      D aug-cc-pV5Z          selected for orbital group  2
 Library entry H      F aug-cc-pV5Z          selected for orbital group  2
 Library entry H      G aug-cc-pV5Z          selected for orbital group  2


 PROGRAM * SEWARD (Integral evaluation for generally contracted gaussian basis sets)     Author: Roland Lindh, 1990

 Geometry written to block  1 of record 701

 Orientation using atomic masses  
 Molecule type: Linear
 Symmetry elements: X,Y
 Rotational constants:     537.4791300    537.4791300      0.0000000 GHz  (calculated with average atomic masses)

 Point group  C2v 



 ATOMIC COORDINATES

 NR  ATOM    CHARGE       X              Y              Z

   1  N       7.00    0.000000000    0.000000000   -0.126858223
   2  H       1.00    0.000000000    0.000000000    1.762867902

 Bond lengths in Bohr (Angstrom)

 1-2  1.889726125
     ( 1.000000000)

 NUCLEAR CHARGE:                    8
 NUMBER OF PRIMITIVE AOS:         307
 NUMBER OF SYMMETRY AOS:          227
 NUMBER OF CONTRACTIONS:          207   (   77A1  +   50B1  +   50B2  +   30A2  )
 NUMBER OF INNER CORE ORBITALS:     0   (    0A1  +    0B1  +    0B2  +    0A2  )
 NUMBER OF OUTER CORE ORBITALS:     1   (    1A1  +    0B1  +    0B2  +    0A2  )
 NUMBER OF VALENCE ORBITALS:        5   (    3A1  +    1B1  +    1B2  +    0A2  )


 NUCLEAR REPULSION ENERGY    3.70424048

 EXTRA SYMMETRY OF AOS IN SYMMETRY 1:   1 1 1 1 1 1 1 1 1 1   1 1 1 1 2 1 2 1 2 1   2 1 2 1 2 1 2 1 2 1   2 1 3 2 1 3 2 1 3 2
                                        2 3 1 2 3 1 1 1 1 1   1 1 1 1 1 1 1 1 2 1   2 1 2 1 2 1 2 1 2 1   2 1 3 2 1 3 2
 EXTRA SYMMETRY OF AOS IN SYMMETRY 2:   1 1 1 1 1 1 1 1 1 1   1 1 2 1 2 1 2 1 2 1   2 1 2 1 2 1 2 3 1 2   3 1 1 1 1 1 1 1 1 1
                                        1 2 1 2 1 2 1 2 1 2
 EXTRA SYMMETRY OF AOS IN SYMMETRY 3:   1 1 1 1 1 1 1 1 1 1   1 1 2 1 2 1 2 1 2 1   2 1 2 1 2 1 2 3 1 2   3 1 1 1 1 1 1 1 1 1
                                        1 2 1 2 1 2 1 2 1 2
 EXTRA SYMMETRY OF AOS IN SYMMETRY 4:   1 1 1 1 1 1 1 1 1 1   2 1 2 1 2 2 1 2 1 1   1 1 1 1 1 1 1 2 1 2

 Eigenvalues of metric

         1 0.146E-04 0.815E-04 0.227E-03 0.308E-03 0.556E-03 0.729E-03 0.146E-02 0.289E-02
         2 0.292E-03 0.140E-02 0.331E-02 0.481E-02 0.813E-02 0.194E-01 0.283E-01 0.392E-01
         3 0.292E-03 0.140E-02 0.331E-02 0.481E-02 0.813E-02 0.194E-01 0.283E-01 0.392E-01
         4 0.289E-02 0.163E-01 0.425E-01 0.645E-01 0.899E-01 0.115E+00 0.199E+00 0.210E+00


 Contracted 2-electron integrals neglected if value below      1.0D-12
 AO integral compression algorithm  1   Integral accuracy      1.0D-12

     285.475 MB (compressed) written to integral file ( 50.6%)


 NUMBER OF SORTED TWO-ELECTRON INTEGRALS:   59167011.     BUFFER LENGTH:  32768
 NUMBER OF SEGMENTS:   4  SEGMENT LENGTH:   15999984      RECORD LENGTH: 524288

 Memory used in sort:      16.56 MW

 SORT1 READ    70490039. AND WROTE    39593956. INTEGRALS IN    116 RECORDS. CPU TIME:     0.73 SEC, REAL TIME:     0.89 SEC
 SORT2 READ    39593956. AND WROTE    59167011. INTEGRALS IN   1089 RECORDS. CPU TIME:     0.62 SEC, REAL TIME:     0.74 SEC

 FILE SIZES:   FILE 1:   316.6 MBYTE,  FILE 4:   486.6 MBYTE,   TOTAL:    803.2 MBYTE

 OPERATOR DM      FOR CENTER  0  COORDINATES:    0.000000    0.000000    0.000000
 OPERATOR LOP     FOR CENTER  0  COORDINATES:    0.000000    0.000000    0.000000
 OPERATOR LOP     FOR CENTER  0  COORDINATES:    0.000000    0.000000    0.000000
 OPERATOR LOP     FOR CENTER  0  COORDINATES:    0.000000    0.000000    0.000000


 **********************************************************************************************************************************
 DATASETS  * FILE   NREC   LENGTH (MB)   RECORD NAMES
              1      20      249.31       500      700      610      701      900      950      970     1000      129      960   
                                          VAR     GEOM    BASINP    GEOM    SYMINP    ZMAT    AOBASIS   BASIS     P2S    ABASIS    
                                         1100     1400     1410     1200     1210     1080     1600     1650     1300     1700   
                                           S        T        V       H0       H01     AOSYM     SMH    MOLCAS    ERIS     OPER   

              2       8       17.64       500      610      700     1000      520     2100     2140      701   
                                          VAR    BASINP    GEOM     BASIS   MCVARS     RHF     MCSCF    GEOM   

 PROGRAMS   *        TOTAL       INT   RESTART
 CPU TIMES  *         8.46      8.36      0.01
 REAL TIME  *         9.06 SEC
 DISK USED  *       783.66 MB
 **********************************************************************************************************************************

 PROGRAM * MULTI (Direct Multiconfiguration SCF)       Authors: P.J. Knowles, H.-J. Werner (1984)
                                                                D.A. Kreplin, P.J. Knowles, H.-J. Werner (2019)

 Number of closed-shell orbitals:   1 (   1   0   0   0 )
 Number of active  orbitals:        5 (   3   1   1   0 )
 Number of external orbitals:     201 (  73  49  49  30 )

 State symmetry 1

 Number of active electrons:   6    Spin symmetry=Singlet   Space symmetry=4
 Number of states:             3
 Number of CSFs:               9   (24 determinants, 100 intermediate states)

 State symmetry 2

 Number of active electrons:   6    Spin symmetry=Singlet   Space symmetry=1
 Number of states:             2
 Number of CSFs:              19   (28 determinants, 100 intermediate states)

 Molecular orbitals read from record     2140.2  Type=MCSCF/NATURAL (state averaged)

 EXTRA SYMMETRY OF MOS IN SYMMETRY 1:   1 1 1 1 1 1 1 2 1 1   1 1 2 1 1 2 1 1 2 1   2 1 1 1 2 3 1 2 1 1   2 1 2 3 1 1 2 1 1 1
                                        2 3 2 1 3 2 1 1 2 2   1 1 1 2 1 1 2 3 1 3   1 1 2 2 1 2 3 2 1 1   2 1 2 1 1 1 1
 EXTRA SYMMETRY OF MOS IN SYMMETRY 2:   1 1 1 1 1 1 2 1 1 1   2 1 1 1 2 1 1 2 1 2   1 1 1 2 3 1 1 2 1 2   1 2 1 1 1 2 1 3 1 2
                                        1 2 1 2 2 1 1 1 1 1
 EXTRA SYMMETRY OF MOS IN SYMMETRY 3:   1 1 1 1 1 1 2 1 1 1   2 1 1 1 2 1 1 2 1 2   1 1 1 2 3 1 1 2 1 2   1 2 1 1 1 2 1 3 1 2
                                        1 2 1 2 2 1 1 1 1 1
 EXTRA SYMMETRY OF MOS IN SYMMETRY 4:   1 1 1 1 1 1 2 1 1 1   2 1 1 2 1 2 1 1 1 1   1 2 2 1 1 1 2 1 1 1

 Wavefunction dump at record             2140.2

 Convergence thresholds  0.10E-04 (gradient)  0.10E-05 (energy)

 Weight factors for state symmetry  1:    0.20000   0.20000   0.20000
 Weight factors for state symmetry  2:    0.20000   0.20000
 
 Number of orbital rotations:  393  ( 3 closed/active, 73 closed/virtual, 0 active/active, 317 active/virtual )
 Total number of variables:    521
 
  Second-order MCSCF: L-BFGS accelerated
 
 ITER  MIC  NCI  NEG     ENERGY(VAR)    ENERGY(PROJ) ENERGY CHANGE       GRAD(0)  GRAD(ORB)   GRAD(CI)      STEP      TIME
   1    5    8    0    -54.74310036     -54.74729330   -0.00419293    0.10025479 0.00004605 0.00000000  0.78E-01      0.36
   2    8   14    0    -54.74733965     -54.74734146   -0.00000181    0.00179581 0.00000297 0.00000000  0.35E-02      0.74
   3    6   10    0    -54.74734146     -54.74734146   -0.00000000    0.00000139 0.00000000 0.00000000  0.16E-04      1.09

 CONVERGENCE REACHED!  Final gradient:    0.00000000 ( 0.15E-10)
                       Final energy:    -54.74734146
 
 Results for state 1.4
 =====================
 !MCSCF STATE 1.4 Energy                       -54.905738721011
 Nuclear energy                                  3.70424048
 Kinetic energy                                 55.33025795
 One electron energy                           -82.12393404
 Two electron energy                            23.51395484
 Virial ratio                                    1.99232754
 
 !MCSCF STATE 1.4 Dipole moment                  0.00000000     0.00000000     0.67204481
 Dipole moment /Debye                            0.00000000     0.00000000     1.70816753
 
 Results for state 2.4
 =====================
 !MCSCF STATE 2.4 Energy                       -54.532123910129
 Nuclear energy                                  3.70424048
 Kinetic energy                                 54.25726675
 One electron energy                           -79.19617389
 Two electron energy                            20.95980951
 Virial ratio                                    2.00506581
 
 !MCSCF STATE 2.4 Dipole moment                  0.00000000     0.00000000    -1.57826263
 Dipole moment /Debye                            0.00000000     0.00000000    -4.01154346
 
 Results for state 3.4
 =====================
 !MCSCF STATE 3.4 Energy                       -54.521648809565
 Nuclear energy                                  3.70424048
 Kinetic energy                                 54.15403782
 One electron energy                           -79.20978609
 Two electron energy                            20.98389680
 Virial ratio                                    2.00678825
 
 !MCSCF STATE 3.4 Dipole moment                  0.00000000     0.00000000    -1.67089107
 Dipole moment /Debye                            0.00000000     0.00000000    -4.24698148
 
 Results for state 1.1
 =====================
 !MCSCF STATE 1.1 Energy                       -54.905738721011
 Nuclear energy                                  3.70424048
 Kinetic energy                                 55.33025795
 One electron energy                           -82.12393404
 Two electron energy                            23.51395484
 Virial ratio                                    1.99232754
 
 !MCSCF STATE 1.1 Dipole moment                  0.00000000     0.00000000     0.67204481
 Dipole moment /Debye                            0.00000000     0.00000000     1.70816753
 
 Results for state 2.1
 =====================
 !MCSCF STATE 2.1 Energy                       -54.871457156394
 Nuclear energy                                  3.70424048
 Kinetic energy                                 55.31632481
 One electron energy                           -82.10120027
 Two electron energy                            23.52550263
 Virial ratio                                    1.99195775
 
 !MCSCF STATE 2.1 Dipole moment                  0.00000000     0.00000000     0.61887821
 Dipole moment /Debye                            0.00000000     0.00000000     1.57303152
 
 State-averaged charge density matrix saved on record 2140.2 (density set 1)
 
 Expectation values: (only non-zero values are shown)
 
 !MCSCF expec                       <1.4|DMZ|1.4>     0.672044810819 au =     1.708167527728 Debye
 !MCSCF expec                       <2.4|DMZ|2.4>    -1.578262625838 au =    -4.011543462998 Debye
 !MCSCF expec                       <3.4|DMZ|3.4>    -1.670891068183 au =    -4.246981479646 Debye
 !MCSCF expec                       <1.1|DMZ|1.1>     0.672044810819 au =     1.708167527728 Debye
 !MCSCF expec                       <2.1|DMZ|2.1>     0.618878213948 au =     1.573031517639 Debye
 
 Transition values: (only non-zero values with the ground state are shown)
 
 !MCSCF trans                       <1.4|DMZ|3.4>    -0.868045106060 au =    -2.206350586901 Debye
 
 !MCSCF trans                        <1.4|LZ|1.1>    -2.000000000000i
 
 
 Natural orbital dump (state averaged) at molpro section 2140.2 (Orbital set 2)
 
 Reoptimze the CI vectors with natural orbitals 
 
 CI Coefficients of symmetry 4
 =============================
 
 220 a b       -0.70649345      0.00000000      0.02198536
 220 b a        0.70649345     -0.00000000     -0.02198536
 2aa b b       -0.00000000      0.57417251     -0.00000000
 2bb a a       -0.00000000      0.57417251     -0.00000000
 2ab b a        0.01555039     -0.28708626      0.49753380
 2ba a b        0.01555039     -0.28708626      0.49753380
 2ab a b       -0.01555039     -0.28708626     -0.49753380
 2ba b a       -0.01555039     -0.28708626     -0.49753380
 b2b a a        0.00000000      0.05098446     -0.00000000
 a2a b b        0.00000000      0.05098446     -0.00000000
 202 a b        0.00983977      0.00000000      0.05039979
 202 b a       -0.00983977     -0.00000000     -0.05039979
 
 Energy:      -54.90573872    -54.53212391    -54.52164881
 
 
 CI Coefficients of symmetry 1
 =============================
 
 220 0 2       -0.70649345      0.69205192
 220 2 0        0.70649345      0.69205192
 200 2 2        0.00000000     -0.12532490
 020 2 2        0.00000000     -0.12266422
 ba0 2 2       -0.00000000      0.06799603
 ab0 2 2        0.00000000     -0.06799603
 
 Energy:      -54.90573872    -54.87145716
 


 **********************************************************************************************************************************
 DATASETS  * FILE   NREC   LENGTH (MB)   RECORD NAMES
              1      21      252.36       500      700      610      701      900      950      970     1000      129      960   
                                          VAR     GEOM    BASINP    GEOM    SYMINP    ZMAT    AOBASIS   BASIS     P2S    ABASIS    
                                         1100     1400     1410     1200     1210     1080     1600     1650     1300     1700   
                                           S        T        V       H0       H01     AOSYM     SMH    MOLCAS    ERIS     OPER   
                                         1380   
                                         JKOP   

              2       9       17.64       500      610      700     1000      520     2100     2140      701     2140(1)
                                          VAR    BASINP    GEOM     BASIS   MCVARS     RHF     MCSCF    GEOM     MCSCF   

 PROGRAMS   *        TOTAL     MULTI       INT   RESTART
 CPU TIMES  *         9.75      1.28      8.36      0.01
 REAL TIME  *        10.50 SEC
 DISK USED  *       783.66 MB
 **********************************************************************************************************************************


 PROGRAM * CI (Multireference internally contracted CI)     Authors: H.-J. Werner, P.J. Knowles, 1987


 Convergence thresholds:  THRVAR = 1.00D-08  THRDEN = 1.00D-06

 Number of optimized states: 2  Roots:    1   2
 Number of reference states: 2  Roots:    1   2

 Program parameters:       NSTATE=  2    NSTATI=  3    NSTATR=  2    NCEPA = -1    NOKOP =  0    ITRDM =  0    ITRANS=  0
                           IDIP  =200    MAXIT =250    MAXITI=250    MAXDAV=  6    MAXVI =  9    NOSING=  0    NOPAIR=  0
                           MXSHRF=  5    IKCPS =  0    IOPTGM=  2    IOPTOR=  0    REFOPT=  1    IAVDEN=  0    IDELCG=  1
                           IREST =  0    NATORB=  0    IPUNRF=  0    ISEP  =  0    OLDDEN=  0    NSTPRI=  1    GPSFLI= -1
                           CLUSTE=  0    CLOSED=  1    ILSTYP=  0    ITRLS =  0    ICCSD =  0    LOCAL =  0    IBASO =  0
                           MP    =  0    ITEDIS=  2    INCDIS=  1    MAXDIS=  6    ITYDIS=  1    BRUECK=  0    IBRSTR=  3
                           INCBRK=  1    TRIPLE=  0    ICCTYP=  1    IHPPD =  0    ICCNEW=  0    I3EXT = -1    IDEB  =  0
                           IDLEIG=  1    IDFTYP=  1    IMP3  =  0    IPROCS=  0    NOINT =  0    NOREF =  1    IMP2G =  0
                           IHINT =  0    IFDIA =  0    ISPARO=  1    JKSYM =  0    CPHF  =  0    MP2D  = -1    DKINT =  0
                           NPKEX =  1    DRVK  =  1    HLSTRA=  1    WIGNER=  1    DIIS_C=  1    MAXIT_= 50    MATEL =  0
                           SPDEG =  1    MEMCPH=  0    DISM  =  1    KDCPMA=  5    IKDCP_=  0    IREDTH=  0    USECS =  0
                           IPROCC=  0    I3SAVE=  1    IKDCP =  1    USECI =  0    OLDPAI=  0    IPROCI=  0    KEEPCL=  1
                           DISCON=  0    SHIFTE=  0    DIISIN=  0    MOLCAS=  0    MEM_PT=  0    RECORD=  0    RS2C  =  0
                           KEXT  = -1    CIPT2 =  0    DECP0S=  0    I4EXT = -1    NATCOR=  0    RIMP2 =  0    DDCI  = -1
                           IPOLAR=  0

 Reference symmetry:                   4   Singlet 
 Number of electrons:                  8
 Maximum number of shells:             4
 Maximum number of spin couplings:     5

 Reference space:        6 conf        9 CSFs
 N elec internal:       45 conf       50 CSFs
 N-1 el internal:       48 conf       72 CSFs
 N-2 el internal:       26 conf       64 CSFs

 Number of electrons in valence space:                      6
 Maximum number of open shell orbitals in reference space:  4
 Maximum number of open shell orbitals in internal spaces:  6


 Number of core orbitals:           1 (   1   0   0   0 )
 Number of active  orbitals:        5 (   3   1   1   0 )
 Number of external orbitals:     201 (  73  49  49  30 )

 Molecular orbitals read from record     2140.2  Type=MCSCF/NATURAL (state averaged)

 Valence orbitals related to previous ones by unitary transformation. Operators transformed.


 Number of p-space configurations:   3

 Reference wavefunction optimized for reference space (refopt=1)

 State     Reference Energy 
     1       -54.90573872
     2       -54.53212391
     3       -54.52164881

 Number of blocks in overlap matrix:    12   Smallest eigenvalue:  0.30D-04
 Number of N-2 electron functions:      41
 Number of N-1 electron functions:      72

 Number of internal configurations:                    9
 Number of singly external configurations:          3575
 Number of doubly external configurations:        213344
 Total number of contracted configurations:       216928
 Total number of uncontracted configurations:     332025

 Diagonal Coupling coefficients finished.               Storage:    6317 words, CPU-Time:      0.00 seconds.
 Energy denominators for pairs finished in 1 passes.    Storage:  122654 words, CPU-time:      0.00 seconds.

  ITER. STATE  ROOT     SQ.NORM     CORR.ENERGY   TOTAL ENERGY   ENERGY CHANGE       DEN1      VAR(S)    VAR(P)      TIME
    1     1     1     1.00000000     0.00000000   -54.90573872     0.00000000    -0.18041431  0.29D-01  0.23D-01     0.14
    1     2     2     1.00000000     0.00000000   -54.53212391     0.00000000    -0.16277336  0.40D-01  0.18D-01     0.14
    2     1     1     1.05039400    -0.17675280   -55.08249152    -0.17675280    -0.00687244  0.12D-02  0.96D-03     0.79
    2     2     2     1.05774924    -0.16314404   -54.69526795    -0.16314404    -0.00482494  0.52D-03  0.86D-03     0.79
    3     1     1     1.05520644    -0.18454011   -55.09027883    -0.00778731    -0.00052210  0.12D-03  0.78D-04     1.43
    3     2     2     1.06181279    -0.16858687   -54.70071078    -0.00544283    -0.00034083  0.90D-04  0.48D-04     1.43
    4     1     1     1.05812541    -0.18523590   -55.09097462    -0.00069579    -0.00005232  0.51D-05  0.90D-05     2.07
    4     2     2     1.06533473    -0.16903196   -54.70115587    -0.00044510    -0.00003723  0.10D-04  0.61D-05     2.07
    5     1     1     1.05866931    -0.18530661   -55.09104533    -0.00007070    -0.00000525  0.63D-06  0.86D-06     2.70
    5     2     2     1.06592654    -0.16908378   -54.70120769    -0.00005182    -0.00000583  0.27D-05  0.85D-06     2.70
    6     1     1     1.05868492    -0.18531337   -55.09105209    -0.00000676    -0.00000068  0.62D-07  0.11D-06     3.34
    6     2     2     1.06610123    -0.16909259   -54.70121650    -0.00000880    -0.00000154  0.73D-06  0.21D-06     3.34
    7     1     1     1.05871011    -0.18531418   -55.09105290    -0.00000081    -0.00000010  0.80D-08  0.19D-07     4.00
    7     2     2     1.06630223    -0.16909477   -54.70121868    -0.00000219    -0.00000043  0.21D-06  0.55D-07     4.00
    8     1     1     1.05871862    -0.18531430   -55.09105302    -0.00000012    -0.00000002  0.18D-08  0.30D-08     4.67
    8     2     2     1.06635754    -0.16909535   -54.70121926    -0.00000057    -0.00000013  0.74D-07  0.17D-07     4.67
    9     1     1     1.05871863    -0.18531430   -55.09105302    -0.00000000    -0.00000002  0.18D-08  0.30D-08     5.17
    9     2     2     1.06644422    -0.16909557   -54.70121948    -0.00000023    -0.00000003  0.58D-08  0.49D-08     5.17
   10     1     1     1.05871863    -0.18531430   -55.09105302    -0.00000000    -0.00000002  0.18D-08  0.30D-08     5.67
   10     2     2     1.06645101    -0.16909560   -54.70121951    -0.00000003    -0.00000001  0.18D-08  0.11D-08     5.67


 =====================================
 Analysis of CPU times by interactions
 =====================================

       I      S      P

 I   0.2%
 S   0.0%   0.2%
 P   0.2%   0.5%  17.3%

 Initialization:   2.5%
 Other:           79.2%

 Total CPU:        5.7 seconds
 =====================================



 gnormi=  0.94453802  gnorms=  0.02399238  gnormp=  0.03146960  gnorm=  1.00000000
 ecorri= -0.17503640  ecorrs= -0.00444231  ecorrp= -0.00583558  ecorr= -0.18531430

 gnormi=  0.93768958  gnorms=  0.04251397  gnormp=  0.01979645  gnorm=  1.00000000
 ecorri= -0.15855918  ecorrs= -0.00719076  ecorrp= -0.00334566  ecorr= -0.16909560

 Wavefunction saved on  8080.2

 Reference coefficients greater than 0.0500000
 =============================================
 220/\           0.9715422   0.0000002
 2//\\           0.0000001   0.9643401
 /2/\\           0.0000000   0.0663908
 //2\\          -0.0000000  -0.0577053

 Coefficients of fixed reference functions:
 ==========================================

 State      Coefficients
 1           0.971691    0.000000
 2          -0.000011    0.968149

 Coefficients of rotated reference functions:
 ============================================

 State      Coefficients
 1           0.971691   -0.000005
 2          -0.000005    0.968149


 RESULTS FOR STATE 1.4
 =====================

 Coefficient of reference function:   C(0) = 0.97169066 (fixed)   0.97187346 (relaxed)   0.97169066 (rotated)

 Energy contributions of configuration classes

 CLASS          SQ.NORM        ECORR1        ECORR2
 +++++++++++++++++++++++++++++++++++++++++++++++++++
 Internals    0.00037629   -0.00000000   -0.12540101
 Singles      0.02541074   -0.05256958   -0.05407760
 Pairs        0.03332999   -0.00000011   -0.00583569
 Total        1.05911701   -0.05256969   -0.18531430
 +++++++++++++++++++++++++++++++++++++++++++++++++++


 Reference energy                     -54.90573872
 Nuclear energy                         3.70424048
 Kinetic energy                        55.19194495
 One electron energy                  -81.69726644
 Two electron energy                   22.90197294
 Virial quotient                       -0.99817198
 Correlation energy                    -0.18531430
 !MRCI STATE 1.4 Energy               -55.091053017506

 Properties without orbital relaxation:

 !MRCI STATE 1.4 Dipole moment          0.00000000     0.00000000     0.61319341
 Dipole moment /Debye                   0.00000000     0.00000000     1.55858218

 Cluster corrected energies           -55.10200824 (Davidson, fixed reference)
 Cluster corrected energies           -55.10193442 (Davidson, relaxed reference)
 Cluster corrected energies           -55.10200824 (Davidson, rotated reference)

 Cluster corrected energies           -55.09849730 (Pople, fixed reference)
 Cluster corrected energies           -55.09844622 (Pople, relaxed reference)
 Cluster corrected energies           -55.09849730 (Pople, rotated reference)







 RESULTS FOR STATE 2.4
 =====================

 Coefficient of reference function:   C(0) = 0.96814899 (fixed)   0.96834373 (relaxed)   0.96814899 (rotated)

 Energy contributions of configuration classes

 CLASS          SQ.NORM        ECORR1        ECORR2
 +++++++++++++++++++++++++++++++++++++++++++++++++++
 Internals    0.00040233   -0.00000000   -0.00006377
 Singles      0.04535730   -0.07944520   -0.08165573
 Pairs        0.02112044   -0.08965040   -0.08737610
 Total        1.06688008   -0.16909560   -0.16909560
 +++++++++++++++++++++++++++++++++++++++++++++++++++


 Reference energy                     -54.53212391
 Nuclear energy                         3.70424048
 Kinetic energy                        54.97990941
 One electron energy                  -79.65081437
 Two electron energy                   21.24535438
 Virial quotient                       -0.99493106
 Correlation energy                    -0.16909560
 !MRCI STATE 2.4 Energy               -54.701219512360

 Properties without orbital relaxation:

 !MRCI STATE 2.4 Dipole moment          0.00000000     0.00000000    -1.60378739
 Dipole moment /Debye                   0.00000000     0.00000000    -4.07642094

 Cluster corrected energies           -54.71252864 (Davidson, fixed reference)
 Cluster corrected energies           -54.71245609 (Davidson, relaxed reference)
 Cluster corrected energies           -54.71252864 (Davidson, rotated reference)

 Cluster corrected energies           -54.70892284 (Pople, fixed reference)
 Cluster corrected energies           -54.70887240 (Pople, relaxed reference)
 Cluster corrected energies           -54.70892284 (Pople, rotated reference)






 !MRCI trans          <2.4|DMZ|1.4>     0.000282354961 au =     0.000717674727 Debye


 **********************************************************************************************************************************
 DATASETS  * FILE   NREC   LENGTH (MB)   RECORD NAMES
              1      21      252.36       500      700      610      701      900      950      970     1000      129      960   
                                          VAR     GEOM    BASINP    GEOM    SYMINP    ZMAT    AOBASIS   BASIS     P2S    ABASIS    
                                         1100     1400     1410     1200     1210     1080     1600     1650     1300     1700   
                                           S        T        V       H0       H01     AOSYM     SMH    MOLCAS    ERIS     OPER   
                                         1380   
                                         JKOP   

              2      10       21.36       500      610      700     1000      520     2100     2140      701     2140(1)  8080   
                                          VAR    BASINP    GEOM     BASIS   MCVARS     RHF     MCSCF    GEOM     MCSCF    MRCI   

 PROGRAMS   *        TOTAL        CI     MULTI       INT   RESTART
 CPU TIMES  *        15.46      5.71      1.28      8.36      0.01
 REAL TIME  *        16.75 SEC
 DISK USED  *       783.66 MB
 **********************************************************************************************************************************


 PROGRAM * CI (Multireference internally contracted CI)     Authors: H.-J. Werner, P.J. Knowles, 1987


 Convergence thresholds:  THRVAR = 1.00D-08  THRDEN = 1.00D-06

 Number of optimized states: 2  Roots:    1   2
 Number of reference states: 2  Roots:    1   2

 Program parameters:       NSTATE=  2    NSTATI=  2    NSTATR=  2    NCEPA = -1    NOKOP =  0    ITRDM =  0    ITRANS=  0
                           IDIP  =200    MAXIT =250    MAXITI=250    MAXDAV=  6    MAXVI =  6    NOSING=  0    NOPAIR=  0
                           MXSHRF=  5    IKCPS =  0    IOPTGM=  2    IOPTOR=  0    REFOPT=  1    IAVDEN=  0    IDELCG=  1
                           IREST =  0    NATORB=  0    IPUNRF=  0    ISEP  =  0    OLDDEN=  0    NSTPRI=  1    GPSFLI= -1
                           CLUSTE=  0    CLOSED=  1    ILSTYP=  0    ITRLS =  0    ICCSD =  0    LOCAL =  0    IBASO =  0
                           MP    =  0    ITEDIS=  2    INCDIS=  1    MAXDIS=  6    ITYDIS=  1    BRUECK=  0    IBRSTR=  3
                           INCBRK=  1    TRIPLE=  0    ICCTYP=  1    IHPPD =  0    ICCNEW=  0    I3EXT = -1    IDEB  =  0
                           IDLEIG=  1    IDFTYP=  1    IMP3  =  0    IPROCS=  0    NOINT =  0    NOREF =  1    IMP2G =  0
                           IHINT =  0    IFDIA =  0    ISPARO=  1    JKSYM =  0    CPHF  =  0    MP2D  = -1    DKINT =  0
                           NPKEX =  1    DRVK  =  1    HLSTRA=  1    WIGNER=  1    DIIS_C=  1    MAXIT_= 50    MATEL =  0
                           SPDEG =  1    MEMCPH=  0    DISM  =  1    KDCPMA=  5    IKDCP_=  0    IREDTH=  0    USECS =  0
                           IPROCC=  0    I3SAVE=  1    IKDCP =  1    USECI =  0    OLDPAI=  0    IPROCI=  0    KEEPCL=  1
                           DISCON=  0    SHIFTE=  0    DIISIN=  0    MOLCAS=  0    MEM_PT=  0    RECORD=  0    RS2C  =  0
                           KEXT  = -1    CIPT2 =  0    DECP0S=  0    I4EXT = -1    NATCOR=  0    RIMP2 =  0    DDCI  = -1
                           IPOLAR=  0

 Reference symmetry:                   1   Singlet 
 Number of electrons:                  8
 Maximum number of shells:             4
 Maximum number of spin couplings:     5

 Reference space:       19 conf       19 CSFs
 N elec internal:       45 conf       50 CSFs
 N-1 el internal:       51 conf       75 CSFs
 N-2 el internal:       45 conf       95 CSFs

 Number of electrons in valence space:                      6
 Maximum number of open shell orbitals in reference space:  2
 Maximum number of open shell orbitals in internal spaces:  6


 Number of core orbitals:           1 (   1   0   0   0 )
 Number of active  orbitals:        5 (   3   1   1   0 )
 Number of external orbitals:     201 (  73  49  49  30 )

 Molecular orbitals read from record     2140.2  Type=MCSCF/NATURAL (state averaged)

 Coulomb and exchange operators available. No transformation done.


 Number of p-space configurations:   5

 Reference wavefunction optimized for reference space (refopt=1)

 State     Reference Energy 
     1       -54.90573872
     2       -54.87145716

 Number of blocks in overlap matrix:     9   Smallest eigenvalue:  0.29D-04
 Number of N-2 electron functions:      46
 Number of N-1 electron functions:      75

 Number of internal configurations:                   19
 Number of singly external configurations:          3880
 Number of doubly external configurations:        241424
 Total number of contracted configurations:       245323
 Total number of uncontracted configurations:     487911

 Diagonal Coupling coefficients finished.               Storage:    7419 words, CPU-Time:      0.00 seconds.
 Energy denominators for pairs finished in 1 passes.    Storage:  123626 words, CPU-time:      0.00 seconds.

  ITER. STATE  ROOT     SQ.NORM     CORR.ENERGY   TOTAL ENERGY   ENERGY CHANGE       DEN1      VAR(S)    VAR(P)      TIME
    1     1     1     1.00000000     0.00000000   -54.90573872     0.00000000    -0.17601870  0.28D-01  0.21D-01     0.01
    1     2     2     1.00000000     0.00000000   -54.87145716     0.00000000    -0.17020704  0.26D-01  0.24D-01     0.01
    2     1     1     1.04977293    -0.17622274   -55.08196146    -0.17622274    -0.00759166  0.12D-02  0.11D-02     0.72
    2     2     2     1.05074180    -0.17144408   -55.04290124    -0.17144408    -0.00809152  0.18D-02  0.11D-02     0.72
    3     1     1     1.05522819    -0.18491085   -55.09064957    -0.00868811    -0.00057358  0.11D-03  0.88D-04     1.44
    3     2     2     1.05543990    -0.18017951   -55.05163667    -0.00873543    -0.00063080  0.16D-03  0.93D-04     1.44
    4     1     1     1.05860529    -0.18569588   -55.09143460    -0.00078503    -0.00005588  0.48D-05  0.93D-05     2.17
    4     2     2     1.05967472    -0.18098440   -55.05244155    -0.00080489    -0.00006664  0.12D-04  0.99D-05     2.17
    5     1     1     1.05923834    -0.18577345   -55.09151217    -0.00007757    -0.00000557  0.61D-06  0.92D-06     2.90
    5     2     2     1.06066427    -0.18106948   -55.05252663    -0.00008508    -0.00000764  0.11D-05  0.12D-05     2.90
    6     1     1     1.05928824    -0.18578068   -55.09151940    -0.00000722    -0.00000075  0.74D-07  0.13D-06     3.63
    6     2     2     1.06079005    -0.18107894   -55.05253610    -0.00000947    -0.00000099  0.19D-06  0.15D-06     3.63
    7     1     1     1.05932526    -0.18578154   -55.09152026    -0.00000087    -0.00000012  0.64D-08  0.22D-07     4.38
    7     2     2     1.06087323    -0.18108016   -55.05253731    -0.00000121    -0.00000015  0.27D-07  0.21D-07     4.38
    8     1     1     1.05933942    -0.18578168   -55.09152040    -0.00000014    -0.00000002  0.16D-08  0.33D-08     5.11
    8     2     2     1.06089781    -0.18108033   -55.05253748    -0.00000017    -0.00000002  0.35D-08  0.38D-08     5.11


 =====================================
 Analysis of CPU times by interactions
 =====================================

       I      S      P

 I   0.0%
 S   0.0%   0.4%
 P   0.2%   0.8%  22.5%

 Initialization:   0.0%
 Other:           76.1%

 Total CPU:        5.1 seconds
 =====================================



 gnormi=  0.94398451  gnorms=  0.02436774  gnormp=  0.03164776  gnorm=  1.00000000
 ecorri= -0.17537503  ecorrs= -0.00452366  ecorrp= -0.00588299  ecorr= -0.18578168

 gnormi=  0.94259785  gnorms=  0.02203881  gnormp=  0.03536333  gnorm=  1.00000000
 ecorri= -0.17068593  ecorrs= -0.00399126  ecorrp= -0.00640314  ecorr= -0.18108033

 Wavefunction saved on  7080.2

 Reference coefficients greater than 0.0500000
 =============================================
 22020          -0.6867783   0.6715889
 22002           0.6867783   0.6715889
 20022          -0.0000003  -0.1378223
 02022          -0.0000001  -0.1140722
 /\022          -0.0000000  -0.0880922

 Coefficients of fixed reference functions:
 ==========================================

 State      Coefficients
 1           0.971411   -0.000000
 2          -0.000000    0.970466

 Coefficients of rotated reference functions:
 ============================================

 State      Coefficients
 1           0.971411   -0.000000
 2          -0.000000    0.970466


 RESULTS FOR STATE 1.1
 =====================

 Coefficient of reference function:   C(0) = 0.97141100 (fixed)   0.97158865 (relaxed)   0.97141100 (rotated)

 Energy contributions of configuration classes

 CLASS          SQ.NORM        ECORR1        ECORR2
 +++++++++++++++++++++++++++++++++++++++++++++++++++
 Internals    0.00036579   -0.00000000   -0.12543201
 Singles      0.02582315   -0.05292596   -0.05446667
 Pairs        0.03353798   -0.00000000   -0.00588299
 Total        1.05972692   -0.05292596   -0.18578168
 +++++++++++++++++++++++++++++++++++++++++++++++++++


 Reference energy                     -54.90573872
 Nuclear energy                         3.70424048
 Kinetic energy                        55.19036538
 One electron energy                  -81.69411297
 Two electron energy                   22.89835209
 Virial quotient                       -0.99820902
 Correlation energy                    -0.18578168
 !MRCI STATE 1.1 Energy               -55.091520399582

 Properties without orbital relaxation:

 !MRCI STATE 1.1 Dipole moment          0.00000000     0.00000000     0.61251598
 Dipole moment /Debye                   0.00000000     0.00000000     1.55686034

 Cluster corrected energies           -55.10261657 (Davidson, fixed reference)
 Cluster corrected energies           -55.10254458 (Davidson, relaxed reference)
 Cluster corrected energies           -55.10261657 (Davidson, rotated reference)

 Cluster corrected energies           -55.09906189 (Pople, fixed reference)
 Cluster corrected energies           -55.09901206 (Pople, relaxed reference)
 Cluster corrected energies           -55.09906189 (Pople, rotated reference)







 RESULTS FOR STATE 2.1
 =====================

 Coefficient of reference function:   C(0) = 0.97046584 (fixed)   0.97087479 (relaxed)   0.97046584 (rotated)

 Energy contributions of configuration classes

 CLASS          SQ.NORM        ECORR1        ECORR2
 +++++++++++++++++++++++++++++++++++++++++++++++++++
 Internals    0.00084296    0.00000000   -0.00014377
 Singles      0.02340064   -0.03585637   -0.03776093
 Pairs        0.03754851   -0.14522395   -0.14317562
 Total        1.06179210   -0.18108032   -0.18108033
 +++++++++++++++++++++++++++++++++++++++++++++++++++


 Reference energy                     -54.87145716
 Nuclear energy                         3.70424048
 Kinetic energy                        55.15647034
 One electron energy                  -81.62630144
 Two electron energy                   22.86952348
 Virial quotient                       -0.99811567
 Correlation energy                    -0.18108033
 !MRCI STATE 2.1 Energy               -55.052537483962

 Properties without orbital relaxation:

 !MRCI STATE 2.1 Dipole moment          0.00000000     0.00000000     0.57836424
 Dipole moment /Debye                   0.00000000     0.00000000     1.47005527

 Cluster corrected energies           -55.06372682 (Davidson, fixed reference)
 Cluster corrected energies           -55.06356488 (Davidson, relaxed reference)
 Cluster corrected energies           -55.06372682 (Davidson, rotated reference)

 Cluster corrected energies           -55.06014719 (Pople, fixed reference)
 Cluster corrected energies           -55.06003497 (Pople, relaxed reference)
 Cluster corrected energies           -55.06014719 (Pople, rotated reference)






 !MRCI trans          <2.1|DMZ|1.1>    -0.000000285870 au =    -0.000000726609 Debye


 **********************************************************************************************************************************
 DATASETS  * FILE   NREC   LENGTH (MB)   RECORD NAMES
              1      21      252.36       500      700      610      701      900      950      970     1000      129      960   
                                          VAR     GEOM    BASINP    GEOM    SYMINP    ZMAT    AOBASIS   BASIS     P2S    ABASIS    
                                         1100     1400     1410     1200     1210     1080     1600     1650     1300     1700   
                                           S        T        V       H0       H01     AOSYM     SMH    MOLCAS    ERIS     OPER   
                                         1380   
                                         JKOP   

              2      11       25.29       500      610      700     1000      520     2100     2140      701     2140(1)  8080   
                                          VAR    BASINP    GEOM     BASIS   MCVARS     RHF     MCSCF    GEOM     MCSCF    MRCI   
                                         7080   
                                         MRCI   

 PROGRAMS   *        TOTAL        CI        CI     MULTI       INT   RESTART
 CPU TIMES  *        20.61      5.15      5.71      1.28      8.36      0.01
 REAL TIME  *        22.34 SEC
 DISK USED  *       783.66 MB
 **********************************************************************************************************************************


 PROGRAM * CI (Multireference internally contracted CI)     Authors: H.-J. Werner, P.J. Knowles, 1987


 Ket wavefunction restored from record 8080.2 to file 8
 Bra wavefunction restored from record 7080.2 to file 7
 !MRCI trans           <1.1|LZ|1.4>     1.999727724960i
 !MRCI trans           <1.1|LZ|2.4>    -0.000000358478i
 !MRCI trans           <2.1|LZ|2.4>     0.000002709740i


 **********************************************************************************************************************************
 DATASETS  * FILE   NREC   LENGTH (MB)   RECORD NAMES
              1      21      252.36       500      700      610      701      900      950      970     1000      129      960   
                                          VAR     GEOM    BASINP    GEOM    SYMINP    ZMAT    AOBASIS   BASIS     P2S    ABASIS    
                                         1100     1400     1410     1200     1210     1080     1600     1650     1300     1700   
                                           S        T        V       H0       H01     AOSYM     SMH    MOLCAS    ERIS     OPER   
                                         1380   
                                         JKOP   

              2      11       25.29       500      610      700     1000      520     2100     2140      701     2140(1)  8080   
                                          VAR    BASINP    GEOM     BASIS   MCVARS     RHF     MCSCF    GEOM     MCSCF    MRCI   
                                         7080   
                                         MRCI   

 PROGRAMS   *        TOTAL        CI        CI        CI     MULTI       INT   RESTART
 CPU TIMES  *        20.66      0.05      5.15      5.71      1.28      8.36      0.01
 REAL TIME  *        22.40 SEC
 DISK USED  *       783.66 MB
 **********************************************************************************************************************************

              CI              CI           MULTI
    -55.05253748    -54.70121951    -54.87145716
 **********************************************************************************************************************************
 Molpro calculation terminated
