
 Working directory              : /tmp/molpro/molpro.wlHDt5fa3S/
 Global scratch directory       : /tmp/molpro/molpro.wlHDt5fa3S/
 Wavefunction directory         : /home/molpro/wfu/
 Main file repository           : /tmp/molpro/molpro.wlHDt5fa3S/

 id        : gskim

 Nodes                nprocs
 localhost.localdomain    1
 GA implementation: MPI file
 GA implementation (serial work in mppx): MPI file

 Using customized tuning parameters: mindgm=1; mindgv=20; mindgc=4; mindgr=1; noblas=0; minvec=7
 default implementation of scratch files=df  


 Variables initialized (1009), CPU time= 0.00 sec
 ***,s-o Calculations   for NH from 1sig+ to 3sig+
 file,2,nh3sigp-1sigp-lsz.wfu
 memory,1500,M
 geometry={angstrom;
 N
 H,N,r(i)}
 basis=av5z
 r=[0.55,0.56,0.57,0.58,0.59,0.60,0.61,0.62,0.63,0.64,0.65,0.66,0.67,0.68,0.69,0.70,0.71,0.72,0.73,0.74,0.75,0.76,0.77,0.78,0.79,0.80,0.81,0.82,0.83,0.84,0.85,0.86,0.87,0.88,0.89,0.90,0.91,0.92,0.93,0.94,0.95,0.965,0.97,0.98,0.99,1.0,1.01,1.02,1.03,1.04,1.05,1.06,1.07,1.08,1.09,1.1,1.11,1.12,1.13,1.14,1.15,1.16,1.17,1.18,1.19,1.2,1.21,1.22,1.23,1.24,1.25,1.26,1.27,1.28,1.29,1.3,1.32,1.34,1.36,1.38,1.40,1.42,1.44,1.46,1.48,1.5,1.52,1.54,1.56,1.58,1.6,1.62,1.64,1.66,1.68,1.7,1.72,1.74,1.76,1.78,1.8,1.82,1.84,1.86,1.88,1.9,1.92,1.94,1.96,1.98,2.0,2.02,2.04,2.06,2.08,2.1,2.12,2.14,2.16,2.18,2.2,2.22,2.24,2.26,2.28,2.3,2.32,2.34,2.36,2.38,2.4,2.42,2.44,2.46,2.48,2.5,2.52,2.54,2.56,2.58,2.6,2.62,2.64,2.68,2.7,2.72,2.74,2.76,2.78,2.8,2.82,2.84,2.86,2.88,2.90,2.92,2.94,2.96,2.98,3.0,3.02,3.04,3.06,3.08,3.1,3.12,3.14,3.16,3.18,3.2,3.22,3.24,3.26,3.28,3.3]
 
 do i=1,#r
 int;
 
 Text,s-o calculation of NH 1sig+ to 3sig+  using  av5z
 
 {multi;occ,4,1,1;close,1,0,0;start,2140.2;orbital,2140.2;natorb,,ci;wf,8,1,2;state,2;wf,8,1,0;state,2;maxiter,40;}
 
 {ci;occ,4,1,1;core,1,0,0;wf,8,1,2;state,2;orbital,2140.2;maxiter,250;option,maxiti=250;option,nstati=2;save,8030.2;}
 
 {ci;occ,4,1,1;core,1,0,0;wf,8,1,0;state,2;orbital,2140.2;maxiter,250;option,maxiti=250;option,nstati=2;save,7030.2;}
 
 {ci;hlsmat,ls,7030.2,8030.2;options,matel=1;PRINT}
 
 enddo
 
 Commands initialized (810), CPU time= 0.01 sec, 661 directives.
 Default parameters read. Elapsed time= 0.05 sec

 Checking input...
 Passed
1


                                         ***  PROGRAM SYSTEM MOLPRO  ***
                                       Copyright, TTI GmbH Stuttgart, 2015
                                    Version 2021.2 linked Jul 16 2021 07:37:36


 **********************************************************************************************************************************
 LABEL *   s-o Calculations   for NH from 1sig+ to 3sig+                                 
  64 bit serial version                                                                  DATE: 03-Nov-22          TIME: 14:51:27  
 **********************************************************************************************************************************

 SHA1:             dade016a989826d9d859d6207854b99675d53db3
 **********************************************************************************************************************************

 Memory per process:      1500 MW
 Total memory per node:   1500 MW

 GA preallocation disabled
 GA check disabled

 Variable memory set to 1500.0 MW



 Permanent file  2  nh3sigp-1sigp-lsz.wfu            assigned.  Implementation=df    Size= 17.17 MB


 PROGRAM * RESTART 


 Reading variables from file 2

 _FNUC           =      0.00000000
 _BASIS          =    AV5Z
 _NELEC          =      8.00000000
 _PROGRAM        =    CI
 _DMX(2)         =      0.00000000
 _DMY(2)         =      0.00000000
 _DMZ(1:2)       =     -0.91021140    -0.18953409
 _DMX_SCF        =      0.00000000
 _DMY_SCF        =      0.00000000
 _DMZ_SCF        =      0.61991019
 _HOMO           =      1.20000000
 _EHOMO          =     -0.46463796
 _LUMO           =      1.30000000
 _ELUMO          =      0.00287758
 _ENERGD(1:2)    =    -54.07026047   -54.13304606
 _ENERGD0(1:2)   =    -54.07026047   -54.13304606
 _ENERGD1(1:2)   =    -54.07026630   -54.13318465
 _ENERGD2(1:2)   =    -54.07026630   -54.13318465
 _ENERGD3(1:2)   =    -54.07026047   -54.13304606
 _ENERGD4(1:2)   =    -54.07026630   -54.13318465
 _ENERGP(1:2)    =    -54.06675943   -54.06183791
 _ENERGP0(1:2)   =    -54.06675943   -54.06183791
 _ENERGP1(1:2)   =    -54.06676233   -54.06188243
 _ENERGP2(1:2)   =    -54.06676233   -54.06188243
 _ENERGP3(1:2)   =    -54.06675943   -54.06183791
 _ENERGP4(1:2)   =    -54.06676233   -54.06188243
 _ENERGR(1:2)    =    -53.92430353   -53.86723528
 _ENERGRR(1:2)   =    -53.92430353   -53.86723528
 _ENERGY(1:2)    =    -54.06326282   -54.00844437
 _ENERGY_METHOD  =    CI
 _ENERGY_BASIS   =    aug-cc-pV5Z
 _ENERGY_AVRG    =    -53.89576940
 _ENUC           =      6.73498268
 _IPROC_MPP      =      0.00000000
 _IPROC_MPPX     =      0.00000000
 _ORBITAL        =   2140.20000000
 _ROOT(1:2)      =      1.00000000     2.00000000
 _STATUS         =      1.00000000
 _TROV           =     -0.00000000
 _DATE           =    27-Oct-22
 _LASTORB        =    MCSCF
 _OUTPUT         =    /home/molpro/NH-2oct2022/dir-1/nh3sigpmc055.out
 _PGROUP         =    C2v 
 _TIME           =    21:35:48
 _C0(1:2)        =      0.95205673     0.53123912
 _C0R(1:2)       =      0.95201873     0.53096230
 _DMX_CC(1:2)    =     -0.00000000    -0.00000000
 _DMY_CC(1:2)    =     -0.00000000    -0.00000000
 _DMZ_CC(1:2)    =      0.14186376     0.14186376
 _DMX_NUC(1:2)   =      0.00000000     0.00000000
 _DMY_NUC(1:2)   =      0.00000000     0.00000000
 _DMZ_NUC(1:2)   =      0.48117319     0.48117319
 _SYM_CATION     =      2.00000000
 R               =      0.55000000
 _TRDMX          =     -0.00000000
 _TRDMY          =     -0.00000000
 _TRDMZ          =     -0.00000087

 Geometry written to block  1 of record 700


 **********************************************************************************************************************************
 DATASETS  * FILE   NREC   LENGTH (MB)   RECORD NAMES
              2       7       17.17       500      610      700     1000      520     2100     2140   
                                          VAR    BASINP    GEOM     BASIS   MCVARS     RHF     MCSCF   

 PROGRAMS   *        TOTAL   RESTART
 CPU TIMES  *         0.10      0.00
 REAL TIME  *         0.12 SEC
 DISK USED  *        28.64 MB
 **********************************************************************************************************************************
 SETTING BASIS          =    AV5Z
 SETTING R(1)           =         0.55000000                                  
 SETTING R(2)           =         0.56000000                                  
 SETTING R(3)           =         0.57000000                                  
 SETTING R(4)           =         0.58000000                                  
 SETTING R(5)           =         0.59000000                                  
 SETTING R(6)           =         0.60000000                                  
 SETTING R(7)           =         0.61000000                                  
 SETTING R(8)           =         0.62000000                                  
 SETTING R(9)           =         0.63000000                                  
 SETTING R(10)          =         0.64000000                                  
 SETTING R(11)          =         0.65000000                                  
 SETTING R(12)          =         0.66000000                                  
 SETTING R(13)          =         0.67000000                                  
 SETTING R(14)          =         0.68000000                                  
 SETTING R(15)          =         0.69000000                                  
 SETTING R(16)          =         0.70000000                                  
 SETTING R(17)          =         0.71000000                                  
 SETTING R(18)          =         0.72000000                                  
 SETTING R(19)          =         0.73000000                                  
 SETTING R(20)          =         0.74000000                                  
 SETTING R(21)          =         0.75000000                                  
 SETTING R(22)          =         0.76000000                                  
 SETTING R(23)          =         0.77000000                                  
 SETTING R(24)          =         0.78000000                                  
 SETTING R(25)          =         0.79000000                                  
 SETTING R(26)          =         0.80000000                                  
 SETTING R(27)          =         0.81000000                                  
 SETTING R(28)          =         0.82000000                                  
 SETTING R(29)          =         0.83000000                                  
 SETTING R(30)          =         0.84000000                                  
 SETTING R(31)          =         0.85000000                                  
 SETTING R(32)          =         0.86000000                                  
 SETTING R(33)          =         0.87000000                                  
 SETTING R(34)          =         0.88000000                                  
 SETTING R(35)          =         0.89000000                                  
 SETTING R(36)          =         0.90000000                                  
 SETTING R(37)          =         0.91000000                                  
 SETTING R(38)          =         0.92000000                                  
 SETTING R(39)          =         0.93000000                                  
 SETTING R(40)          =         0.94000000                                  
 SETTING R(41)          =         0.95000000                                  
 SETTING R(42)          =         0.96500000                                  
 SETTING R(43)          =         0.97000000                                  
 SETTING R(44)          =         0.98000000                                  
 SETTING R(45)          =         0.99000000                                  
 SETTING R(46)          =         1.00000000                                  
 SETTING R(47)          =         1.01000000                                  
 SETTING R(48)          =         1.02000000                                  
 SETTING R(49)          =         1.03000000                                  
 SETTING R(50)          =         1.04000000                                  
 SETTING R(51)          =         1.05000000                                  
 SETTING R(52)          =         1.06000000                                  
 SETTING R(53)          =         1.07000000                                  
 SETTING R(54)          =         1.08000000                                  
 SETTING R(55)          =         1.09000000                                  
 SETTING R(56)          =         1.10000000                                  
 SETTING R(57)          =         1.11000000                                  
 SETTING R(58)          =         1.12000000                                  
 SETTING R(59)          =         1.13000000                                  
 SETTING R(60)          =         1.14000000                                  
 SETTING R(61)          =         1.15000000                                  
 SETTING R(62)          =         1.16000000                                  
 SETTING R(63)          =         1.17000000                                  
 SETTING R(64)          =         1.18000000                                  
 SETTING R(65)          =         1.19000000                                  
 SETTING R(66)          =         1.20000000                                  
 SETTING R(67)          =         1.21000000                                  
 SETTING R(68)          =         1.22000000                                  
 SETTING R(69)          =         1.23000000                                  
 SETTING R(70)          =         1.24000000                                  
 SETTING R(71)          =         1.25000000                                  
 SETTING R(72)          =         1.26000000                                  
 SETTING R(73)          =         1.27000000                                  
 SETTING R(74)          =         1.28000000                                  
 SETTING R(75)          =         1.29000000                                  
 SETTING R(76)          =         1.30000000                                  
 SETTING R(77)          =         1.32000000                                  
 SETTING R(78)          =         1.34000000                                  
 SETTING R(79)          =         1.36000000                                  
 SETTING R(80)          =         1.38000000                                  
 SETTING R(81)          =         1.40000000                                  
 SETTING R(82)          =         1.42000000                                  
 SETTING R(83)          =         1.44000000                                  
 SETTING R(84)          =         1.46000000                                  
 SETTING R(85)          =         1.48000000                                  
 SETTING R(86)          =         1.50000000                                  
 SETTING R(87)          =         1.52000000                                  
 SETTING R(88)          =         1.54000000                                  
 SETTING R(89)          =         1.56000000                                  
 SETTING R(90)          =         1.58000000                                  
 SETTING R(91)          =         1.60000000                                  
 SETTING R(92)          =         1.62000000                                  
 SETTING R(93)          =         1.64000000                                  
 SETTING R(94)          =         1.66000000                                  
 SETTING R(95)          =         1.68000000                                  
 SETTING R(96)          =         1.70000000                                  
 SETTING R(97)          =         1.72000000                                  
 SETTING R(98)          =         1.74000000                                  
 SETTING R(99)          =         1.76000000                                  
 SETTING R(100)         =         1.78000000                                  
 SETTING R(101)         =         1.80000000                                  
 SETTING R(102)         =         1.82000000                                  
 SETTING R(103)         =         1.84000000                                  
 SETTING R(104)         =         1.86000000                                  
 SETTING R(105)         =         1.88000000                                  
 SETTING R(106)         =         1.90000000                                  
 SETTING R(107)         =         1.92000000                                  
 SETTING R(108)         =         1.94000000                                  
 SETTING R(109)         =         1.96000000                                  
 SETTING R(110)         =         1.98000000                                  
 SETTING R(111)         =         2.00000000                                  
 SETTING R(112)         =         2.02000000                                  
 SETTING R(113)         =         2.04000000                                  
 SETTING R(114)         =         2.06000000                                  
 SETTING R(115)         =         2.08000000                                  
 SETTING R(116)         =         2.10000000                                  
 SETTING R(117)         =         2.12000000                                  
 SETTING R(118)         =         2.14000000                                  
 SETTING R(119)         =         2.16000000                                  
 SETTING R(120)         =         2.18000000                                  
 SETTING R(121)         =         2.20000000                                  
 SETTING R(122)         =         2.22000000                                  
 SETTING R(123)         =         2.24000000                                  
 SETTING R(124)         =         2.26000000                                  
 SETTING R(125)         =         2.28000000                                  
 SETTING R(126)         =         2.30000000                                  
 SETTING R(127)         =         2.32000000                                  
 SETTING R(128)         =         2.34000000                                  
 SETTING R(129)         =         2.36000000                                  
 SETTING R(130)         =         2.38000000                                  
 SETTING R(131)         =         2.40000000                                  
 SETTING R(132)         =         2.42000000                                  
 SETTING R(133)         =         2.44000000                                  
 SETTING R(134)         =         2.46000000                                  
 SETTING R(135)         =         2.48000000                                  
 SETTING R(136)         =         2.50000000                                  
 SETTING R(137)         =         2.52000000                                  
 SETTING R(138)         =         2.54000000                                  
 SETTING R(139)         =         2.56000000                                  
 SETTING R(140)         =         2.58000000                                  
 SETTING R(141)         =         2.60000000                                  
 SETTING R(142)         =         2.62000000                                  
 SETTING R(143)         =         2.64000000                                  
 SETTING R(144)         =         2.68000000                                  
 SETTING R(145)         =         2.70000000                                  
 SETTING R(146)         =         2.72000000                                  
 SETTING R(147)         =         2.74000000                                  
 SETTING R(148)         =         2.76000000                                  
 SETTING R(149)         =         2.78000000                                  
 SETTING R(150)         =         2.80000000                                  
 SETTING R(151)         =         2.82000000                                  
 SETTING R(152)         =         2.84000000                                  
 SETTING R(153)         =         2.86000000                                  
 SETTING R(154)         =         2.88000000                                  
 SETTING R(155)         =         2.90000000                                  
 SETTING R(156)         =         2.92000000                                  
 SETTING R(157)         =         2.94000000                                  
 SETTING R(158)         =         2.96000000                                  
 SETTING R(159)         =         2.98000000                                  
 SETTING R(160)         =         3.00000000                                  
 SETTING R(161)         =         3.02000000                                  
 SETTING R(162)         =         3.04000000                                  
 SETTING R(163)         =         3.06000000                                  
 SETTING R(164)         =         3.08000000                                  
 SETTING R(165)         =         3.10000000                                  
 SETTING R(166)         =         3.12000000                                  
 SETTING R(167)         =         3.14000000                                  
 SETTING R(168)         =         3.16000000                                  
 SETTING R(169)         =         3.18000000                                  
 SETTING R(170)         =         3.20000000                                  
 SETTING R(171)         =         3.22000000                                  
 SETTING R(172)         =         3.24000000                                  
 SETTING R(173)         =         3.26000000                                  
 SETTING R(174)         =         3.28000000                                  
 SETTING R(175)         =         3.30000000                                  

 DO I                   =         1.00000000   


 Using spherical harmonics

 Library entry N      S aug-cc-pV5Z          selected for orbital group  1
 Library entry N      P aug-cc-pV5Z          selected for orbital group  1
 Library entry N      D aug-cc-pV5Z          selected for orbital group  1
 Library entry N      F aug-cc-pV5Z          selected for orbital group  1
 Library entry N      G aug-cc-pV5Z          selected for orbital group  1
 Library entry N      H aug-cc-pV5Z          selected for orbital group  1
 Library entry H      S aug-cc-pV5Z          selected for orbital group  2
 Library entry H      P aug-cc-pV5Z          selected for orbital group  2
 Library entry H      D aug-cc-pV5Z          selected for orbital group  2
 Library entry H      F aug-cc-pV5Z          selected for orbital group  2
 Library entry H      G aug-cc-pV5Z          selected for orbital group  2


 PROGRAM * SEWARD (Integral evaluation for generally contracted gaussian basis sets)     Author: Roland Lindh, 1990

 Geometry written to block  1 of record 701

 Orientation using atomic masses  
 Molecule type: Linear
 Symmetry elements: X,Y
 Rotational constants:    1776.7905125   1776.7905125      0.0000000 GHz  (calculated with average atomic masses)

 Point group  C2v 



 ATOMIC COORDINATES

 NR  ATOM    CHARGE       X              Y              Z

   1  N       7.00    0.000000000    0.000000000   -0.069772023
   2  H       1.00    0.000000000    0.000000000    0.969577346

 Bond lengths in Bohr (Angstrom)

 1-2  1.039349369
     ( 0.550000000)

 NUCLEAR CHARGE:                    8
 NUMBER OF PRIMITIVE AOS:         307
 NUMBER OF SYMMETRY AOS:          227
 NUMBER OF CONTRACTIONS:          207   (   77A1  +   50B1  +   50B2  +   30A2  )
 NUMBER OF INNER CORE ORBITALS:     0   (    0A1  +    0B1  +    0B2  +    0A2  )
 NUMBER OF OUTER CORE ORBITALS:     1   (    1A1  +    0B1  +    0B2  +    0A2  )
 NUMBER OF VALENCE ORBITALS:        5   (    3A1  +    1B1  +    1B2  +    0A2  )


 NUCLEAR REPULSION ENERGY    6.73498268

 EXTRA SYMMETRY OF AOS IN SYMMETRY 1:   1 1 1 1 1 1 1 1 1 1   1 1 1 1 2 1 2 1 2 1   2 1 2 1 2 1 2 1 2 1   2 1 3 2 1 3 2 1 3 2
                                        2 3 1 2 3 1 1 1 1 1   1 1 1 1 1 1 1 1 2 1   2 1 2 1 2 1 2 1 2 1   2 1 3 2 1 3 2
 EXTRA SYMMETRY OF AOS IN SYMMETRY 2:   1 1 1 1 1 1 1 1 1 1   1 1 2 1 2 1 2 1 2 1   2 1 2 1 2 1 2 3 1 2   3 1 1 1 1 1 1 1 1 1
                                        1 2 1 2 1 2 1 2 1 2
 EXTRA SYMMETRY OF AOS IN SYMMETRY 3:   1 1 1 1 1 1 1 1 1 1   1 1 2 1 2 1 2 1 2 1   2 1 2 1 2 1 2 3 1 2   3 1 1 1 1 1 1 1 1 1
                                        1 2 1 2 1 2 1 2 1 2
 EXTRA SYMMETRY OF AOS IN SYMMETRY 4:   1 1 1 1 1 1 1 1 1 1   2 1 2 1 2 2 1 2 1 1   1 1 1 1 1 1 1 2 1 2

 Eigenvalues of metric

         1 0.325E-05 0.199E-04 0.393E-04 0.739E-04 0.158E-03 0.165E-03 0.209E-03 0.400E-03
         2 0.250E-04 0.146E-03 0.608E-03 0.125E-02 0.250E-02 0.357E-02 0.485E-02 0.816E-02
         3 0.250E-04 0.146E-03 0.608E-03 0.125E-02 0.250E-02 0.357E-02 0.485E-02 0.816E-02
         4 0.400E-03 0.247E-02 0.962E-02 0.135E-01 0.264E-01 0.580E-01 0.865E-01 0.867E-01


 Contracted 2-electron integrals neglected if value below      1.0D-12
 AO integral compression algorithm  1   Integral accuracy      1.0D-12

     302.514 MB (compressed) written to integral file ( 53.6%)


 NUMBER OF SORTED TWO-ELECTRON INTEGRALS:   59167011.     BUFFER LENGTH:  32768
 NUMBER OF SEGMENTS:   4  SEGMENT LENGTH:   15999984      RECORD LENGTH: 524288

 Memory used in sort:      16.56 MW

 SORT1 READ    70490039. AND WROTE    39593862. INTEGRALS IN    116 RECORDS. CPU TIME:     0.81 SEC, REAL TIME:     0.97 SEC
 SORT2 READ    39593862. AND WROTE    59167011. INTEGRALS IN   1154 RECORDS. CPU TIME:     0.67 SEC, REAL TIME:     0.79 SEC

 FILE SIZES:   FILE 1:   333.6 MBYTE,  FILE 4:   486.6 MBYTE,   TOTAL:    820.2 MBYTE

 OPERATOR DM      FOR CENTER  0  COORDINATES:    0.000000    0.000000    0.000000


 **********************************************************************************************************************************
 DATASETS  * FILE   NREC   LENGTH (MB)   RECORD NAMES
              1      20      263.63       500      700      610      701      900      950      970     1000      129      960   
                                          VAR     GEOM    BASINP    GEOM    SYMINP    ZMAT    AOBASIS   BASIS     P2S    ABASIS    
                                         1100     1400     1410     1200     1210     1080     1600     1650     1300     1700   
                                           S        T        V       H0       H01     AOSYM     SMH    MOLCAS    ERIS     OPER   

              2       8       17.46       500      610      700     1000      520     2100     2140      701   
                                          VAR    BASINP    GEOM     BASIS   MCVARS     RHF     MCSCF    GEOM   

 PROGRAMS   *        TOTAL       INT   RESTART
 CPU TIMES  *         9.14      9.02      0.00
 REAL TIME  *         9.80 SEC
 DISK USED  *       799.73 MB
 **********************************************************************************************************************************

 PROGRAM * MULTI (Direct Multiconfiguration SCF)       Authors: P.J. Knowles, H.-J. Werner (1984)
                                                                D.A. Kreplin, P.J. Knowles, H.-J. Werner (2019)

 Number of closed-shell orbitals:   1 (   1   0   0   0 )
 Number of active  orbitals:        5 (   3   1   1   0 )
 Number of external orbitals:     201 (  73  49  49  30 )

 State symmetry 1

 Number of active electrons:   6    Spin symmetry=Triplet   Space symmetry=1
 Number of states:             2
 Number of CSFs:               9   (9 determinants, 50 intermediate states)

 State symmetry 2

 Number of active electrons:   6    Spin symmetry=Singlet   Space symmetry=1
 Number of states:             2
 Number of CSFs:              19   (28 determinants, 100 intermediate states)

 Molecular orbitals read from record     2140.2  Type=MCSCF/NATURAL (state averaged)

 EXTRA SYMMETRY OF MOS IN SYMMETRY 1:   1 1 1 1 1 1 1 2 1 1   1 1 2 1 2 1 1 1 2 1   2 1 1 1 2 3 1 2 1 2   1 2 1 3 1 1 2 1 1 2
                                        1 2 3 1 2 3 1 1 2 1   1 2 1 2 1 1 2 3 1 2   1 3 1 2 3 1 2 1 2 1   2 1 2 1 1 1 1
 EXTRA SYMMETRY OF MOS IN SYMMETRY 2:   1 1 1 1 1 1 2 1 1 1   2 1 1 1 2 1 1 2 1 2   1 1 1 3 2 2 1 1 2 1   1 2 1 1 1 2 3 1 1 2
                                        1 2 2 1 1 1 2 1 1 1
 EXTRA SYMMETRY OF MOS IN SYMMETRY 3:   1 1 1 1 1 1 2 1 1 1   2 1 1 1 2 1 1 2 1 2   1 1 1 3 2 2 1 1 2 1   1 2 1 1 1 2 3 1 1 2
                                        1 2 2 1 1 1 2 1 1 1
 EXTRA SYMMETRY OF MOS IN SYMMETRY 4:   1 1 1 1 1 1 2 1 1 1   2 1 1 1 2 1 2 1 1 1   1 2 1 2 1 2 1 1 1 1

 Wavefunction dump at record             2140.2

 Convergence thresholds  0.10E-04 (gradient)  0.10E-05 (energy)

 Weight factors for state symmetry  1:    0.25000   0.25000
 Weight factors for state symmetry  2:    0.25000   0.25000
 
 Number of orbital rotations:  393  ( 3 closed/active, 73 closed/virtual, 0 active/active, 317 active/virtual )
 Total number of variables:    467
 
  Second-order MCSCF: L-BFGS accelerated
 
 ITER  MIC  NCI  NEG     ENERGY(VAR)    ENERGY(PROJ) ENERGY CHANGE       GRAD(0)  GRAD(ORB)   GRAD(CI)      STEP      TIME
   1    5    8    0    -54.05454508     -54.08199627   -0.02745119    0.28875892 0.00006948 0.00000000  0.15E+00      0.39
   2    9   14    0    -54.08262434     -54.08266718   -0.00004284    0.01098642 0.00000019 0.00000000  0.13E-01      0.80
   3    8   10    0    -54.08266724     -54.08266724   -0.00000000    0.00002053 0.00000000 0.00000000  0.52E-04      1.19
   4    3    4    0    -54.08266724     -54.08266724    0.00000000    0.00000000 0.00000000 0.00000000  0.60E-09      1.54

 CONVERGENCE REACHED!  Final gradient:    0.00000000 ( 0.44E-11)
                       Final energy:    -54.08266724
 
 Results for state 1.1 Triplet
 =============================
 !MCSCF STATE 1.1 Triplet Energy               -53.901103166863
 Nuclear energy                                  6.73498268
 Kinetic energy                                 55.71743255
 One electron energy                           -82.91608251
 Two electron energy                            22.27999666
 Virial ratio                                    1.96740106
 
 !MCSCF STATE 1.1 Triplet Dipole moment          0.00000000     0.00000000    -0.51705746
 Dipole moment /Debye                            0.00000000     0.00000000    -1.31422896
 
 Results for state 2.1 Triplet
 =============================
 !MCSCF STATE 2.1 Triplet Energy               -53.847420336266
 Nuclear energy                                  6.73498268
 Kinetic energy                                 55.70309602
 One electron energy                           -82.88667456
 Two electron energy                            22.30427154
 Virial ratio                                    1.96668631
 
 !MCSCF STATE 2.1 Triplet Dipole moment          0.00000000     0.00000000    -0.49653068
 Dipole moment /Debye                            0.00000000     0.00000000    -1.26205512
 
 Results for state 1.1 Singlet
 =============================
 !MCSCF STATE 1.1 Singlet Energy               -54.309104174369
 Nuclear energy                                  6.73498268
 Kinetic energy                                 57.37883955
 One electron energy                           -86.65376242
 Two electron energy                            25.60967557
 Virial ratio                                    1.94650057
 
 !MCSCF STATE 1.1 Singlet Dipole moment          0.00000000     0.00000000     0.71089107
 Dipole moment /Debye                            0.00000000     0.00000000     1.80690486
 
 Results for state 2.1 Singlet
 =============================
 !MCSCF STATE 2.1 Singlet Energy               -54.273041294112
 Nuclear energy                                  6.73498268
 Kinetic energy                                 57.38620273
 One electron energy                           -86.65757322
 Two electron energy                            25.64954924
 Virial ratio                                    1.94575070
 
 !MCSCF STATE 2.1 Singlet Dipole moment          0.00000000     0.00000000     0.64682440
 Dipole moment /Debye                            0.00000000     0.00000000     1.64406364
 
 State-averaged charge density matrix saved on record 2140.2 (density set 1)
 
 Expectation values: (only non-zero values are shown)
 
 !MCSCF expec       <1.1 Triplet|DMZ|1.1 Triplet>    -0.517057455047 au =    -1.314228962804 Debye
 !MCSCF expec       <2.1 Triplet|DMZ|2.1 Triplet>    -0.496530684988 au =    -1.262055117400 Debye
 !MCSCF expec       <1.1 Singlet|DMZ|1.1 Singlet>     0.710891065531 au =     1.806904858638 Debye
 !MCSCF expec       <2.1 Singlet|DMZ|2.1 Singlet>     0.646824401874 au =     1.644063642240 Debye
 
 
 Natural orbital dump (state averaged) at molpro section 2140.2 (Orbital set 2)
 
 Reoptimze the CI vectors with natural orbitals 
 
 CI Coefficients of symmetry 1 (Triplet)
 =======================================
 
 2aa 0 2       -0.70696262      0.70202244
 2aa 2 0        0.70696262      0.70202244
 0aa 2 2        0.00000000     -0.08589634
 a0a 2 2        0.00000000     -0.06966114
 
 Energy:      -53.90110317    -53.84742034
 
 
 CI Coefficients of symmetry 1 (Singlet)
 =======================================
 
 220 0 2       -0.70697764      0.69050008
 220 2 0        0.70697764      0.69050008
 200 2 2        0.00000000     -0.18755334
 020 2 2        0.00000000     -0.07490542
 ab0 2 2        0.00000000     -0.05145254
 ba0 2 2       -0.00000000      0.05145254
 
 Energy:      -54.30910417    -54.27304129
 


 **********************************************************************************************************************************
 DATASETS  * FILE   NREC   LENGTH (MB)   RECORD NAMES
              1      21      266.55       500      700      610      701      900      950      970     1000      129      960   
                                          VAR     GEOM    BASINP    GEOM    SYMINP    ZMAT    AOBASIS   BASIS     P2S    ABASIS    
                                         1100     1400     1410     1200     1210     1080     1600     1650     1300     1700   
                                           S        T        V       H0       H01     AOSYM     SMH    MOLCAS    ERIS     OPER   
                                         1380   
                                         JKOP   

              2       9       17.46       500      610      700     1000      520     2100     2140      701     2140(1)
                                          VAR    BASINP    GEOM     BASIS   MCVARS     RHF     MCSCF    GEOM     MCSCF   

 PROGRAMS   *        TOTAL     MULTI       INT   RESTART
 CPU TIMES  *        10.88      1.75      9.02      0.00
 REAL TIME  *        11.74 SEC
 DISK USED  *       799.73 MB
 **********************************************************************************************************************************


 PROGRAM * CI (Multireference internally contracted CI)     Authors: H.-J. Werner, P.J. Knowles, 1987


 Convergence thresholds:  THRVAR = 1.00D-08  THRDEN = 1.00D-06

 Number of optimized states: 2  Roots:    1   2
 Number of reference states: 2  Roots:    1   2

 Program parameters:       NSTATE=  2    NSTATI=  2    NSTATR=  2    NCEPA = -1    NOKOP =  0    ITRDM =  0    ITRANS=  0
                           IDIP  =200    MAXIT =250    MAXITI=250    MAXDAV=  6    MAXVI =  6    NOSING=  0    NOPAIR=  0
                           MXSHRF=  4    IKCPS =  0    IOPTGM=  2    IOPTOR=  0    REFOPT=  1    IAVDEN=  0    IDELCG=  1
                           IREST =  0    NATORB=  0    IPUNRF=  0    ISEP  =  0    OLDDEN=  0    NSTPRI=  1    GPSFLI= -1
                           CLUSTE=  0    CLOSED=  1    ILSTYP=  0    ITRLS =  0    ICCSD =  0    LOCAL =  0    IBASO =  0
                           MP    =  0    ITEDIS=  2    INCDIS=  1    MAXDIS=  6    ITYDIS=  1    BRUECK=  0    IBRSTR=  3
                           INCBRK=  1    TRIPLE=  0    ICCTYP=  2    IHPPD =  0    ICCNEW=  0    I3EXT = -1    IDEB  =  0
                           IDLEIG=  1    IDFTYP=  1    IMP3  =  0    IPROCS=  0    NOINT =  0    NOREF =  1    IMP2G =  0
                           IHINT =  0    IFDIA =  0    ISPARO=  1    JKSYM =  0    CPHF  =  0    MP2D  = -1    DKINT =  0
                           NPKEX =  1    DRVK  =  1    HLSTRA=  1    WIGNER=  1    DIIS_C=  1    MAXIT_= 50    MATEL =  0
                           SPDEG =  1    MEMCPH=  0    DISM  =  1    KDCPMA=  5    IKDCP_=  0    IREDTH=  0    USECS =  0
                           IPROCC=  0    I3SAVE=  1    IKDCP =  1    USECI =  0    OLDPAI=  0    IPROCI=  0    KEEPCL=  1
                           DISCON=  0    SHIFTE=  0    DIISIN=  0    MOLCAS=  0    MEM_PT=  0    RECORD=  0    RS2C  =  0
                           KEXT  = -1    CIPT2 =  0    DECP0S=  0    I4EXT = -1    NATCOR=  0    RIMP2 =  0    DDCI  = -1
                           IPOLAR=  0

 Reference symmetry:                   1   Triplet 
 Number of electrons:                  8
 Maximum number of shells:             3
 Maximum number of spin couplings:     9

 Reference space:        9 conf        9 CSFs
 N elec internal:       35 conf       45 CSFs
 N-1 el internal:       51 conf       99 CSFs
 N-2 el internal:       39 conf      133 CSFs

 Number of electrons in valence space:                      6
 Maximum number of open shell orbitals in reference space:  2
 Maximum number of open shell orbitals in internal spaces:  6


 Number of core orbitals:           1 (   1   0   0   0 )
 Number of active  orbitals:        5 (   3   1   1   0 )
 Number of external orbitals:     201 (  73  49  49  30 )

 Molecular orbitals read from record     2140.2  Type=MCSCF/NATURAL (state averaged)

 Valence orbitals related to previous ones by unitary transformation. Operators transformed.


 Number of p-space configurations:   3

 Reference wavefunction optimized for reference space (refopt=1)

 State     Reference Energy 
     1       -53.90110317
     2       -53.84742034

 Number of blocks in overlap matrix:     9   Smallest eigenvalue:  0.11D-03
 Number of N-2 electron functions:      40
 Number of N-1 electron functions:      99

 Number of internal configurations:                    9
 Number of singly external configurations:          4914
 Number of doubly external configurations:        207728
 Total number of contracted configurations:       212651
 Total number of uncontracted configurations:     678183

 Diagonal Coupling coefficients finished.               Storage:    6985 words, CPU-Time:      0.01 seconds.
 Energy denominators for pairs finished in 1 passes.    Storage:  122899 words, CPU-time:      0.00 seconds.

  ITER. STATE  ROOT     SQ.NORM     CORR.ENERGY   TOTAL ENERGY   ENERGY CHANGE       DEN1      VAR(S)    VAR(P)      TIME
    1     1     1     1.00000000     0.00000000   -53.90110317     0.00000000    -0.15119167  0.37D-01  0.13D-01     0.16
    1     2     2     1.00000000     0.00000000   -53.84742034     0.00000000    -0.13982462  0.28D-01  0.15D-01     0.16
    2     1     1     1.05256783    -0.15568395   -54.05678712    -0.15568395    -0.00354294  0.70D-03  0.42D-03     0.87
    2     2     2     1.04928224    -0.14849300   -53.99591334    -0.14849300    -0.00321548  0.17D-02  0.36D-03     0.87
    3     1     1     1.05438580    -0.15968831   -54.06079148    -0.00400436    -0.00020687  0.14D-03  0.24D-04     1.58
    3     2     2     1.06089546    -0.15265297   -54.00007331    -0.00415997    -0.00056074  0.12D-02  0.37D-04     1.58
    4     1     1     1.05865572    -0.15998660   -54.06108977    -0.00029829    -0.00003914  0.47D-04  0.34D-05     2.29
    4     2     2     1.12299353    -0.15450283   -54.00192317    -0.00184986    -0.00086666  0.89D-03  0.10D-03     2.29
    5     1     1     1.06235428    -0.16006540   -54.06116857    -0.00007880    -0.00001556  0.12D-04  0.16D-05     3.00
    5     2     2     1.26316656    -0.15676086   -54.00418119    -0.00225803    -0.00084669  0.40D-03  0.81D-04     3.00
    6     1     1     1.06413884    -0.16009190   -54.06119507    -0.00002650    -0.00000564  0.52D-05  0.53D-06     3.70
    6     2     2     1.31069498    -0.15789997   -54.00532030    -0.00113911    -0.00021183  0.29D-03  0.16D-04     3.70
    7     1     1     1.06513046    -0.16009957   -54.06120274    -0.00000767    -0.00000166  0.17D-05  0.12D-06     4.40
    7     2     2     1.38349743    -0.15835838   -54.00577872    -0.00045842    -0.00020839  0.19D-03  0.19D-04     4.40
    8     1     1     1.06573586    -0.16010218   -54.06120535    -0.00000261    -0.00000069  0.61D-06  0.59D-07     5.12
    8     2     2     1.50178273    -0.15883334   -54.00625368    -0.00047496    -0.00019542  0.89D-04  0.17D-04     5.12
    9     1     1     1.06615863    -0.16010330   -54.06120647    -0.00000112    -0.00000031  0.30D-06  0.34D-07     5.82
    9     2     2     1.54868509    -0.15908655   -54.00650689    -0.00025321    -0.00005789  0.58D-04  0.49D-05     5.82
   10     1     1     1.06641561    -0.16010371   -54.06120687    -0.00000041    -0.00000010  0.99D-07  0.11D-07     6.54
   10     2     2     1.60075847    -0.15919467   -54.00661501    -0.00010812    -0.00004819  0.38D-04  0.45D-05     6.54
   11     1     1     1.06656298    -0.16010386   -54.06120702    -0.00000015    -0.00000004  0.41D-07  0.41D-08     7.25
   11     2     2     1.67614634    -0.15929983   -54.00672017    -0.00010516    -0.00004582  0.19D-04  0.43D-05     7.25
   12     1     1     1.06667383    -0.16010393   -54.06120709    -0.00000007    -0.00000002  0.21D-07  0.21D-08     7.96
   12     2     2     1.70513176    -0.15935701   -54.00677735    -0.00005718    -0.00001477  0.13D-04  0.14D-05     7.96
   13     1     1     1.06674278    -0.16010395   -54.06120712    -0.00000003    -0.00000001  0.70D-08  0.10D-08     8.66
   13     2     2     1.73435244    -0.15938236   -54.00680269    -0.00002535    -0.00001130  0.82D-05  0.11D-05     8.66
   14     1     1     1.06674278    -0.16010395   -54.06120712    -0.00000000    -0.00000001  0.70D-08  0.10D-08     9.21
   14     2     2     1.86634009    -0.15943403   -54.00685436    -0.00005167    -0.00000540  0.49D-06  0.83D-06     9.21
   15     1     1     1.06674278    -0.16010395   -54.06120712    -0.00000000    -0.00000001  0.70D-08  0.99D-09     9.75
   15     2     2     1.87232699    -0.15943939   -54.00685973    -0.00000536    -0.00000034  0.10D-06  0.49D-07     9.75
   16     1     1     1.06674278    -0.16010395   -54.06120712    -0.00000000    -0.00000001  0.70D-08  0.99D-09    10.30
   16     2     2     1.87905475    -0.15943990   -54.00686024    -0.00000051    -0.00000010  0.30D-07  0.14D-07    10.30
   17     1     1     1.06674278    -0.16010395   -54.06120712    -0.00000000    -0.00000001  0.70D-08  0.99D-09    10.85
   17     2     2     1.88027679    -0.15944001   -54.00686035    -0.00000011    -0.00000002  0.12D-07  0.22D-08    10.85
   18     1     1     1.06674279    -0.16010395   -54.06120712    -0.00000000    -0.00000001  0.70D-08  0.99D-09    11.40
   18     2     2     1.88125124    -0.15944004   -54.00686038    -0.00000003    -0.00000001  0.53D-08  0.93D-09    11.40


 =====================================
 Analysis of CPU times by interactions
 =====================================

       I      S      P

 I   0.0%
 S   0.0%   0.3%
 P   0.1%   1.0%  16.1%

 Initialization:   1.4%
 Other:           81.2%

 Total CPU:       11.4 seconds
 =====================================



 gnormi=  0.93743310  gnorms=  0.04695655  gnormp=  0.01561034  gnorm=  1.00000000
 ecorri= -0.15008675  ecorrs= -0.00751766  ecorrp= -0.00249954  ecorr= -0.16010395

 gnormi=  0.53156111  gnorms=  0.45541158  gnormp=  0.01302731  gnorm=  1.00000000
 ecorri= -0.08475213  ecorrs= -0.07261826  ecorrp= -0.00206965  ecorr= -0.15944004

 Wavefunction saved on  8030.2

 Reference coefficients greater than 0.0500000
 =============================================
 2//02           0.6845048   0.5124903
 2//20          -0.6845033   0.5125019
 0//22          -0.0000001  -0.0617604

 Coefficients of singly external configurations greater than 0.0500000
 =====================================================================

 2200/   2.3    -0.0758108  -0.4246782
 220/0   2.2     0.0758124  -0.4245903
 2200/   3.3    -0.0329633  -0.1413669
 220/0   3.2     0.0329636  -0.1413380
 2200/   4.3     0.0302290   0.0897710
 220/0   4.2    -0.0302291   0.0897552
 2002/   2.3     0.0013733   0.0692732
 200/2   2.2    -0.0013735   0.0692598
 2200/   5.3    -0.0196699  -0.0562082
 220/0   5.2     0.0196701  -0.0561977

 Coefficients of fixed reference functions:
 ==========================================

 State      Coefficients
 1           0.968207    0.000001
 2          -0.000008    0.728798

 Coefficients of rotated reference functions:
 ============================================

 State      Coefficients
 1           0.968207   -0.000004
 2          -0.000004    0.728798


 RESULTS FOR STATE 1.1
 =====================

 Coefficient of reference function:   C(0) = 0.96820695 (fixed)   0.96821129 (relaxed)   0.96820695 (rotated)

 Energy contributions of configuration classes

 CLASS          SQ.NORM        ECORR1        ECORR2
 +++++++++++++++++++++++++++++++++++++++++++++++++++
 Internals    0.00000896   -0.00000000   -0.08513208
 Singles      0.05009101   -0.06929037   -0.07247216
 Pairs        0.01665237   -0.00000017   -0.00249971
 Total        1.06675235   -0.06929054   -0.16010395
 +++++++++++++++++++++++++++++++++++++++++++++++++++


 Reference energy                     -53.90110317
 Nuclear energy                         6.73498268
 Kinetic energy                        56.48075950
 One electron energy                  -83.35234366
 Two electron energy                   22.55615386
 Virial quotient                       -0.95716148
 Correlation energy                    -0.16010395
 !MRCI STATE 1.1 Energy               -54.061207119850

 Properties without orbital relaxation:

 !MRCI STATE 1.1 Dipole moment          0.00000000     0.00000000    -0.54460601
 Dipole moment /Debye                   0.00000000     0.00000000    -1.38425040

 Cluster corrected energies           -54.07189443 (Davidson, fixed reference)
 Cluster corrected energies           -54.07189290 (Davidson, relaxed reference)
 Cluster corrected energies           -54.07189443 (Davidson, rotated reference)

 Cluster corrected energies           -54.06654484 (Pople, fixed reference)
 Cluster corrected energies           -54.06654407 (Pople, relaxed reference)
 Cluster corrected energies           -54.06654484 (Pople, rotated reference)



 RESULTS FOR STATE 2.1
 =====================

 Coefficient of reference function:   C(0) = 0.72879844 (fixed)   0.72908238 (relaxed)   0.72879844 (rotated)

 Energy contributions of configuration classes

 CLASS          SQ.NORM        ECORR1        ECORR2
 +++++++++++++++++++++++++++++++++++++++++++++++++++
 Internals    0.00077933   -0.00000000   -0.00006600
 Singles      0.85741129   -0.05405181   -0.10132773
 Pairs        0.02452674   -0.10538823   -0.05804632
 Total        1.88271735   -0.15944004   -0.15944004
 +++++++++++++++++++++++++++++++++++++++++++++++++++


 Reference energy                     -53.84742034
 Nuclear energy                         6.73498268
 Kinetic energy                        56.22790679
 One electron energy                  -83.13193549
 Two electron energy                   22.39009243
 Virial quotient                       -0.96049922
 Correlation energy                    -0.15944004
 !MRCI STATE 2.1 Energy               -54.006860377229

 Properties without orbital relaxation:

 !MRCI STATE 2.1 Dipole moment          0.00000000     0.00000000    -0.00905481
 Dipole moment /Debye                   0.00000000     0.00000000    -0.02301503

 Cluster corrected energies           -54.14760087 (Davidson, fixed reference)
 Cluster corrected energies           -54.14736711 (Davidson, relaxed reference)
 Cluster corrected energies           -54.14760087 (Davidson, rotated reference)

 Cluster corrected energies           -54.06716405 (Pople, fixed reference)
 Cluster corrected energies           -54.06708892 (Pople, relaxed reference)
 Cluster corrected energies           -54.06716405 (Pople, rotated reference)


 !MRCI trans          <2.1|DMZ|1.1>     0.000015658884 au =     0.000039800914 Debye


 **********************************************************************************************************************************
 DATASETS  * FILE   NREC   LENGTH (MB)   RECORD NAMES
              1      21      266.55       500      700      610      701      900      950      970     1000      129      960   
                                          VAR     GEOM    BASINP    GEOM    SYMINP    ZMAT    AOBASIS   BASIS     P2S    ABASIS    
                                         1100     1400     1410     1200     1210     1080     1600     1650     1300     1700   
                                           S        T        V       H0       H01     AOSYM     SMH    MOLCAS    ERIS     OPER   
                                         1380   
                                         JKOP   

              2      10       21.11       500      610      700     1000      520     2100     2140      701     2140(1)  8030   
                                          VAR    BASINP    GEOM     BASIS   MCVARS     RHF     MCSCF    GEOM     MCSCF    MRCI   

 PROGRAMS   *        TOTAL        CI     MULTI       INT   RESTART
 CPU TIMES  *        22.31     11.43      1.75      9.02      0.00
 REAL TIME  *        24.21 SEC
 DISK USED  *       799.73 MB
 **********************************************************************************************************************************


 PROGRAM * CI (Multireference internally contracted CI)     Authors: H.-J. Werner, P.J. Knowles, 1987


 Convergence thresholds:  THRVAR = 1.00D-08  THRDEN = 1.00D-06

 Number of optimized states: 2  Roots:    1   2
 Number of reference states: 2  Roots:    1   2

 Program parameters:       NSTATE=  2    NSTATI=  2    NSTATR=  2    NCEPA = -1    NOKOP =  0    ITRDM =  0    ITRANS=  0
                           IDIP  =200    MAXIT =250    MAXITI=250    MAXDAV=  6    MAXVI =  6    NOSING=  0    NOPAIR=  0
                           MXSHRF=  5    IKCPS =  0    IOPTGM=  2    IOPTOR=  0    REFOPT=  1    IAVDEN=  0    IDELCG=  1
                           IREST =  0    NATORB=  0    IPUNRF=  0    ISEP  =  0    OLDDEN=  0    NSTPRI=  1    GPSFLI= -1
                           CLUSTE=  0    CLOSED=  1    ILSTYP=  0    ITRLS =  0    ICCSD =  0    LOCAL =  0    IBASO =  0
                           MP    =  0    ITEDIS=  2    INCDIS=  1    MAXDIS=  6    ITYDIS=  1    BRUECK=  0    IBRSTR=  3
                           INCBRK=  1    TRIPLE=  0    ICCTYP=  2    IHPPD =  0    ICCNEW=  0    I3EXT = -1    IDEB  =  0
                           IDLEIG=  1    IDFTYP=  1    IMP3  =  0    IPROCS=  0    NOINT =  0    NOREF =  1    IMP2G =  0
                           IHINT =  0    IFDIA =  0    ISPARO=  1    JKSYM =  0    CPHF  =  0    MP2D  = -1    DKINT =  0
                           NPKEX =  1    DRVK  =  1    HLSTRA=  1    WIGNER=  1    DIIS_C=  1    MAXIT_= 50    MATEL =  0
                           SPDEG =  1    MEMCPH=  0    DISM  =  1    KDCPMA=  5    IKDCP_=  0    IREDTH=  0    USECS =  0
                           IPROCC=  0    I3SAVE=  1    IKDCP =  1    USECI =  0    OLDPAI=  0    IPROCI=  0    KEEPCL=  1
                           DISCON=  0    SHIFTE=  0    DIISIN=  0    MOLCAS=  0    MEM_PT=  0    RECORD=  0    RS2C  =  0
                           KEXT  = -1    CIPT2 =  0    DECP0S=  0    I4EXT = -1    NATCOR=  0    RIMP2 =  0    DDCI  = -1
                           IPOLAR=  0

 Reference symmetry:                   1   Singlet 
 Number of electrons:                  8
 Maximum number of shells:             4
 Maximum number of spin couplings:     5

 Reference space:       19 conf       19 CSFs
 N elec internal:       45 conf       50 CSFs
 N-1 el internal:       51 conf       75 CSFs
 N-2 el internal:       45 conf       95 CSFs

 Number of electrons in valence space:                      6
 Maximum number of open shell orbitals in reference space:  2
 Maximum number of open shell orbitals in internal spaces:  6


 Number of core orbitals:           1 (   1   0   0   0 )
 Number of active  orbitals:        5 (   3   1   1   0 )
 Number of external orbitals:     201 (  73  49  49  30 )

 Molecular orbitals read from record     2140.2  Type=MCSCF/NATURAL (state averaged)

 Coulomb and exchange operators available. No transformation done.


 Number of p-space configurations:   5

 Reference wavefunction optimized for reference space (refopt=1)

 State     Reference Energy 
     1       -54.30910417
     2       -54.27304129

 Number of blocks in overlap matrix:     9   Smallest eigenvalue:  0.72D-05
 Number of N-2 electron functions:      46
 Number of N-1 electron functions:      75

 Number of internal configurations:                   19
 Number of singly external configurations:          3880
 Number of doubly external configurations:        241424
 Total number of contracted configurations:       245323
 Total number of uncontracted configurations:     487911

 Diagonal Coupling coefficients finished.               Storage:    7419 words, CPU-Time:      0.00 seconds.
 Energy denominators for pairs finished in 1 passes.    Storage:  123626 words, CPU-time:      0.00 seconds.

  ITER. STATE  ROOT     SQ.NORM     CORR.ENERGY   TOTAL ENERGY   ENERGY CHANGE       DEN1      VAR(S)    VAR(P)      TIME
    1     1     1     1.00000000     0.00000000   -54.30910417    -0.00000000    -0.18344042  0.34D-01  0.17D-01     0.02
    1     2     2     1.00000000     0.00000000   -54.27304129    -0.00000000    -0.17999700  0.33D-01  0.20D-01     0.02
    2     1     1     1.04883214    -0.17983638   -54.48894056    -0.17983638    -0.00739908  0.11D-02  0.92D-03     0.81
    2     2     2     1.05013037    -0.17541727   -54.44845856    -0.17541727    -0.00800739  0.16D-02  0.10D-02     0.81
    3     1     1     1.05050463    -0.18819468   -54.49729886    -0.00835830    -0.00046758  0.57D-04  0.67D-04     1.61
    3     2     2     1.05056707    -0.18410487   -54.45714616    -0.00868760    -0.00050451  0.75D-04  0.74D-04     1.61
    4     1     1     1.05293604    -0.18883691   -54.49794109    -0.00064223    -0.00004228  0.35D-05  0.64D-05     2.40
    4     2     2     1.05372469    -0.18476971   -54.45781101    -0.00066485    -0.00005119  0.70D-05  0.73D-05     2.40
    5     1     1     1.05352155    -0.18889615   -54.49800033    -0.00005924    -0.00000430  0.39D-06  0.66D-06     3.20
    5     2     2     1.05453047    -0.18483681   -54.45787811    -0.00006710    -0.00000611  0.66D-06  0.95D-06     3.20
    6     1     1     1.05353258    -0.18890186   -54.49800603    -0.00000571    -0.00000055  0.59D-07  0.82D-07     4.01
    6     2     2     1.05458285    -0.18484459   -54.45788588    -0.00000777    -0.00000082  0.85D-07  0.13D-06     4.01
    7     1     1     1.05356280    -0.18890254   -54.49800672    -0.00000068    -0.00000007  0.40D-08  0.11D-07     4.82
    7     2     2     1.05463739    -0.18484563   -54.45788692    -0.00000104    -0.00000011  0.12D-07  0.17D-07     4.82
    8     1     1     1.05357395    -0.18890263   -54.49800681    -0.00000009    -0.00000001  0.61D-09  0.19D-08     5.64
    8     2     2     1.05465351    -0.18484577   -54.45788706    -0.00000014    -0.00000002  0.21D-08  0.29D-08     5.64


 =====================================
 Analysis of CPU times by interactions
 =====================================

       I      S      P

 I   0.0%
 S   0.0%   0.2%
 P   0.9%   0.9%  21.5%

 Initialization:   0.2%
 Other:           76.4%

 Total CPU:        5.6 seconds
 =====================================



 gnormi=  0.94915027  gnorms=  0.02649602  gnormp=  0.02435371  gnorm=  1.00000000
 ecorri= -0.17929698  ecorrs= -0.00500407  ecorrp= -0.00460158  ecorr= -0.18890263

 gnormi=  0.94817870  gnorms=  0.02407874  gnormp=  0.02774255  gnorm=  1.00000000
 ecorri= -0.17526682  ecorrs= -0.00445068  ecorrp= -0.00512827  ecorr= -0.18484577

 Wavefunction saved on  7030.2

 Reference coefficients greater than 0.0500000
 =============================================
 22020           0.6886818   0.6710561
 22002          -0.6886816   0.6710561
 20022           0.0000006  -0.1933777
 02022          -0.0000000  -0.0716253
 /\022          -0.0000001  -0.0644672

 Coefficients of fixed reference functions:
 ==========================================

 State      Coefficients
 1           0.973902    0.000000
 2           0.000000    0.973440

 Coefficients of rotated reference functions:
 ============================================

 State      Coefficients
 1           0.973902    0.000000
 2           0.000000    0.973440


 RESULTS FOR STATE 1.1
 =====================

 Coefficient of reference function:   C(0) = 0.97390162 (fixed)   0.97424343 (relaxed)   0.97390162 (rotated)

 Energy contributions of configuration classes

 CLASS          SQ.NORM        ECORR1        ECORR2
 +++++++++++++++++++++++++++++++++++++++++++++++++++
 Internals    0.00070208   -0.00000000   -0.12397672
 Singles      0.02793512   -0.05832487   -0.06032430
 Pairs        0.02567645   -0.00000003   -0.00460161
 Total        1.05431365   -0.05832491   -0.18890263
 +++++++++++++++++++++++++++++++++++++++++++++++++++


 Reference energy                     -54.30910417
 Nuclear energy                         6.73498268
 Kinetic energy                        56.99545438
 One electron energy                  -86.02819883
 Two electron energy                   24.79520934
 Virial quotient                       -0.95618164
 Correlation energy                    -0.18890263
 !MRCI STATE 1.1 Energy               -54.498006807088

 Properties without orbital relaxation:

 !MRCI STATE 1.1 Dipole moment          0.00000000     0.00000000     0.62038389
 Dipole moment /Debye                   0.00000000     0.00000000     1.57685858

 Cluster corrected energies           -54.50826680 (Davidson, fixed reference)
 Cluster corrected energies           -54.50812707 (Davidson, relaxed reference)
 Cluster corrected energies           -54.50826680 (Davidson, rotated reference)

 Cluster corrected energies           -54.50496819 (Pople, fixed reference)
 Cluster corrected energies           -54.50487179 (Pople, relaxed reference)
 Cluster corrected energies           -54.50496819 (Pople, rotated reference)



 RESULTS FOR STATE 2.1
 =====================

 Coefficient of reference function:   C(0) = 0.97344004 (fixed)   0.97374468 (relaxed)   0.97344004 (rotated)

 Energy contributions of configuration classes

 CLASS          SQ.NORM        ECORR1        ECORR2
 +++++++++++++++++++++++++++++++++++++++++++++++++++
 Internals    0.00062601    0.00000000   -0.00010965
 Singles      0.02541063   -0.04209955   -0.04434360
 Pairs        0.02927710   -0.14274622   -0.14039252
 Total        1.05531374   -0.18484577   -0.18484577
 +++++++++++++++++++++++++++++++++++++++++++++++++++


 Reference energy                     -54.27304129
 Nuclear energy                         6.73498268
 Kinetic energy                        56.96419076
 One electron energy                  -85.95889311
 Two electron energy                   24.76602337
 Virial quotient                       -0.95600212
 Correlation energy                    -0.18484577
 !MRCI STATE 2.1 Energy               -54.457887061871

 Properties without orbital relaxation:

 !MRCI STATE 2.1 Dipole moment          0.00000000     0.00000000     0.56606288
 Dipole moment /Debye                   0.00000000     0.00000000     1.43878833

 Cluster corrected energies           -54.46811157 (Davidson, fixed reference)
 Cluster corrected energies           -54.46798953 (Davidson, relaxed reference)
 Cluster corrected energies           -54.46811157 (Davidson, rotated reference)

 Cluster corrected energies           -54.46482655 (Pople, fixed reference)
 Cluster corrected energies           -54.46474230 (Pople, relaxed reference)
 Cluster corrected energies           -54.46482655 (Pople, rotated reference)


 !MRCI trans          <2.1|DMZ|1.1>     0.000000535666 au =     0.000001361526 Debye


 **********************************************************************************************************************************
 DATASETS  * FILE   NREC   LENGTH (MB)   RECORD NAMES
              1      21      266.55       500      700      610      701      900      950      970     1000      129      960   
                                          VAR     GEOM    BASINP    GEOM    SYMINP    ZMAT    AOBASIS   BASIS     P2S    ABASIS    
                                         1100     1400     1410     1200     1210     1080     1600     1650     1300     1700   
                                           S        T        V       H0       H01     AOSYM     SMH    MOLCAS    ERIS     OPER   
                                         1380   
                                         JKOP   

              2      11       25.07       500      610      700     1000      520     2100     2140      701     2140(1)  8030   
                                          VAR    BASINP    GEOM     BASIS   MCVARS     RHF     MCSCF    GEOM     MCSCF    MRCI   
                                         7030   
                                         MRCI   

 PROGRAMS   *        TOTAL        CI        CI     MULTI       INT   RESTART
 CPU TIMES  *        27.99      5.68     11.43      1.75      9.02      0.00
 REAL TIME  *        30.35 SEC
 DISK USED  *       799.73 MB
 **********************************************************************************************************************************


 PROGRAM * CI (Multireference internally contracted CI)     Authors: H.-J. Werner, P.J. Knowles, 1987


   ******************************
   *** Spin-orbit calculation ***
   ******************************


   Spin-orbit matrix elements
   ==========================

  
 Preparing effective Fock matrices
  
 Total X Y Z Fock matrices evaluated:     0    0    0
  
 ? Error
 ? Unknown operator:LS
 ? The problem occurs in Prpdrv

 GLOBAL ERROR fehler on processor   0                                         
