
 Primary working directories    : /home/molpro/scratch
 Secondary working directories  : /home/molpro/scratch
 Wavefunction directory         : /home/molpro/wfu/
 Main file repository           : /home/molpro/scratch/

 SHA1      : 8d3a41adb92b80e39ab26644dc94a939cd644703
 NAME      : 2015.1.16
 ARCHNAME  : linux/x86_64
 FC        : /opt/intel/composer_xe_2015.1.133/bin/intel64/ifort
 BLASLIB   : -Wl,-_start-group /opt/intel/mkl/lib/intel64/libmkl_intel_ilp64.a /opt/intel/mkl/lib/intel64/libmkl_intel_thread.a /opt/intel/mkl/lib/intel64/libmkl_core.a -Wl,-_end-group
 id        : gskim

 Nodes     nprocs
 node0        1

 Using customized tuning parameters: mindgm=1; mindgv=20; mindgc=4; mindgr=1; noblas=0; minvec=7
 default implementation of scratch files=df  

 ***,spin orbit coupling calculation for SO from 1sigma- to 3sig-
 file,2,1sigm3sigmlsz.wfu
 memory,2500,M
 geometry={angstrom;
 S
 O,S,r(i)}
 basis=av5z
 r=[1.00,1.05,1.1,1.11,1.12,1.13,1.14,1.15,1.16,1.17,1.18,1.19,1.20,1.21,1.22,1.23,1.24,1.25,1.26,1.27,1.28,1.29,1.30,1.31,1.32,1.33,1.34,1.35,1.36,1.37,1.38,1.39,1.40,1.41,1.42,1.43,1.44,1.45,1.46,1.47,1.48,1.49,1.50,1.51,1.52,1.53,1.54,1.55,1.56,1.57,1.58,1.59,1.60,1.61,1.62,1.64,1.65,1.66,1.68,1.69,1.7,1.71,1.72,1.74,1.75,1.76,1.78,1.8,1.82,1.84,1.85,1.86,1.88,1.9,1.92,1.94,1.95,1.96,1.98,2.0,2.05,2.1,2.15,2.2,2.25,2.3,2.35,2.4,2.5,2.6,2.7,2.8,2.9,3.0]
 do i=1,#r
 int;
 
 Text, spin orbit coupling calculation of SO from 1sig- to 3sigp- using  av5z
 
 {multi;occ,8,3,3;close,4,1,1;start,2140.2;orbital,2140.2;natorb,,ci;wf,24,4,2;state,5;wf,24,4,0;state,4;maxiter,40;}
 
 {ci;occ,8,3,3;core,4,1,1;wf,24,4,2;state,3;orbital,2140.2;maxiter,250;option,maxiti=250;option,nstati=5;save,6000.2;}
 {ci;occ,8,3,3;core,4,1,1;wf,24,4,0;state,2;orbital,2140.2;maxiter,250;option,maxiti=250;option,nstati=4;save,5000.2;}
 
 {ci;hlsmat,ls,5000.2,6000.2;options,matel=1;PRINT}
 
 
 enddo
 

 Variables initialized (889), CPU time= 0.00 sec
 Commands  initialized (702), CPU time= 0.01 sec, 572 directives.
 Default parameters read. Elapsed time= 0.04 sec

 Checking input...
 Passed
1


                                         ***  PROGRAM SYSTEM MOLPRO  ***
                                       Copyright, TTI GmbH Stuttgart, 2015
                                    Version 2015.1 linked Feb  1 2017 15:13:54


 **********************************************************************************************************************************
 LABEL *   spin orbit coupling calculation for SO from 1sigma- to 3sig-                  
  64 bit serial version                                                                  DATE: 04-Feb-21          TIME: 16:37:44  
 **********************************************************************************************************************************

 SHA1:             8d3a41adb92b80e39ab26644dc94a939cd644703
 **********************************************************************************************************************************

 Variable memory set to    8000000 words,  buffer space   230000 words



 Permanent file  2  1sigm3sigmlsz.wfu                assigned.  Implementation=df    Size=  7.30 MB
 

 PROGRAM * RESTART 


 Reading variables from file 2

 _NUMVAR         =    894.00000000
 _DKROLL_DONE    =      0.00000000
 _FOCKDONE       =      0.00000000
 _INTDONE        =      1.00000000
 _SCFDONE        =      1.00000000
 _DIRECT         =      0.00000000
 _DKHO           =     -1.00000000
 _BASIS          =    AV5Z
 _NELEC          =     24.00000000
 _PROGRAM        =    CI
 _CPUSTEP        =    354.05000000
 _SYSSTEP        =      6.93000000
 _WALLSTEP       =    361.88000000
 _BASINP         =    610.00000000
 _CPUTOT         =    407.68000000
 _DFTEXFAC       =      1.00000000
 _DMX(2:3)       =      0.00000000     0.00000000
 _DMY(2:3)       =      0.00000000     0.00000000
 _DMZ(1:3)       =      0.16775417    -1.28781453     1.03240935
 _DMX_SCF        =      0.00000000
 _DMY_SCF        =      0.00000000
 _DMZ_SCF        =      0.25403455
 _EHOMO          =     -0.31929990
 _ELUMO          =      0.04618856
 _EIGS(1:258)    =    -91.96488775   -20.57567063    -9.01713601    -6.71606752    -1.71772082    -0.80614955
                       -0.66082491     0.04618856     0.06422769     0.11711168     0.17859404     0.18698809
                        0.23889703     0.28027575     0.39801217     0.41015297     0.44632717     0.48726516
                        0.54690250     0.56192907     0.61884561     0.68744781     0.99408498     0.99894454
                        1.05414577     1.13596585     1.16422202     1.18782845     1.23635539     1.26842448
                        1.27069179     1.36049558     1.55470769     1.81445866     1.90118155     2.22568088
                        2.33467589     2.47763371     2.55292449     2.62268588     2.63958839     2.66409765
                        2.67727989     3.00897698     3.04490172     3.04752878     3.08039453     3.14688784
                        3.52874812     3.75606667     3.82188440     3.97037100     4.21682359     4.42201628
                        4.93567650     5.09315299     5.37611152     5.70614731     5.75664614     5.99538990
                        6.15184041     6.24241612     6.25949213     6.95406759     6.97108872     7.01224611
                        7.25329643     7.41056179     7.41389793     7.82169092     8.26445453     8.26574939
                        8.99501058     9.58596055     9.79919910    10.06582078    11.16990062    11.27683279
                       12.48143178    14.59827364    16.38218042    16.50278886    16.57917592    18.98518233
                       19.10747243    19.54298410    19.87777724    20.54235326    22.20353664    23.36016596
                       24.25603145    32.23202024    67.85262130    85.18442986    -6.68203511    -0.84127320
                       -0.31929990     0.06718428     0.12128325     0.27273211     0.31400050     0.44443620
                        0.44714061     0.54970411     0.63049237     0.82166269     1.01820594     1.10415835
                        1.13643994     1.21748841     1.25300076     1.29918074     1.38891990     1.54153773
                        2.02972965     2.35354390     2.48986841     2.53219065     2.66654367     2.73480516
                        2.81040509     2.90608751     3.08027640     3.11671545     3.54452496     3.65977490
                        4.08961469     4.15488974     4.53100338     5.09403445     5.31994505     5.99084162
                        6.01415673     6.07080862     6.11902795     6.26471782     6.28485437     6.69763788
                        7.22276462     7.27297944     7.73944248     8.24726133     8.94097832     8.96692119
                        9.59590394    10.74507305    12.44736052    16.15425717    16.52312814    16.68465409
                       17.35382718    19.39260783    19.70756143    19.73106601    21.77628205    23.78006713
                       27.71065328    -6.68203511    -0.84127320    -0.31929990     0.06718428     0.12128325
                        0.27273211     0.31400050     0.44443620     0.44714061     0.54970411     0.63049237
                        0.82166269     1.01820594     1.10415835     1.13643994     1.21748841     1.25300076
                        1.29918074     1.38891990     1.54153773     2.02972965     2.35354390     2.48986841
                        2.53219065     2.66654367     2.73480516     2.81040509     2.90608751     3.08027640
                        3.11671545     3.54452496     3.65977490     4.08961469     4.15488974     4.53100338
                        5.09403445     5.31994505     5.99084162     6.01415673     6.07080862     6.11902795
                        6.26471782     6.28485437     6.69763788     7.22276462     7.27297944     7.73944248
                        8.24726133     8.94097832     8.96692119     9.59590394    10.74507305    12.44736052
                       16.15425717    16.52312814    16.68465409    17.35382718    19.39260783    19.70756143
                       19.73106601    21.77628205    23.78006713    27.71065328     0.18698809     0.41015297
                        0.44632717     0.61884561     0.99408498     1.05414577     1.16422202     1.27069179
                        1.36049558     1.90118155     2.47763371     2.55292449     2.63958839     2.66409765
                        3.00897698     3.04752878     3.14688784     3.75606667     3.97037100     4.93567650
                        5.37611152     5.99538990     6.15184041     6.25949213     6.95406759     6.97108872
                        7.25329643     7.41389793     8.26445453     8.99501058    10.06582078    11.27683279
                       16.38218042    16.50278886    19.10747243    19.54298410    20.54235326    23.36016596
 _ENERGD(1:3)    =   -472.13012091  -471.68936144  -471.63572480
 _ENERGD0(1:3)   =   -472.13012091  -471.68936144  -471.63572480
 _ENERGD1(1:3)   =   -472.13080232  -471.69056701  -471.63616436
 _ENERGD2(1:3)   =   -472.13079795  -471.69056770  -471.63616436
 _ENERGD3(1:3)   =   -472.13012108  -471.68936123  -471.63572480
 _ENERGD4(1:3)   =   -472.13079813  -471.69056749  -471.63616436
 _ENERGP(1:3)    =   -472.12439620  -471.68326483  -471.62989889
 _ENERGP0(1:3)   =   -472.12439620  -471.68326483  -471.62989889
 _ENERGP1(1:3)   =   -472.12500698  -471.68436697  -471.63029738
 _ENERGP2(1:3)   =   -472.12500307  -471.68436760  -471.63029738
 _ENERGP3(1:3)   =   -472.12439635  -471.68326465  -471.62989889
 _ENERGP4(1:3)   =   -472.12500322  -471.68436742  -471.63029738
 _ENERGR(1:3)    =   -471.69935167  -471.26895659  -471.22165311
 _ENERGRR(1:3)   =   -471.69934984  -471.26895843  -471.22165311
 _ENERGY(1:3)    =   -472.09268765  -471.64720432  -471.59631277
 _ENERGY_METHOD  =    CI
 _ENERGY_BASIS   =    aug-cc-pV5Z
 _GEOMETRY_METHOD=     
 _GEOMETRY_BASIS =     
 _ENUC           =     67.73468300
 _GRADEXFAC      =   9999.00000000
 _ITERATIONS     =     21.00000000
 _LASTNELEC      =     12.00000000
 _LASTSPIN       =      2.00000000
 _LASTSYM        =      4.00000000
 _ORBITAL        =   2140.20000000
 _ROOT(1:3)      =      1.00000000     2.00000000     3.00000000
 _SEIG_MIN       =      0.00000512
 _SEWPROP        =      1.00000000
 _STATUS         =      1.00000000
 _SYSTOT         =     10.95000000
 _TROV           =      0.00000000
 _WALLTOT        =    426.00000000
 _LASTORB        =    MCSCF
 _OUTPUT         =    /home/molpro/SO833411-trans/3sigm-trans10.xml
 _PGROUP         =    C2v 
 _TIME           =    15:49:42
 _C0(1:3)        =      0.91310136     0.89972257     0.90481834
 _C0R(1:3)       =      0.91166849     0.89714839     0.90385884
 _DMX_CC(1:5)    =      0.00000000     0.00000000     0.00000000     0.00000000     0.00000000
 _DMY_CC(1:5)    =      0.00000000     0.00000000     0.00000000     0.00000000     0.00000000
 _DMZ_CC(1:5)    =      3.76588793     3.76588793     3.76588793     3.76588793     3.76588793
 _DMX_NUC(1:5)   =      0.00000000     0.00000000     0.00000000     0.00000000     0.00000000
 _DMY_NUC(1:5)   =      0.00000000     0.00000000     0.00000000     0.00000000     0.00000000
 _DMZ_NUC(1:5)   =      0.01925138     0.01925138     0.01925138     0.01925138     0.01925138
 R               =      1.00000000
 _TRDMX(1:3)     =      0.00000000     0.00000000     0.00000000
 _TRDMY(1:3)     =      0.00000000     0.00000000     0.00000000
 _TRDMZ(1:3)     =     -0.35524346     0.00000081     0.00000392

 Geometry written to block  1 of record 700


 **********************************************************************************************************************************
 DATASETS  * FILE   NREC   LENGTH (MB)   RECORD NAMES
              2       7        7.65       500      610      700     1000      520     2100     2140   
                                          VAR    BASINP    GEOM     BASIS   MCVARS     RHF     MCSCF   

 PROGRAMS   *        TOTAL   RESTART
 CPU TIMES  *         0.09      0.01
 REAL TIME  *         0.10 SEC
 DISK USED  *         0.03 MB      
 **********************************************************************************************************************************

 Variable memory set to 2500000000 words,  buffer space   230000 words

 SETTING BASIS          =    AV5Z
 SETTING R(1)           =         1.00000000                                  
 SETTING R(2)           =         1.05000000                                  
 SETTING R(3)           =         1.10000000                                  
 SETTING R(4)           =         1.11000000                                  
 SETTING R(5)           =         1.12000000                                  
 SETTING R(6)           =         1.13000000                                  
 SETTING R(7)           =         1.14000000                                  
 SETTING R(8)           =         1.15000000                                  
 SETTING R(9)           =         1.16000000                                  
 SETTING R(10)          =         1.17000000                                  
 SETTING R(11)          =         1.18000000                                  
 SETTING R(12)          =         1.19000000                                  
 SETTING R(13)          =         1.20000000                                  
 SETTING R(14)          =         1.21000000                                  
 SETTING R(15)          =         1.22000000                                  
 SETTING R(16)          =         1.23000000                                  
 SETTING R(17)          =         1.24000000                                  
 SETTING R(18)          =         1.25000000                                  
 SETTING R(19)          =         1.26000000                                  
 SETTING R(20)          =         1.27000000                                  
 SETTING R(21)          =         1.28000000                                  
 SETTING R(22)          =         1.29000000                                  
 SETTING R(23)          =         1.30000000                                  
 SETTING R(24)          =         1.31000000                                  
 SETTING R(25)          =         1.32000000                                  
 SETTING R(26)          =         1.33000000                                  
 SETTING R(27)          =         1.34000000                                  
 SETTING R(28)          =         1.35000000                                  
 SETTING R(29)          =         1.36000000                                  
 SETTING R(30)          =         1.37000000                                  
 SETTING R(31)          =         1.38000000                                  
 SETTING R(32)          =         1.39000000                                  
 SETTING R(33)          =         1.40000000                                  
 SETTING R(34)          =         1.41000000                                  
 SETTING R(35)          =         1.42000000                                  
 SETTING R(36)          =         1.43000000                                  
 SETTING R(37)          =         1.44000000                                  
 SETTING R(38)          =         1.45000000                                  
 SETTING R(39)          =         1.46000000                                  
 SETTING R(40)          =         1.47000000                                  
 SETTING R(41)          =         1.48000000                                  
 SETTING R(42)          =         1.49000000                                  
 SETTING R(43)          =         1.50000000                                  
 SETTING R(44)          =         1.51000000                                  
 SETTING R(45)          =         1.52000000                                  
 SETTING R(46)          =         1.53000000                                  
 SETTING R(47)          =         1.54000000                                  
 SETTING R(48)          =         1.55000000                                  
 SETTING R(49)          =         1.56000000                                  
 SETTING R(50)          =         1.57000000                                  
 SETTING R(51)          =         1.58000000                                  
 SETTING R(52)          =         1.59000000                                  
 SETTING R(53)          =         1.60000000                                  
 SETTING R(54)          =         1.61000000                                  
 SETTING R(55)          =         1.62000000                                  
 SETTING R(56)          =         1.64000000                                  
 SETTING R(57)          =         1.65000000                                  
 SETTING R(58)          =         1.66000000                                  
 SETTING R(59)          =         1.68000000                                  
 SETTING R(60)          =         1.69000000                                  
 SETTING R(61)          =         1.70000000                                  
 SETTING R(62)          =         1.71000000                                  
 SETTING R(63)          =         1.72000000                                  
 SETTING R(64)          =         1.74000000                                  
 SETTING R(65)          =         1.75000000                                  
 SETTING R(66)          =         1.76000000                                  
 SETTING R(67)          =         1.78000000                                  
 SETTING R(68)          =         1.80000000                                  
 SETTING R(69)          =         1.82000000                                  
 SETTING R(70)          =         1.84000000                                  
 SETTING R(71)          =         1.85000000                                  
 SETTING R(72)          =         1.86000000                                  
 SETTING R(73)          =         1.88000000                                  
 SETTING R(74)          =         1.90000000                                  
 SETTING R(75)          =         1.92000000                                  
 SETTING R(76)          =         1.94000000                                  
 SETTING R(77)          =         1.95000000                                  
 SETTING R(78)          =         1.96000000                                  
 SETTING R(79)          =         1.98000000                                  
 SETTING R(80)          =         2.00000000                                  
 SETTING R(81)          =         2.05000000                                  
 SETTING R(82)          =         2.10000000                                  
 SETTING R(83)          =         2.15000000                                  
 SETTING R(84)          =         2.20000000                                  
 SETTING R(85)          =         2.25000000                                  
 SETTING R(86)          =         2.30000000                                  
 SETTING R(87)          =         2.35000000                                  
 SETTING R(88)          =         2.40000000                                  
 SETTING R(89)          =         2.50000000                                  
 SETTING R(90)          =         2.60000000                                  
 SETTING R(91)          =         2.70000000                                  
 SETTING R(92)          =         2.80000000                                  
 SETTING R(93)          =         2.90000000                                  
 SETTING R(94)          =         3.00000000                                  

 DO I                   =         1.00000000   


 Using spherical harmonics

 Library entry S      S aug-cc-pV5Z          selected for orbital group  1
 Library entry S      P aug-cc-pV5Z          selected for orbital group  1
 Library entry S      D aug-cc-pV5Z          selected for orbital group  1
 Library entry S      F aug-cc-pV5Z          selected for orbital group  1
 Library entry S      G aug-cc-pV5Z          selected for orbital group  1
 Library entry S      H aug-cc-pV5Z          selected for orbital group  1
 Library entry O      S aug-cc-pV5Z          selected for orbital group  2
 Library entry O      P aug-cc-pV5Z          selected for orbital group  2
 Library entry O      D aug-cc-pV5Z          selected for orbital group  2
 Library entry O      F aug-cc-pV5Z          selected for orbital group  2
 Library entry O      G aug-cc-pV5Z          selected for orbital group  2
 Library entry O      H aug-cc-pV5Z          selected for orbital group  2


 PROGRAM * SEWARD (Integral evaluation for generally contracted gaussian basis sets)     Author: Roland Lindh, 1990

 Geometry written to block  1 of record 701

 Orientation using atomic masses  
 Molecule type: Linear
 Symmetry elements: X,Y
 Rotational constants:      47.3509089     47.3509089      0.0000000 GHz  (calculated with average atomic masses)

 Point group  C2v 



 ATOMIC COORDINATES

 NR  ATOM    CHARGE       X              Y              Z

   1  S      16.00    0.000000000    0.000000000   -0.629106567
   2  O       8.00    0.000000000    0.000000000    1.260619557

 Bond lengths in Bohr (Angstrom)

 1-2  1.889726125
     ( 1.000000000)

 NUCLEAR CHARGE:                   24
 NUMBER OF PRIMITIVE AOS:         416
 NUMBER OF SYMMETRY AOS:          306
 NUMBER OF CONTRACTIONS:          258   (  94A1  +  63B1  +  63B2  +  38A2  )
 NUMBER OF CORE ORBITALS:           6   (   4A1  +   1B1  +   1B2  +   0A2  )
 NUMBER OF VALENCE ORBITALS:        8   (   4A1  +   2B1  +   2B2  +   0A2  )


 NUCLEAR REPULSION ENERGY   67.73468300

 EXTRA SYMMETRY OF AOS IN SYMMETRY 1:   1 1 1 1 1 1 1 1 1 1   1 1 1 1 1 1 2 1 2 1   2 1 2 1 2 1 2 1 2 1   2 1 2 1 3 2 1 3 2 1
                                        3 2 2 3 1 2 3 1 1 1   1 1 1 1 1 1 1 1 1 1   1 1 2 1 2 1 2 1 2 1   2 1 2 1 2 1 2 1 2 1
                                        3 2 1 3 2 1 3 2 2 3   1 2 3 1
 EXTRA SYMMETRY OF AOS IN SYMMETRY 2:   1 1 1 1 1 1 1 1 1 1   1 1 1 2 1 2 1 2 1 2   1 2 1 2 1 2 1 2 3 1   2 3 1 1 1 1 1 1 1 1
                                        1 1 1 1 2 1 2 1 2 1   2 1 2 1 2 1 2 1 2 3   1 2 3
 EXTRA SYMMETRY OF AOS IN SYMMETRY 3:   1 1 1 1 1 1 1 1 1 1   1 1 1 2 1 2 1 2 1 2   1 2 1 2 1 2 1 2 3 1   2 3 1 1 1 1 1 1 1 1
                                        1 1 1 1 2 1 2 1 2 1   2 1 2 1 2 1 2 1 2 3   1 2 3
 EXTRA SYMMETRY OF AOS IN SYMMETRY 4:   1 1 1 1 1 1 1 1 1 1   2 1 2 1 2 2 1 2 1 1   1 1 1 1 1 1 1 1 1 2   1 2 1 2 2 1 2 1

 Eigenvalues of metric

         1 0.512E-05 0.647E-05 0.197E-04 0.537E-04 0.702E-04 0.224E-03 0.311E-03 0.459E-03
         2 0.764E-05 0.713E-04 0.500E-03 0.755E-03 0.157E-02 0.519E-02 0.551E-02 0.937E-02
         3 0.764E-05 0.713E-04 0.500E-03 0.755E-03 0.157E-02 0.519E-02 0.551E-02 0.937E-02
         4 0.459E-03 0.369E-02 0.131E-01 0.235E-01 0.288E-01 0.585E-01 0.646E-01 0.802E-01


 Contracted 2-electron integrals neglected if value below      1.0D-12
 AO integral compression algorithm  1   Integral accuracy      1.0D-12

     649.855 MB (compressed) written to integral file ( 47.5%)


 NUMBER OF SORTED TWO-ELECTRON INTEGRALS:  141933571.     BUFFER LENGTH:  32768
 NUMBER OF SEGMENTS:   9  SEGMENT LENGTH:   15999298      RECORD LENGTH: 524288

 Memory used in sort:      16.56 MW

 SORT1 READ   170851810. AND WROTE    94704681. INTEGRALS IN    276 RECORDS. CPU TIME:     2.75 SEC, REAL TIME:     3.41 SEC
 SORT2 READ    94704681. AND WROTE   141933571. INTEGRALS IN   2479 RECORDS. CPU TIME:     1.55 SEC, REAL TIME:     2.00 SEC

 FILE SIZES:   FILE 1:   670.6 MBYTE,  FILE 4:  1157.7 MBYTE,   TOTAL:   1828.3 MBYTE

 OPERATOR DM      FOR CENTER  0  COORDINATES:    0.000000    0.000000    0.000000


 **********************************************************************************************************************************
 DATASETS  * FILE   NREC   LENGTH (MB)   RECORD NAMES
              1      20      551.33       500      700      610      701      900      950      970     1000      129      960   
                                          VAR     GEOM    BASINP    GEOM    SYMINP    ZMAT    AOBASIS   BASIS     P2S    ABASIS    
                                         1100     1400     1410     1200     1210     1080     1600     1650     1300     1700   
                                           S        T        V       H0       H01     AOSYM     SMH    MOLCAS    ERIS     OPER   

              2       8        8.12       500      610      700     1000      520     2100     2140      701   
                                          VAR    BASINP    GEOM     BASIS   MCVARS     RHF     MCSCF    GEOM   

 PROGRAMS   *        TOTAL       INT   RESTART
 CPU TIMES  *        35.79     35.70      0.01
 REAL TIME  *        46.51 SEC
 DISK USED  *         1.84 GB      
 **********************************************************************************************************************************


 PROGRAM * MULTI (Direct Multiconfiguration SCF)       Authors: P.J. Knowles, H.-J. Werner (1984)     S.T. Elbert (1988)


 Number of closed-shell orbitals:   6 (   4   1   1   0 )
 Number of active  orbitals:        8 (   4   2   2   0 )
 Number of external orbitals:     244 (  86  60  60  38 )

 State symmetry 1

 Number of electrons:    12    Spin symmetry=Triplet   Space symmetry=4
 Number of states:        5
 Number of CSFs:         96   (120 determinants, 448 intermediate states)

 State symmetry 2

 Number of electrons:    12    Spin symmetry=Singlet   Space symmetry=4
 Number of states:        4
 Number of CSFs:         72   (192 determinants, 784 intermediate states)

 Iteration controls:
             1  2  3  4  5  6  7  8  9 10 11 12 13 14 15 16 17 18 19 20 21 22 23 24 25 26 27 28 29 30 31 32 33 34 35 36 37 38 39
 DIAGCI      T  T  T  T  T  T  T  T  T  T  T  T  T  T  T  T  T  T  T  T  T  T  T  T  T  T  T  T  T  T  T  T  T  T  T  T  T  T  T
 WERNER      T  T  T  T  T  T  T  T  T  T  T  T  T  T  T  T  T  T  T  T  T  T  T  T  T  T  T  T  T  T  T  T  T  T  T  T  T  T  T
 INTERNAL    F  T  T  T  T  T  T  T  T  T  T  T  T  T  T  T  T  T  T  T  T  T  T  T  T  T  T  T  T  T  T  T  T  T  T  T  T  T  T

 Molecular orbitals read from record     2140.2  Type=MCSCF/NATURAL (state averaged)

 EXTRA SYMMETRY OF MOS IN SYMMETRY 1:   1 1 1 1 1 1 1 1 1 1   1 2 1 1 1 2 2 1 1 1   2 1 1 2 3 1 1 2 1 1   2 2 1 1 2 1 1 2 3 1
                                        2 1 3 2 1 2 1 3 1 2   1 2 1 1 2 1 2 1 1 3   3 1 2 2 3 1 2 1 3 1   2 1 2 1 1 2 1 2 1 1
                                        3 2 1 1 3 2 1 2 1 2   1 1 1 1
 EXTRA SYMMETRY OF MOS IN SYMMETRY 2:   1 1 1 1 1 1 1 1 2 1   1 1 2 1 2 1 1 2 1 1   1 1 2 2 3 1 1 2 1 2   1 1 2 1 1 1 2 2 1 1
                                        3 3 2 1 2 1 1 2 1 2   1 1 1 3 2 1 1 2 2 1   1 1 1
 EXTRA SYMMETRY OF MOS IN SYMMETRY 3:   1 1 1 1 1 1 1 1 2 1   1 1 2 1 2 1 1 2 1 1   1 1 2 2 3 1 1 2 1 2   1 1 2 1 1 1 2 2 1 1
                                        3 3 2 1 2 1 1 2 1 2   1 1 1 3 2 1 1 2 2 1   1 1 1
 EXTRA SYMMETRY OF MOS IN SYMMETRY 4:   1 1 1 1 1 2 1 1 1 1   1 2 1 2 1 1 2 1 1 1   1 2 2 1 1 2 1 2 1 1   1 1 2 1 2 1 1 1

 Wavefunction dump at record             2140.2

 Convergence thresholds  0.10E-01 (gradient)  0.10E-05 (energy)  0.10E-02 (step length)

 Weight factors for state symmetry  1:    0.11111   0.11111   0.11111   0.11111   0.11111
 Weight factors for state symmetry  2:    0.11111   0.11111   0.11111   0.11111

 Number of orbital rotations:     1068   (    20 Core/Active    464 Core/Virtual   0 Active/Active    584 Active/Virtual)
 Total number of variables:       2436


 ITER. MIC  NCI  NEG     ENERGY(VAR)     ENERGY(PROJ)   ENERGY CHANGE     GRAD(0)  GRAD(ORB)   GRAD(CI)     STEP       TIME

   1   53   16    0    -471.32211854    -471.32287500   -0.00075645    0.02783228 0.00000140 0.00000000  0.12D+00      1.65
   2   27   16    0    -471.32285992    -471.32287484   -0.00001492    0.00877365 0.00000238 0.00000000  0.91D-02      3.26
   3   19   10    0    -471.32287486    -471.32287486   -0.00000000    0.00001216 0.00000021 0.00000000  0.32D-04      4.76
   4   19   10    0    -471.32287486    -471.32287486    0.00000000    0.00000021 0.00000003 0.00000000  0.96D-06      6.28

 ** WVFN ****  CONVERGENCE REACHED, FINAL GRADIENT:  0.27D-07



 Results for state 1.4
 =====================

 !MCSCF STATE 1.4 Energy             -471.695600255990
 Nuclear energy                        67.73468300
 Kinetic energy                       478.10151166
 One electron energy                 -787.05132493
 Two electron energy                  247.62104167
 Virial ratio                           1.98660136

 !MCSCF STATE 1.4 Dipole moment         0.00000000     0.00000000     0.03993294
 Dipole moment /Debye                   0.00000000     0.00000000     0.10149275

 Results for state 2.4
 =====================

 !MCSCF STATE 2.4 Energy             -471.265636483823
 Nuclear energy                        67.73468300
 Kinetic energy                       475.81324931
 One electron energy                 -779.69042469
 Two electron energy                  240.69010521
 Virial ratio                           1.99044244

 !MCSCF STATE 2.4 Dipole moment         0.00000000     0.00000000    -1.74061641
 Dipole moment /Debye                   0.00000000     0.00000000    -4.42391586

 Results for state 3.4
 =====================

 !MCSCF STATE 3.4 Energy             -471.224350487085
 Nuclear energy                        67.73468300
 Kinetic energy                       477.47858270
 One electron energy                 -783.71168968
 Two electron energy                  244.75265620
 Virial ratio                           1.98690154

 !MCSCF STATE 3.4 Dipole moment         0.00000000     0.00000000     1.31950097
 Dipole moment /Debye                   0.00000000     0.00000000     3.35361727

 Results for state 4.4
 =====================

 !MCSCF STATE 4.4 Energy             -471.221790539448
 Nuclear energy                        67.73468300
 Kinetic energy                       475.64703739
 One electron energy                 -779.62285280
 Two electron energy                  240.66637927
 Virial ratio                           1.99069636

 !MCSCF STATE 4.4 Dipole moment         0.00000000     0.00000000    -0.53213725
 Dipole moment /Debye                   0.00000000     0.00000000    -1.35246938

 Results for state 5.4
 =====================

 !MCSCF STATE 5.4 Energy             -471.211085070405
 Nuclear energy                        67.73468300
 Kinetic energy                       475.71216790
 One electron energy                 -779.62458737
 Two electron energy                  240.67881931
 Virial ratio                           1.99053822

 !MCSCF STATE 5.4 Dipole moment         0.00000000     0.00000000    -1.06709933
 Dipole moment /Debye                   0.00000000     0.00000000    -2.71211832



 Results for state 1.4
 =====================

 !MCSCF STATE 1.4 Energy             -471.655172587502
 Nuclear energy                        67.73468300
 Kinetic energy                       478.07805164
 One electron energy                 -786.98173352
 Two electron energy                  247.59187793
 Virial ratio                           1.98656521

 !MCSCF STATE 1.4 Dipole moment         0.00000000     0.00000000     0.09256608
 Dipole moment /Debye                   0.00000000     0.00000000     0.23526411

 Results for state 2.4
 =====================

 !MCSCF STATE 2.4 Energy             -471.234456345470
 Nuclear energy                        67.73468300
 Kinetic energy                       477.47286560
 One electron energy                 -783.71008770
 Two electron energy                  244.74094836
 Virial ratio                           1.98693453

 !MCSCF STATE 2.4 Dipole moment         0.00000000     0.00000000     1.33676178
 Dipole moment /Debye                   0.00000000     0.00000000     3.39748701

 Results for state 3.4
 =====================

 !MCSCF STATE 3.4 Energy             -471.205896382856
 Nuclear energy                        67.73468300
 Kinetic energy                       475.64439860
 One electron energy                 -779.61804547
 Two electron energy                  240.67746609
 Virial ratio                           1.99066844

 !MCSCF STATE 3.4 Dipole moment         0.00000000     0.00000000    -0.55723372
 Dipole moment /Debye                   0.00000000     0.00000000    -1.41625407

 Results for state 4.4
 =====================

 !MCSCF STATE 4.4 Energy             -471.191885621029
 Nuclear energy                        67.73468300
 Kinetic energy                       475.71250952
 One electron energy                 -779.58306538
 Two electron energy                  240.65649676
 Virial ratio                           1.99049715

 !MCSCF STATE 4.4 Dipole moment         0.00000000     0.00000000    -0.96106003
 Dipole moment /Debye                   0.00000000     0.00000000    -2.44261095

 State-averaged charge density matrix saved on record  2140.2 (density set 1)

 !MCSCF expec         <1.4|DMZ|1.4>     0.039932935381 au =     0.101492749906 Debye
 !MCSCF trans         <2.4|DMZ|1.4>    -0.313557483839 au =    -0.796931429777 Debye
 !MCSCF expec         <2.4|DMZ|2.4>    -1.740616410808 au =    -4.423915857382 Debye
 !MCSCF expec         <3.4|DMZ|3.4>     1.319500969804 au =     3.353617274834 Debye
 !MCSCF trans         <4.4|DMZ|1.4>     0.352335339949 au =     0.895488453308 Debye
 !MCSCF trans         <4.4|DMZ|2.4>    -0.026946177075 au =    -0.068485864730 Debye
 !MCSCF expec         <4.4|DMZ|4.4>    -0.532137247182 au =    -1.352469384693 Debye
 !MCSCF trans         <5.4|DMZ|3.4>    -0.481361198220 au =    -1.223417994172 Debye
 !MCSCF expec         <5.4|DMZ|5.4>    -1.067099332583 au =    -2.712118321707 Debye
 !MCSCF expec         <1.4|DMZ|1.4>     0.092566084280 au =     0.235264108485 Debye
 !MCSCF expec         <2.4|DMZ|2.4>     1.336761782677 au =     3.397487011615 Debye
 !MCSCF trans         <3.4|DMZ|2.4>    -0.386764093711 au =    -0.982991885294 Debye
 !MCSCF expec         <3.4|DMZ|3.4>    -0.557233716962 au =    -1.416254070356 Debye
 !MCSCF trans         <4.4|DMZ|1.4>    -0.487346424857 au =    -1.238629926489 Debye
 !MCSCF expec         <4.4|DMZ|4.4>    -0.961060028142 au =    -2.442610946326 Debye


 Natural orbital dump (state averaged) at molpro section  2140.2    (Orbital set 2)


 CI vector for state symmetry 1
 ==============================

 2220 2a 2a       0.9891199  -0.0163927  -0.0000000   0.0038808  -0.0000000
 22ab 2a 2a       0.0230057   0.8088041   0.0000000  -0.0717368  -0.0000000
 22ba 2a 2a      -0.0214285  -0.2191334  -0.0000000   0.7950191  -0.0000000
 2220 2a a2      -0.0840158  -0.0227377   0.6910257  -0.1205301  -0.1426566
 2220 a2 2a      -0.0840158  -0.0227377  -0.6910257  -0.1205301   0.1426566
 22aa 2a 2b      -0.0007886  -0.2948354   0.1433276  -0.3616412   0.6807366
 22aa 2b 2a      -0.0007886  -0.2948354  -0.1433276  -0.3616412  -0.6807366
 2a2b 2a 2a       0.0427286  -0.2756257   0.0000000  -0.0373721  -0.0000000
 2b2a 2a 2a      -0.0211798   0.0917333  -0.0000000   0.1844174   0.0000000
 2a2a 2b 2a      -0.0107744   0.0919462   0.0017338  -0.0735226   0.0665533
 2a2a 2a 2b      -0.0107744   0.0919462  -0.0017338  -0.0735226  -0.0665533
 2a2a 2a b2      -0.0042551  -0.0326733   0.0090587  -0.0449470   0.0828617
 2a2a b2 2a      -0.0042551  -0.0326733  -0.0090587  -0.0449470  -0.0828617
 2a2b 2a a2       0.0190307   0.0789123  -0.0203097   0.0009593   0.0025047
 2a2b a2 2a       0.0190307   0.0789123   0.0203097   0.0009593  -0.0025047
 22ba a2 2a      -0.0056823   0.0005917   0.0115961   0.0657418  -0.0040141
 22ba 2a a2      -0.0056823   0.0005917  -0.0115961   0.0657418   0.0040141
 2b2a 2a a2      -0.0150313  -0.0195775   0.0242329   0.0585000  -0.0320277
 2b2a a2 2a      -0.0150313  -0.0195775  -0.0242329   0.0585000   0.0320277
 2a2a a2 2b       0.0002557  -0.0266615   0.0129819  -0.0145124   0.0533387
 2a2a 2b a2       0.0002557  -0.0266615  -0.0129819  -0.0145124  -0.0533387

 TOTAL ENERGIES                      -471.69560026  -471.26563648  -471.22435049
                                     -471.22179054  -471.21108507

 CI vector for state symmetry 2
 ==============================

 2220 2b 2a      -0.6966910   0.0000000  -0.0000000   0.0143919
 2220 2a 2b       0.6966910  -0.0000000   0.0000000  -0.0143919
 22aa 2b 2b       0.0000000   0.1133207   0.5470280   0.0000000
 22bb 2a 2a       0.0000000   0.1133207   0.5470280   0.0000000
 22ba 2a 2b      -0.0159313  -0.0566604  -0.2735140  -0.4914526
 22ab 2b 2a      -0.0159313  -0.0566604  -0.2735140  -0.4914526
 22ba 2b 2a       0.0159313  -0.0566604  -0.2735140   0.4914526
 22ab 2a 2b       0.0159313  -0.0566604  -0.2735140   0.4914526
 2220 2a b2      -0.0728705  -0.4885301   0.1013946   0.0470221
 2220 b2 2a       0.0728705  -0.4885301   0.1013946  -0.0470221
 2220 a2 2b      -0.0728705   0.4885301  -0.1013946   0.0470221
 2220 2b a2       0.0728705   0.4885301  -0.1013946  -0.0470221
 2a2a 2b 2b      -0.0000000   0.0284169   0.1107535   0.0000000
 2b2b 2a 2a       0.0000000   0.0284169   0.1107535   0.0000000
 2b2a 2a 2b      -0.0196160  -0.0142084  -0.0553767   0.0169178
 2b2a 2b 2a       0.0196160  -0.0142084  -0.0553767  -0.0169178
 2a2b 2b 2a      -0.0196160  -0.0142084  -0.0553767   0.0169178
 2a2b 2a 2b       0.0196160  -0.0142084  -0.0553767  -0.0169178
 2b2a a2 2b      -0.0104911   0.0115842  -0.0376947  -0.0509846
 2a2b b2 2a      -0.0104911   0.0115842  -0.0376947  -0.0509846
 2b2a 2b a2       0.0104911   0.0115842  -0.0376947   0.0509846
 2a2b 2a b2       0.0104911   0.0115842  -0.0376947   0.0509846

 TOTAL ENERGIES                      -471.65517259  -471.23445635  -471.20589638
                                     -471.19188562



 **********************************************************************************************************************************
 DATASETS  * FILE   NREC   LENGTH (MB)   RECORD NAMES
              1      21      573.39       500      700      610      701      900      950      970     1000      129      960   
                                          VAR     GEOM    BASINP    GEOM    SYMINP    ZMAT    AOBASIS   BASIS     P2S    ABASIS    
                                         1100     1400     1410     1200     1210     1080     1600     1650     1300     1700   
                                           S        T        V       H0       H01     AOSYM     SMH    MOLCAS    ERIS     OPER   
                                         1380   
                                         JKOP   

              2       9        8.12       500      610      700     1000      520     2100     2140      701     2140(1)
                                          VAR    BASINP    GEOM     BASIS   MCVARS     RHF     MCSCF    GEOM     MCSCF   

 PROGRAMS   *        TOTAL     MULTI       INT   RESTART
 CPU TIMES  *        43.67      7.88     35.70      0.01
 REAL TIME  *        55.85 SEC
 DISK USED  *         1.84 GB      
 **********************************************************************************************************************************


 PROGRAM * CI (Multireference internally contracted CI)     Authors: H.-J. Werner, P.J. Knowles, 1987


 Convergence thresholds:  THRVAR = 1.00D-08  THRDEN = 1.00D-06

 Number of optimized states:  3  Roots:   1   2   3
 Number of reference states:  3  Roots:   1   2   3

 Program parameters:       NSTATE=  3    NSTATI=  5    NSTATR=  3    NCEPA = -1    NOKOP =  0    ITRDM =  0    ITRANS=  0
                           IDIP  =200    MAXIT =250    MAXITI=250    MAXDAV=  9    MAXVI = 15    NOSING=  0    NOPAIR=  0
                           MXSHRF=  4    IKCPS =  0    IOPTGM=  2    IOPTOR=  0    REFOPT=  1    IAVDEN=  0    IDELCG=  1
                           IREST =  0    NATORB=  0    IPUNRF=  0    ISEP  =  0    OLDDEN=  0    NSTPRI=  1    GPSFLI= -1
                           CLUSTE=  0    CLOSED=  1    ILSTYP=  0    ITRLS =  0    ICCSD =  0    LOCAL =  0    IBASO =  0
                           MP    =  0    ITEDIS=  2    INCDIS=  1    MAXDIS=  6    ITYDIS=  1    BRUECK=  0    IBRSTR=  3
                           INCBRK=  1    TRIPLE=  0    ICCTYP=  1    IHPPD =  0    ICCNEW=  0    I3EXT = -1    IDEB  =  0
                           IDLEIG=  1    IDFTYP=  1    IMP3  =  0    IPROCS=  0    NOINT =  0    NOREF =  1    IMP2G =  0
                           IHINT =  0    IFDIA =  0    ISPARO=  1    JKSYM =  0    CPHF  =  0    MP2D  = -1    DKINT =  0
                           NPKEX =  1    DRVK  =  1    HLSTRA=  1    WIGNER=  1    DIIS_C=  1    MAXIT_= 50    MATEL =  0
                           SPDEG =  1    MEMCPH=  0    DISM  =  1    KDCPMA=  5    IKDCP_=  0    IREDTH=  0    USECS =  0
                           IPROCC=  0    I3SAVE=  1    IKDCP =  1    USECI =  0    OLDPAI=  0    IPROCI=  0    KEEPCL=  1
                           DISCON=  0    SHIFTE=  0    DIISIN=  0    MOLCAS=  0    MEM_PT=  0    RECORD=  0    RS2C  =  0
                           KEXT  = -1    CIPT2 =  0    DECP0S=  0    I4EXT = -1    NATCOR=  0    RIMP2 =  0    DDCI  = -1

 Reference symmetry:                   4   Triplet 
 Number of electrons:                 24
 Maximum number of shells:             4
 Maximum number of spin couplings:    28

 Reference space:       48 conf       96 CSFs
 N elec internal:      238 conf      378 CSFs
 N-1 el internal:      488 conf     1488 CSFs
 N-2 el internal:      512 conf     3466 CSFs

 Number of electrons in valence space:                     12
 Maximum number of open shell orbitals in reference space:  4
 Maximum number of open shell orbitals in internal spaces:  8


 Number of core orbitals:           6 (   4   1   1   0 )
 Number of active  orbitals:        8 (   4   2   2   0 )
 Number of external orbitals:     244 (  86  60  60  38 )

 Molecular orbitals read from record     2140.2  Type=MCSCF/NATURAL (state averaged)

 Coulomb and exchange operators available. No transformation done.

 Number of p-space configurations:   6

 Reference wavefunction optimized for reference space (refopt=1)

 State     Reference Energy 
   1        -471.69560026
   2        -471.26563648
   3        -471.22435049
   4        -471.22179054
   5        -471.21108507

 Number of blocks in overlap matrix:     8   Smallest eigenvalue:  0.93D-03
 Number of N-2 electron functions:     192
 Number of N-1 electron functions:    1488

 Number of internal configurations:                   96
 Number of singly external configurations:         91608
 Number of doubly external configurations:       1459440
 Total number of contracted configurations:      1551144
 Total number of uncontracted configurations:   26178136

 Diagonal Coupling coefficients finished.               Storage:   96151 words, CPU-Time:      0.04 seconds.
 Energy denominators for pairs finished in 1 passes.    Storage:  358549 words, CPU-time:      0.02 seconds.

  ITER. STATE  ROOT     SQ.NORM     CORR.ENERGY   TOTAL ENERGY   ENERGY CHANGE       DEN1      VAR(S)    VAR(P)      TIME
    1     1     1     1.00000000     0.00000000  -471.69560026     0.00000000    -0.45565697  0.76D-01  0.64D-01     0.72
    1     2     2     1.00000000     0.00000000  -471.26563648     0.00000000    -0.41479501  0.79D-01  0.57D-01     0.72
    1     3     3     1.00000000     0.00000000  -471.22435049     0.00000000    -0.39835611  0.50D-01  0.67D-01     0.72
    2     1     1     1.09761714    -0.38055781  -472.07615807    -0.38055781    -0.01592141  0.35D-02  0.18D-02    24.69
    2     2     2     1.10509661    -0.36520082  -471.63083730    -0.36520082    -0.01188871  0.35D-02  0.16D-02    24.69
    2     3     3     1.09647340    -0.36196646  -471.58631695    -0.36196646    -0.00848322  0.22D-02  0.13D-02    24.69
    3     1     1     1.09468536    -0.39528710  -472.09088736    -0.01472929    -0.00064680  0.60D-04  0.12D-03    48.76
    3     2     2     1.10249840    -0.37689991  -471.64253639    -0.01169909    -0.00072027  0.22D-03  0.12D-03    48.76
    3     3     3     1.09496860    -0.37074734  -471.59509783    -0.00878089    -0.00057666  0.90D-04  0.12D-03    48.76
    4     1     1     1.09611039    -0.39602682  -472.09162708    -0.00073972    -0.00004792  0.62D-05  0.80D-05    72.81
    4     2     2     1.10720070    -0.37778238  -471.64341887    -0.00088247    -0.00010251  0.52D-04  0.15D-04    72.81
    4     3     3     1.09831034    -0.37147500  -471.59582549    -0.00072766    -0.00007725  0.21D-04  0.15D-04    72.81
    5     1     1     1.09673996    -0.39608306  -472.09168331    -0.00005624    -0.00000411  0.41D-06  0.70D-06    96.93
    5     2     2     1.10975165    -0.37792401  -471.64356049    -0.00014163    -0.00002786  0.22D-04  0.34D-05    96.93
    5     3     3     1.09943149    -0.37158145  -471.59593194    -0.00010645    -0.00001602  0.83D-05  0.27D-05    96.93
    6     1     1     1.09673371    -0.39608784  -472.09168809    -0.00000478    -0.00000041  0.41D-07  0.71D-07   121.05
    6     2     2     1.11078385    -0.37796840  -471.64360488    -0.00004439    -0.00001348  0.12D-04  0.15D-05   121.05
    6     3     3     1.09957394    -0.37160491  -471.59595540    -0.00002346    -0.00000653  0.66D-05  0.77D-06   121.05
    7     1     1     1.09672068    -0.39608830  -472.09168855    -0.00000046    -0.00000005  0.59D-08  0.75D-08   145.16
    7     2     2     1.11188111    -0.37798874  -471.64362523    -0.00002034    -0.00000740  0.47D-05  0.92D-06   145.16
    7     3     3     1.10002260    -0.37161639  -471.59596688    -0.00001148    -0.00000565  0.55D-05  0.59D-06   145.16
    8     1     1     1.09672464    -0.39608835  -472.09168860    -0.00000005    -0.00000001  0.63D-09  0.93D-09   169.23
    8     2     2     1.11259689    -0.37799843  -471.64363491    -0.00000969    -0.00000357  0.32D-05  0.35D-06   169.23
    8     3     3     1.10055811    -0.37162684  -471.59597733    -0.00001045    -0.00000592  0.44D-05  0.70D-06   169.23
    9     1     1     1.09672462    -0.39608835  -472.09168860    -0.00000000    -0.00000001  0.63D-09  0.93D-09   186.81
    9     2     2     1.11305128    -0.37800319  -471.64363967    -0.00000476    -0.00000194  0.17D-05  0.19D-06   186.81
    9     3     3     1.10508030    -0.37166038  -471.59601086    -0.00003353    -0.00001072  0.34D-05  0.18D-05   186.81
   10     1     1     1.09672461    -0.39608835  -472.09168860    -0.00000000    -0.00000001  0.63D-09  0.93D-09   204.48
   10     2     2     1.11431721    -0.37800814  -471.64364462    -0.00000495    -0.00000075  0.19D-06  0.82D-07   204.48
   10     3     3     1.10517903    -0.37167260  -471.59602309    -0.00001223    -0.00000208  0.15D-05  0.34D-06   204.48
   11     1     1     1.09672458    -0.39608835  -472.09168860    -0.00000000    -0.00000001  0.63D-09  0.93D-09   222.11
   11     2     2     1.11441600    -0.37800885  -471.64364533    -0.00000071    -0.00000008  0.38D-07  0.12D-07   222.11
   11     3     3     1.10550296    -0.37167616  -471.59602665    -0.00000356    -0.00000117  0.10D-05  0.14D-06   222.11
   12     1     1     1.09672457    -0.39608835  -472.09168860    -0.00000000    -0.00000001  0.63D-09  0.92D-09   239.76
   12     2     2     1.11446286    -0.37800894  -471.64364543    -0.00000010    -0.00000002  0.16D-07  0.24D-08   239.76
   12     3     3     1.10582894    -0.37167818  -471.59602867    -0.00000202    -0.00000085  0.67D-06  0.10D-06   239.76
   13     1     1     1.09672453    -0.39608835  -472.09168860    -0.00000000    -0.00000001  0.63D-09  0.92D-09   257.38
   13     2     2     1.11450153    -0.37800897  -471.64364546    -0.00000003    -0.00000001  0.79D-08  0.10D-08   257.38
   13     3     3     1.10639987    -0.37168012  -471.59603060    -0.00000194    -0.00000087  0.57D-06  0.12D-06   257.38
   14     1     1     1.09672453    -0.39608835  -472.09168860    -0.00000000    -0.00000001  0.63D-09  0.92D-09   268.47
   14     2     2     1.11450153    -0.37800897  -471.64364546    -0.00000000    -0.00000001  0.79D-08  0.10D-08   268.47
   14     3     3     1.10758291    -0.37168250  -471.59603299    -0.00000238    -0.00000068  0.46D-06  0.10D-06   268.47
   15     1     1     1.09672453    -0.39608835  -472.09168860    -0.00000000    -0.00000001  0.63D-09  0.92D-09   279.61
   15     2     2     1.11450153    -0.37800897  -471.64364546    -0.00000000    -0.00000001  0.79D-08  0.10D-08   279.61
   15     3     3     1.10789552    -0.37168367  -471.59603416    -0.00000117    -0.00000044  0.33D-06  0.53D-07   279.61
   16     1     1     1.09672453    -0.39608835  -472.09168860    -0.00000000    -0.00000001  0.63D-09  0.92D-09   290.75
   16     2     2     1.11450153    -0.37800897  -471.64364546    -0.00000000    -0.00000001  0.79D-08  0.10D-08   290.75
   16     3     3     1.10896335    -0.37168500  -471.59603549    -0.00000133    -0.00000045  0.18D-06  0.72D-07   290.75
   17     1     1     1.09672453    -0.39608835  -472.09168860    -0.00000000    -0.00000001  0.63D-09  0.92D-09   301.90
   17     2     2     1.11450154    -0.37800897  -471.64364546    -0.00000000    -0.00000001  0.79D-08  0.10D-08   301.90
   17     3     3     1.10919791    -0.37168555  -471.59603603    -0.00000054    -0.00000018  0.10D-06  0.33D-07   301.90
   18     1     1     1.09672453    -0.39608835  -472.09168860    -0.00000000    -0.00000001  0.63D-09  0.92D-09   313.03
   18     2     2     1.11450154    -0.37800897  -471.64364546    -0.00000000    -0.00000001  0.79D-08  0.10D-08   313.03
   18     3     3     1.10985474    -0.37168608  -471.59603657    -0.00000053    -0.00000009  0.49D-07  0.14D-07   313.03
   19     1     1     1.09672453    -0.39608835  -472.09168860    -0.00000000    -0.00000001  0.63D-09  0.92D-09   324.18
   19     2     2     1.11450153    -0.37800897  -471.64364546    -0.00000000    -0.00000001  0.79D-08  0.10D-08   324.18
   19     3     3     1.10990076    -0.37168620  -471.59603669    -0.00000012    -0.00000003  0.28D-07  0.46D-08   324.18
   20     1     1     1.09672453    -0.39608835  -472.09168860     0.00000000    -0.00000001  0.63D-09  0.92D-09   335.30
   20     2     2     1.11450153    -0.37800897  -471.64364546    -0.00000000    -0.00000001  0.79D-08  0.10D-08   335.30
   20     3     3     1.10995577    -0.37168627  -471.59603675    -0.00000007    -0.00000002  0.19D-07  0.22D-08   335.30
   21     1     1     1.09672453    -0.39608835  -472.09168860     0.00000000    -0.00000001  0.63D-09  0.92D-09   346.42
   21     2     2     1.11450153    -0.37800897  -471.64364546    -0.00000000    -0.00000001  0.79D-08  0.10D-08   346.42
   21     3     3     1.11008506    -0.37168631  -471.59603680    -0.00000005    -0.00000002  0.13D-07  0.34D-08   346.42
   22     1     1     1.09672453    -0.39608835  -472.09168860    -0.00000000    -0.00000001  0.63D-09  0.92D-09   357.57
   22     2     2     1.11450152    -0.37800897  -471.64364546    -0.00000000    -0.00000001  0.79D-08  0.10D-08   357.57
   22     3     3     1.11022226    -0.37168636  -471.59603685    -0.00000005    -0.00000002  0.98D-08  0.23D-08   357.57
   23     1     1     1.09672453    -0.39608835  -472.09168860     0.00000000    -0.00000001  0.63D-09  0.92D-09   368.73
   23     2     2     1.11450153    -0.37800897  -471.64364546    -0.00000000    -0.00000001  0.79D-08  0.10D-08   368.73
   23     3     3     1.11037715    -0.37168640  -471.59603688    -0.00000003    -0.00000001  0.69D-08  0.11D-08   368.73


 =====================================
 Analysis of CPU times by interactions
 =====================================

       I      S      P

 I   0.0%
 S   0.0%   0.7%
 P   0.3%   3.6%  59.3%

 Initialization:   0.2%
 Other:           35.8%

 Total CPU:      368.7 seconds
 =====================================



 Wavefunction saved on  6000.2

 Reference coefficients greater than 0.0500000
 =============================================
 22202/2/           0.9499200  -0.0056729  -0.0000001
 22/\2/2/           0.0171367   0.6740670   0.0000001
 22202//2          -0.0536284  -0.0220171  -0.6545833
 2220/22/          -0.0536284  -0.0220165   0.6545833
 22//2\2/          -0.0017887  -0.4502626   0.1165426
 22//2/2\          -0.0012649  -0.3183838  -0.1648160
 2/2\2/2/           0.0335313  -0.2829010   0.0000000
 2/2/2\2/          -0.0127103   0.1737536  -0.0090227
 2/2/2/2\          -0.0089875   0.1228623   0.0127600

 Coefficients of singly external configurations greater than 0.0500000
 =====================================================================

 22202/20   4.3     0.0074339  -0.0544085   0.0628225
 2220202/   4.2    -0.0074339   0.0544037   0.0628217

 Coefficients of fixed reference functions:
 ==========================================

 State      Coefficients
   1         0.953823   -0.007689    0.000000
   2         0.006211    0.944896    0.000000
   3        -0.000000    0.000000    0.948773

 Coefficients of rotated reference functions:
 ============================================

 State      Coefficients
   1         0.953854   -0.000706   -0.000000
   2        -0.000706    0.944916    0.000000
   3        -0.000000    0.000000    0.948773



 RESULTS FOR STATE 1.4
 =====================

 Coefficient of reference function:   C(0) = 0.95382322 (fixed)   0.95488533 (relaxed)   0.95385395 (rotated)

 Energy contributions of configuration classes

 CLASS          SQ.NORM        ECORR1        ECORR2
 +++++++++++++++++++++++++++++++++++++++++++++++++++
 Internals    0.00222829   -0.00000000   -0.00080297
 Singles      0.03936339   -0.08804768   -0.09428808
 Pairs        0.05757667   -0.30804066   -0.30099730
 Total        1.09916836   -0.39608835   -0.39608835
 +++++++++++++++++++++++++++++++++++++++++++++++++++


 Reference energy                    -471.69560026
 Nuclear energy                        67.73468300
 Kinetic energy                       477.47033225
 One electron energy                 -785.60099577
 Two electron energy                  245.77462417
 Virial quotient                       -0.98873512
 Correlation energy                    -0.39608835
 !MRCI STATE 1.4 Energy              -472.091688603249

 Properties without orbital relaxation:

 !MRCI STATE 1.4 Dipole moment          0.00000000     0.00000000     0.16116240
 Dipole moment /Debye                   0.00000000     0.00000000     0.40960714

 Cluster corrected energies          -472.13096803 (Davidson, fixed reference)
 Cluster corrected energies          -472.13000006 (Davidson, relaxed reference)
 Cluster corrected energies          -472.13093998 (Davidson, rotated reference)

 Cluster corrected energies          -472.12504095 (Pople, fixed reference)
 Cluster corrected energies          -472.12417137 (Pople, relaxed reference)
 Cluster corrected energies          -472.12501571 (Pople, rotated reference)


 Cluster corrections using rotated reference energy:

 Reference energy (rotated)          -471.69557722
 MRCI Correlation energy               -0.39611139

 Cluster corrected energies          -472.13000229 (Davidson, relaxed reference)
 Cluster corrected energies          -472.13094227 (Davidson, rotated reference)

 Cluster corrected energies          -472.12417326 (Pople, relaxed reference)
 Cluster corrected energies          -472.12501765 (Pople, rotated reference)




 RESULTS FOR STATE 2.4
 =====================

 Coefficient of reference function:   C(0) = 0.94489597 (fixed)   0.94723921 (relaxed)   0.94491611 (rotated)

 Energy contributions of configuration classes

 CLASS          SQ.NORM        ECORR1        ECORR2
 +++++++++++++++++++++++++++++++++++++++++++++++++++
 Internals    0.00496593    0.00000000   -0.00167599
 Singles      0.06167672   -0.10231147   -0.11216594
 Pairs        0.05339341   -0.27569750   -0.26416705
 Total        1.12003607   -0.37800897   -0.37800897
 +++++++++++++++++++++++++++++++++++++++++++++++++++


 Reference energy                    -471.26563648
 Nuclear energy                        67.73468300
 Kinetic energy                       476.52445373
 One electron energy                 -780.43828028
 Two electron energy                  241.05995183
 Virial quotient                       -0.98975749
 Correlation energy                    -0.37800897
 !MRCI STATE 2.4 Energy              -471.643645457054

 Properties without orbital relaxation:

 !MRCI STATE 2.4 Dipole moment          0.00000000     0.00000000    -1.59273709
 Dipole moment /Debye                   0.00000000     0.00000000    -4.04806872

 Cluster corrected energies          -471.68902017 (Davidson, fixed reference)
 Cluster corrected energies          -471.68692806 (Davidson, relaxed reference)
 Cluster corrected energies          -471.68900212 (Davidson, rotated reference)

 Cluster corrected energies          -471.68265834 (Pople, fixed reference)
 Cluster corrected energies          -471.68073638 (Pople, relaxed reference)
 Cluster corrected energies          -471.68264170 (Pople, rotated reference)


 Cluster corrections using rotated reference energy:

 Reference energy (rotated)          -471.26565952
 MRCI Correlation energy               -0.37798593

 Cluster corrected energies          -471.68692542 (Davidson, relaxed reference)
 Cluster corrected energies          -471.68899935 (Davidson, rotated reference)

 Cluster corrected energies          -471.68073412 (Pople, relaxed reference)
 Cluster corrected energies          -471.68263932 (Pople, rotated reference)




 RESULTS FOR STATE 3.4
 =====================

 Coefficient of reference function:   C(0) = 0.94877316 (fixed)   0.94899679 (relaxed)   0.94877316 (rotated)

 Energy contributions of configuration classes

 CLASS          SQ.NORM        ECORR1        ECORR2
 +++++++++++++++++++++++++++++++++++++++++++++++++++
 Internals    0.00047146   -0.00000000   -0.00015774
 Singles      0.04555765   -0.06891789   -0.07728257
 Pairs        0.06487154   -0.30276850   -0.29424608
 Total        1.11090065   -0.37168640   -0.37168640
 +++++++++++++++++++++++++++++++++++++++++++++++++++


 Reference energy                    -471.22435049
 Nuclear energy                        67.73468300
 Kinetic energy                       477.61615224
 One electron energy                 -783.20952938
 Two electron energy                  243.87880950
 Virial quotient                       -0.98739549
 Correlation energy                    -0.37168640
 !MRCI STATE 3.4 Energy              -471.596036882521

 Properties without orbital relaxation:

 !MRCI STATE 3.4 Dipole moment          0.00000000     0.00000000     1.13525685
 Dipole moment /Debye                   0.00000000     0.00000000     2.88534611

 Cluster corrected energies          -471.63725714 (Davidson, fixed reference)
 Cluster corrected energies          -471.63706257 (Davidson, relaxed reference)
 Cluster corrected energies          -471.63725714 (Davidson, rotated reference)

 Cluster corrected energies          -471.63128433 (Pople, fixed reference)
 Cluster corrected energies          -471.63110694 (Pople, relaxed reference)
 Cluster corrected energies          -471.63128433 (Pople, rotated reference)


 Cluster corrections using rotated reference energy:

 Reference energy (rotated)          -471.22435049
 MRCI Correlation energy               -0.37168640

 Cluster corrected energies          -471.63706257 (Davidson, relaxed reference)
 Cluster corrected energies          -471.63725714 (Davidson, rotated reference)

 Cluster corrected energies          -471.63110694 (Pople, relaxed reference)
 Cluster corrected energies          -471.63128433 (Pople, rotated reference)


 !MRCI trans          <2.4|DMZ|1.4>    -0.368442562679 au =    -0.936426248453 Debye

 !MRCI trans          <3.4|DMZ|1.4>     0.000000857297 au =     0.000002178889 Debye

 !MRCI trans          <3.4|DMZ|2.4>     0.000000870445 au =     0.000002212306 Debye


 **********************************************************************************************************************************
 DATASETS  * FILE   NREC   LENGTH (MB)   RECORD NAMES
              1      21      573.39       500      700      610      701      900      950      970     1000      129      960   
                                          VAR     GEOM    BASINP    GEOM    SYMINP    ZMAT    AOBASIS   BASIS     P2S    ABASIS    
                                         1100     1400     1410     1200     1210     1080     1600     1650     1300     1700   
                                           S        T        V       H0       H01     AOSYM     SMH    MOLCAS    ERIS     OPER   
                                         1380   
                                         JKOP   

              2      10       46.60       500      610      700     1000      520     2100     2140      701     2140(1)  6000   
                                          VAR    BASINP    GEOM     BASIS   MCVARS     RHF     MCSCF    GEOM     MCSCF    MRCI   

 PROGRAMS   *        TOTAL        CI     MULTI       INT   RESTART
 CPU TIMES  *       413.01    369.34      7.88     35.70      0.01
 REAL TIME  *       433.07 SEC
 DISK USED  *         1.84 GB      
 **********************************************************************************************************************************


 PROGRAM * CI (Multireference internally contracted CI)     Authors: H.-J. Werner, P.J. Knowles, 1987


 Convergence thresholds:  THRVAR = 1.00D-08  THRDEN = 1.00D-06

 Number of optimized states:  2  Roots:   1   2
 Number of reference states:  2  Roots:   1   2

 Program parameters:       NSTATE=  2    NSTATI=  4    NSTATR=  2    NCEPA = -1    NOKOP =  0    ITRDM =  0    ITRANS=  0
                           IDIP  =200    MAXIT =250    MAXITI=250    MAXDAV=  6    MAXVI = 12    NOSING=  0    NOPAIR=  0
                           MXSHRF=  5    IKCPS =  0    IOPTGM=  2    IOPTOR=  0    REFOPT=  1    IAVDEN=  0    IDELCG=  1
                           IREST =  0    NATORB=  0    IPUNRF=  0    ISEP  =  0    OLDDEN=  0    NSTPRI=  1    GPSFLI= -1
                           CLUSTE=  0    CLOSED=  1    ILSTYP=  0    ITRLS =  0    ICCSD =  0    LOCAL =  0    IBASO =  0
                           MP    =  0    ITEDIS=  2    INCDIS=  1    MAXDIS=  6    ITYDIS=  1    BRUECK=  0    IBRSTR=  3
                           INCBRK=  1    TRIPLE=  0    ICCTYP=  1    IHPPD =  0    ICCNEW=  0    I3EXT = -1    IDEB  =  0
                           IDLEIG=  1    IDFTYP=  1    IMP3  =  0    IPROCS=  0    NOINT =  0    NOREF =  1    IMP2G =  0
                           IHINT =  0    IFDIA =  0    ISPARO=  1    JKSYM =  0    CPHF  =  0    MP2D  = -1    DKINT =  0
                           NPKEX =  1    DRVK  =  1    HLSTRA=  1    WIGNER=  1    DIIS_C=  1    MAXIT_= 50    MATEL =  0
                           SPDEG =  1    MEMCPH=  0    DISM  =  1    KDCPMA=  5    IKDCP_=  0    IREDTH=  0    USECS =  0
                           IPROCC=  0    I3SAVE=  1    IKDCP =  1    USECI =  0    OLDPAI=  0    IPROCI=  0    KEEPCL=  1
                           DISCON=  0    SHIFTE=  0    DIISIN=  0    MOLCAS=  0    MEM_PT=  0    RECORD=  0    RS2C  =  0
                           KEXT  = -1    CIPT2 =  0    DECP0S=  0    I4EXT = -1    NATCOR=  0    RIMP2 =  0    DDCI  = -1

 Reference symmetry:                   4   Singlet 
 Number of electrons:                 24
 Maximum number of shells:             5
 Maximum number of spin couplings:    14

 Reference space:       48 conf       72 CSFs
 N elec internal:      266 conf      336 CSFs
 N-1 el internal:      488 conf      988 CSFs
 N-2 el internal:      512 conf     1976 CSFs

 Number of electrons in valence space:                     12
 Maximum number of open shell orbitals in reference space:  4
 Maximum number of open shell orbitals in internal spaces:  8


 Number of core orbitals:           6 (   4   1   1   0 )
 Number of active  orbitals:        8 (   4   2   2   0 )
 Number of external orbitals:     244 (  86  60  60  38 )

 Molecular orbitals read from record     2140.2  Type=MCSCF/NATURAL (state averaged)

 Coulomb and exchange operators available. No transformation done.

 Number of p-space configurations:   5

 Reference wavefunction optimized for reference space (refopt=1)

 State     Reference Energy 
   1        -471.65517259
   2        -471.23445635
   3        -471.20589638
   4        -471.19188562

 Number of blocks in overlap matrix:     8   Smallest eigenvalue:  0.89D-03
 Number of N-2 electron functions:     128
 Number of N-1 electron functions:     988

 Number of internal configurations:                   72
 Number of singly external configurations:         60152
 Number of doubly external configurations:        972960
 Total number of contracted configurations:      1033184
 Total number of uncontracted configurations:   14940864

 Diagonal Coupling coefficients finished.               Storage:   70552 words, CPU-Time:      0.02 seconds.
 Energy denominators for pairs finished in 1 passes.    Storage:  334280 words, CPU-time:      0.01 seconds.

  ITER. STATE  ROOT     SQ.NORM     CORR.ENERGY   TOTAL ENERGY   ENERGY CHANGE       DEN1      VAR(S)    VAR(P)      TIME
    1     1     1     1.00000000     0.00000000  -471.65517259     0.00000000    -0.46253194  0.82D-01  0.65D-01     0.10
    1     2     2     1.00000000     0.00000000  -471.23445635     0.00000000    -0.39306582  0.45D-01  0.64D-01     0.10
    2     1     1     1.10255190    -0.38674240  -472.04191499    -0.38674240    -0.01638346  0.39D-02  0.19D-02     9.58
    2     2     2     1.09301866    -0.36234906  -471.59680541    -0.36234906    -0.00788743  0.17D-02  0.12D-02     9.58
    3     1     1     1.09918437    -0.40168266  -472.05685525    -0.01494026    -0.00064868  0.69D-04  0.11D-03    19.04
    3     2     2     1.09462232    -0.37071960  -471.60517594    -0.00837054    -0.00059762  0.17D-03  0.11D-03    19.04
    4     1     1     1.10068810    -0.40238508  -472.05755767    -0.00070242    -0.00004781  0.77D-05  0.74D-05    28.53
    4     2     2     1.09964424    -0.37149754  -471.60595388    -0.00077794    -0.00011006  0.87D-04  0.17D-04    28.53
    5     1     1     1.10132523    -0.40243774  -472.05761033    -0.00005266    -0.00000393  0.43D-06  0.68D-06    38.01
    5     2     2     1.10313935    -0.37169833  -471.60615468    -0.00020080    -0.00007195  0.71D-04  0.90D-05    38.01
    6     1     1     1.10134656    -0.40244230  -472.05761489    -0.00000456    -0.00000039  0.40D-07  0.71D-07    47.52
    6     2     2     1.10773009    -0.37187535  -471.60633169    -0.00017701    -0.00010925  0.77D-04  0.13D-04    47.52
    7     1     1     1.10133451    -0.40244274  -472.05761533    -0.00000044    -0.00000005  0.89D-08  0.76D-08    57.02
    7     2     2     1.11274005    -0.37203918  -471.60649553    -0.00016383    -0.00007768  0.64D-04  0.87D-05    57.02
    8     1     1     1.10133246    -0.40244279  -472.05761538    -0.00000005    -0.00000001  0.77D-09  0.10D-08    66.53
    8     2     2     1.11664833    -0.37214971  -471.60660606    -0.00011053    -0.00005557  0.55D-04  0.65D-05    66.53
    9     1     1     1.10133246    -0.40244279  -472.05761538     0.00000000    -0.00000001  0.77D-09  0.10D-08    72.59
    9     2     2     1.16862822    -0.37255412  -471.60701047    -0.00040441    -0.00024799  0.78D-04  0.37D-04    72.59
   10     1     1     1.10133246    -0.40244279  -472.05761538     0.00000000    -0.00000001  0.77D-09  0.10D-08    78.66
   10     2     2     1.17985809    -0.37285022  -471.60730657    -0.00029610    -0.00006060  0.32D-04  0.83D-05    78.66
   11     1     1     1.10133246    -0.40244279  -472.05761538    -0.00000000    -0.00000001  0.77D-09  0.10D-08    84.72
   11     2     2     1.22869069    -0.37306429  -471.60752064    -0.00021407    -0.00008632  0.31D-04  0.12D-04    84.72
   12     1     1     1.10133246    -0.40244279  -472.05761538    -0.00000000    -0.00000001  0.77D-09  0.10D-08    90.78
   12     2     2     1.23580844    -0.37315843  -471.60761478    -0.00009414    -0.00002105  0.14D-04  0.27D-05    90.78
   13     1     1     1.10133246    -0.40244279  -472.05761538     0.00000000    -0.00000001  0.77D-09  0.10D-08    96.84
   13     2     2     1.24185527    -0.37318738  -471.60764373    -0.00002895    -0.00001139  0.10D-04  0.15D-05    96.84
   14     1     1     1.10133246    -0.40244279  -472.05761538    -0.00000000    -0.00000001  0.77D-09  0.10D-08   102.90
   14     2     2     1.27519388    -0.37324554  -471.60770188    -0.00005815    -0.00003849  0.16D-04  0.62D-05   102.90
   15     1     1     1.10133246    -0.40244279  -472.05761538    -0.00000000    -0.00000001  0.77D-09  0.10D-08   108.95
   15     2     2     1.28674090    -0.37329560  -471.60775194    -0.00005006    -0.00001449  0.69D-05  0.20D-05   108.95
   16     1     1     1.10133245    -0.40244279  -472.05761538     0.00000000    -0.00000001  0.77D-09  0.10D-08   115.01
   16     2     2     1.31726809    -0.37333869  -471.60779503    -0.00004309    -0.00002054  0.70D-05  0.29D-05   115.01
   17     1     1     1.10133246    -0.40244279  -472.05761538    -0.00000000    -0.00000001  0.77D-09  0.10D-08   121.06
   17     2     2     1.32326280    -0.37336164  -471.60781799    -0.00002295    -0.00000642  0.38D-05  0.77D-06   121.06
   18     1     1     1.10133245    -0.40244279  -472.05761538    -0.00000000    -0.00000001  0.77D-09  0.10D-08   127.14
   18     2     2     1.32825072    -0.37337025  -471.60782659    -0.00000860    -0.00000307  0.24D-05  0.43D-06   127.14
   19     1     1     1.10133245    -0.40244279  -472.05761538     0.00000000    -0.00000001  0.77D-09  0.10D-08   133.25
   19     2     2     1.34241179    -0.37338046  -471.60783680    -0.00001021    -0.00000738  0.40D-05  0.11D-05   133.25
   20     1     1     1.10133245    -0.40244279  -472.05761538    -0.00000000    -0.00000001  0.77D-09  0.10D-08   139.38
   20     2     2     1.35032042    -0.37339127  -471.60784762    -0.00001081    -0.00000388  0.18D-05  0.53D-06   139.38
   21     1     1     1.10133245    -0.40244279  -472.05761538    -0.00000000    -0.00000001  0.77D-09  0.10D-08   145.50
   21     2     2     1.36750796    -0.37340209  -471.60785843    -0.00001082    -0.00000570  0.21D-05  0.79D-06   145.50
   22     1     1     1.10133245    -0.40244279  -472.05761538    -0.00000000    -0.00000001  0.77D-09  0.10D-08   151.58
   22     2     2     1.37167015    -0.37340866  -471.60786500    -0.00000657    -0.00000209  0.12D-05  0.23D-06   151.58
   23     1     1     1.10133245    -0.40244279  -472.05761538    -0.00000000    -0.00000001  0.77D-09  0.10D-08   157.63
   23     2     2     1.37501870    -0.37341142  -471.60786776    -0.00000276    -0.00000101  0.72D-06  0.14D-06   157.63
   24     1     1     1.10133245    -0.40244279  -472.05761538     0.00000000    -0.00000001  0.77D-09  0.10D-08   163.63
   24     2     2     1.38228281    -0.37341428  -471.60787063    -0.00000287    -0.00000209  0.12D-05  0.29D-06   163.63
   25     1     1     1.10133245    -0.40244279  -472.05761538    -0.00000000    -0.00000001  0.77D-09  0.10D-08   169.63
   25     2     2     1.38709992    -0.37341732  -471.60787367    -0.00000304    -0.00000112  0.49D-06  0.16D-06   169.63
   26     1     1     1.10133245    -0.40244279  -472.05761538     0.00000000    -0.00000001  0.77D-09  0.10D-08   175.66
   26     2     2     1.39640412    -0.37342039  -471.60787674    -0.00000307    -0.00000174  0.64D-06  0.23D-06   175.66
   27     1     1     1.10133245    -0.40244279  -472.05761538    -0.00000000    -0.00000001  0.77D-09  0.10D-08   181.75
   27     2     2     1.39919470    -0.37342245  -471.60787879    -0.00000206    -0.00000071  0.42D-06  0.74D-07   181.75
   28     1     1     1.10133245    -0.40244279  -472.05761538     0.00000000    -0.00000001  0.77D-09  0.10D-08   187.83
   28     2     2     1.40140706    -0.37342338  -471.60787972    -0.00000093    -0.00000037  0.23D-06  0.51D-07   187.83
   29     1     1     1.10133245    -0.40244279  -472.05761538    -0.00000000    -0.00000001  0.77D-09  0.10D-08   193.88
   29     2     2     1.40543832    -0.37342431  -471.60788065    -0.00000093    -0.00000064  0.40D-06  0.83D-07   193.88
   30     1     1     1.10133245    -0.40244279  -472.05761538    -0.00000000    -0.00000001  0.77D-09  0.10D-08   199.93
   30     2     2     1.40827458    -0.37342522  -471.60788157    -0.00000092    -0.00000036  0.16D-06  0.54D-07   199.93
   31     1     1     1.10133245    -0.40244279  -472.05761538     0.00000000    -0.00000001  0.77D-09  0.10D-08   206.05
   31     2     2     1.41361355    -0.37342622  -471.60788256    -0.00000100    -0.00000056  0.21D-06  0.74D-07   206.05
   32     1     1     1.10133246    -0.40244279  -472.05761538    -0.00000000    -0.00000001  0.77D-09  0.10D-08   212.11
   32     2     2     1.41538146    -0.37342689  -471.60788323    -0.00000067    -0.00000025  0.15D-06  0.26D-07   212.11
   33     1     1     1.10133246    -0.40244279  -472.05761538     0.00000000    -0.00000001  0.77D-09  0.10D-08   218.16
   33     2     2     1.41678136    -0.37342722  -471.60788356    -0.00000033    -0.00000014  0.82D-07  0.19D-07   218.16
   34     1     1     1.10133246    -0.40244279  -472.05761538     0.00000000    -0.00000001  0.77D-09  0.10D-08   224.22
   34     2     2     1.41907512    -0.37342754  -471.60788389    -0.00000032    -0.00000021  0.13D-06  0.27D-07   224.22
   35     1     1     1.10133246    -0.40244279  -472.05761538    -0.00000000    -0.00000001  0.77D-09  0.10D-08   230.30
   35     2     2     1.42071067    -0.37342784  -471.60788418    -0.00000030    -0.00000013  0.55D-07  0.20D-07   230.30
   36     1     1     1.10133246    -0.40244279  -472.05761538    -0.00000000    -0.00000001  0.77D-09  0.10D-08   236.37
   36     2     2     1.42372968    -0.37342818  -471.60788452    -0.00000034    -0.00000018  0.66D-07  0.26D-07   236.37
   37     1     1     1.10133246    -0.40244279  -472.05761538     0.00000000    -0.00000001  0.77D-09  0.10D-08   242.42
   37     2     2     1.42484627    -0.37342840  -471.60788475    -0.00000023    -0.00000009  0.54D-07  0.95D-08   242.42
   38     1     1     1.10133246    -0.40244279  -472.05761538    -0.00000000    -0.00000001  0.77D-09  0.10D-08   248.44
   38     2     2     1.42575602    -0.37342853  -471.60788487    -0.00000012    -0.00000005  0.29D-07  0.73D-08   248.44
   39     1     1     1.10133246    -0.40244279  -472.05761538    -0.00000000    -0.00000001  0.77D-09  0.10D-08   254.54
   39     2     2     1.42709901    -0.37342864  -471.60788499    -0.00000012    -0.00000007  0.44D-07  0.94D-08   254.54
   40     1     1     1.10133246    -0.40244279  -472.05761538     0.00000000    -0.00000001  0.77D-09  0.10D-08   260.58
   40     2     2     1.42808676    -0.37342875  -471.60788509    -0.00000010    -0.00000005  0.21D-07  0.72D-08   260.58
   41     1     1     1.10133246    -0.40244279  -472.05761538    -0.00000000    -0.00000001  0.77D-09  0.10D-08   266.61
   41     2     2     1.42987153    -0.37342887  -471.60788521    -0.00000012    -0.00000006  0.23D-07  0.94D-08   266.61
   42     1     1     1.10133246    -0.40244279  -472.05761538    -0.00000000    -0.00000001  0.77D-09  0.10D-08   272.66
   42     2     2     1.43057927    -0.37342895  -471.60788530    -0.00000008    -0.00000003  0.20D-07  0.36D-08   272.66
   43     1     1     1.10133246    -0.40244279  -472.05761538     0.00000000    -0.00000001  0.77D-09  0.10D-08   278.77
   43     2     2     1.43115410    -0.37342900  -471.60788534    -0.00000005    -0.00000002  0.11D-07  0.28D-08   278.77
   44     1     1     1.10133246    -0.40244279  -472.05761538    -0.00000000    -0.00000001  0.77D-09  0.10D-08   284.79
   44     2     2     1.43195502    -0.37342904  -471.60788539    -0.00000004    -0.00000003  0.16D-07  0.34D-08   284.79
   45     1     1     1.10133246    -0.40244279  -472.05761538     0.00000000    -0.00000001  0.77D-09  0.10D-08   290.84
   45     2     2     1.43255602    -0.37342908  -471.60788542    -0.00000004    -0.00000002  0.83D-08  0.27D-08   290.84
   46     1     1     1.10133246    -0.40244279  -472.05761538     0.00000000    -0.00000001  0.77D-09  0.10D-08   296.90
   46     2     2     1.43362087    -0.37342912  -471.60788547    -0.00000004    -0.00000002  0.81D-08  0.35D-08   296.90
   47     1     1     1.10133246    -0.40244279  -472.05761538    -0.00000000    -0.00000001  0.77D-09  0.10D-08   303.01
   47     2     2     1.43407555    -0.37342915  -471.60788550    -0.00000003    -0.00000001  0.80D-08  0.14D-08   303.01


 =====================================
 Analysis of CPU times by interactions
 =====================================

       I      S      P

 I   0.0%
 S   0.0%   0.8%
 P   0.3%   3.1%  48.5%

 Initialization:   0.0%
 Other:           47.2%

 Total CPU:      303.0 seconds
 =====================================



 Wavefunction saved on  5000.2

 Reference coefficients greater than 0.0500000
 =============================================
 22202/2\           0.9457813  -0.0000001
 2220/22\          -0.0676343   0.5782315
 22202/\2          -0.0676343  -0.5782314
 22//2\2\          -0.0000000   0.1540486

 Coefficients of singly external configurations greater than 0.0500000
 =====================================================================

 22202\20   4.3     0.0157470   0.3055367
 2220202\   4.2     0.0157470  -0.3055344
 2220202\   6.2     0.0026769  -0.0834693
 22202\20   6.3     0.0026768   0.0834692
 22202\20   5.3    -0.0097685   0.0566307
 2220202\   5.2    -0.0097685  -0.0566279
 22202\20   7.3    -0.0304618  -0.0546087
 2220202\   7.2    -0.0304618   0.0546067

 Coefficients of fixed reference functions:
 ==========================================

 State      Coefficients
   1         0.951641    0.000000
   2        -0.000000    0.834847

 Coefficients of rotated reference functions:
 ============================================

 State      Coefficients
   1         0.951641   -0.000000
   2        -0.000000    0.834847



 RESULTS FOR STATE 1.4
 =====================

 Coefficient of reference function:   C(0) = 0.95164108 (fixed)   0.95288564 (relaxed)   0.95164108 (rotated)

 Energy contributions of configuration classes

 CLASS          SQ.NORM        ECORR1        ECORR2
 +++++++++++++++++++++++++++++++++++++++++++++++++++
 Internals    0.00261731   -0.00000000   -0.00095390
 Singles      0.04274798   -0.09189980   -0.09880562
 Pairs        0.05884970   -0.31054299   -0.30268327
 Total        1.10421498   -0.40244279   -0.40244279
 +++++++++++++++++++++++++++++++++++++++++++++++++++


 Reference energy                    -471.65517259
 Nuclear energy                        67.73468300
 Kinetic energy                       477.45710869
 One electron energy                 -785.47981655
 Two electron energy                  245.68751818
 Virial quotient                       -0.98869114
 Correlation energy                    -0.40244279
 !MRCI STATE 1.4 Energy              -472.057615379845

 Properties without orbital relaxation:

 !MRCI STATE 1.4 Dipole moment          0.00000000     0.00000000     0.19847499
 Dipole moment /Debye                   0.00000000     0.00000000     0.50444006

 Cluster corrected energies          -472.09955595 (Davidson, fixed reference)
 Cluster corrected energies          -472.09839590 (Davidson, relaxed reference)
 Cluster corrected energies          -472.09955595 (Davidson, rotated reference)

 Cluster corrected energies          -472.09511019 (Pople, fixed reference)
 Cluster corrected energies          -472.09400166 (Pople, relaxed reference)
 Cluster corrected energies          -472.09511019 (Pople, rotated reference)


 Cluster corrections using rotated reference energy:

 Reference energy (rotated)          -471.65517259
 MRCI Correlation energy               -0.40244279

 Cluster corrected energies          -472.09839590 (Davidson, relaxed reference)
 Cluster corrected energies          -472.09955595 (Davidson, rotated reference)

 Cluster corrected energies          -472.09400166 (Pople, relaxed reference)
 Cluster corrected energies          -472.09511019 (Pople, rotated reference)




 RESULTS FOR STATE 2.4
 =====================

 Coefficient of reference function:   C(0) = 0.83484747 (fixed)   0.83505289 (relaxed)   0.83484747 (rotated)

 Energy contributions of configuration classes

 CLASS          SQ.NORM        ECORR1        ECORR2
 +++++++++++++++++++++++++++++++++++++++++++++++++++
 Internals    0.00049218   -0.00000000   -0.00012810
 Singles      0.35450980   -0.07119640   -0.14189832
 Pairs        0.07977939   -0.30223276   -0.23140274
 Total        1.43478137   -0.37342915   -0.37342915
 +++++++++++++++++++++++++++++++++++++++++++++++++++


 Reference energy                    -471.23445635
 Nuclear energy                        67.73468300
 Kinetic energy                       477.38878916
 One electron energy                 -782.66981896
 Two electron energy                  243.32725046
 Virial quotient                       -0.98789058
 Correlation energy                    -0.37342915
 !MRCI STATE 2.4 Energy              -471.607885499357

 Properties without orbital relaxation:

 !MRCI STATE 2.4 Dipole moment          0.00000000     0.00000000     0.81028049
 Dipole moment /Debye                   0.00000000     0.00000000     2.05939268

 Cluster corrected energies          -471.77024554 (Davidson, fixed reference)
 Cluster corrected energies          -471.76998197 (Davidson, relaxed reference)
 Cluster corrected energies          -471.77024554 (Davidson, rotated reference)

 Cluster corrected energies          -471.78940621 (Pople, fixed reference)
 Cluster corrected energies          -471.78902884 (Pople, relaxed reference)
 Cluster corrected energies          -471.78940621 (Pople, rotated reference)


 Cluster corrections using rotated reference energy:

 Reference energy (rotated)          -471.23445635
 MRCI Correlation energy               -0.37342915

 Cluster corrected energies          -471.76998197 (Davidson, relaxed reference)
 Cluster corrected energies          -471.77024554 (Davidson, rotated reference)

 Cluster corrected energies          -471.78902884 (Pople, relaxed reference)
 Cluster corrected energies          -471.78940621 (Pople, rotated reference)


 !MRCI trans          <2.4|DMZ|1.4>     0.000001684816 au =     0.000004282094 Debye


 **********************************************************************************************************************************
 DATASETS  * FILE   NREC   LENGTH (MB)   RECORD NAMES
              1      21      573.39       500      700      610      701      900      950      970     1000      129      960   
                                          VAR     GEOM    BASINP    GEOM    SYMINP    ZMAT    AOBASIS   BASIS     P2S    ABASIS    
                                         1100     1400     1410     1200     1210     1080     1600     1650     1300     1700   
                                           S        T        V       H0       H01     AOSYM     SMH    MOLCAS    ERIS     OPER   
                                         1380   
                                         JKOP   

              2      11       65.76       500      610      700     1000      520     2100     2140      701     2140(1)  6000   
                                          VAR    BASINP    GEOM     BASIS   MCVARS     RHF     MCSCF    GEOM     MCSCF    MRCI   
                                         5000   
                                         MRCI   

 PROGRAMS   *        TOTAL        CI        CI     MULTI       INT   RESTART
 CPU TIMES  *       716.20    303.19    369.34      7.88     35.70      0.01
 REAL TIME  *       745.37 SEC
 DISK USED  *         1.84 GB      
 **********************************************************************************************************************************


 PROGRAM * CI (Multireference internally contracted CI)     Authors: H.-J. Werner, P.J. Knowles, 1987


   ******************************
   *** Spin-orbit calculation ***
   ******************************


   Spin-orbit matrix elements
   ==========================

  
 Preparing effective Fock matrices
  
 Total X Y Z Fock matrices evaluated:     0    0    0
  
 ? Error
 ? Unknown operator:LS
 ? The problem occurs in Prpdrv
